07-29 11:51:33.042   543   543 I GRALLOC : 	 yuv=2,w=1080,h=2340,Stride u=0 v=0,offset u=0 v=0 
07-29 11:51:33.042   543   543 I GRALLOC : 	 iova_size=10399744,conUsg=0x900,proUsg=0x900,	 strd=1088,[afbc]HdrStrd=1088 PyldStrd=69632 Scrmbl=2,ionhnd = 1 
07-29 11:51:33.044 23343 13511 I HiSearch9.11.3.301: [LauncherOverlayService]: LAUNCHER_INTERACTION from launcher and invoke id = -111
07-29 11:51:33.044 23343 13511 I HiSearch9.11.3.301: [LauncherOverlayService]: isOverlayClosed = true
07-29 11:51:33.044 23343 13511 I HiSearch9.11.3.301: [LauncherOverlayService]: LAUNCHER_INTERACTION from launcher and invoke, overlay closed, return. 
07-29 11:51:33.044  1521  1540 I StatusBarDisable: setFlags what=0 which=1 pkg=Window{6ad8b95 u0 Splash Screen com.mml.topwho}
07-29 11:51:33.044  1521  1540 I chatty  : uid=1000(system) android.ui identical 1 line
07-29 11:51:33.044  1521  1540 I StatusBarDisable: setFlags what=0 which=1 pkg=Window{6ad8b95 u0 Splash Screen com.mml.topwho}
07-29 11:51:33.044  1521  1540 I StatusBarDisable: setFlags what=0 which=1 pkg=Window{a130d3b u0 com.huawei.android.launcher/com.huawei.android.launcher.unihome.UniHomeLauncher}
07-29 11:51:33.044  1854  1854 I ImageWallpaper: mDrawCompressBackground,Width=2340,Height=2340
07-29 11:51:33.044  1854  1854 D ImageWallpaper: start draw wallpaper:mDrawCompressBackground
07-29 11:51:33.044  1854  1854 D ImageWallpaper: Redrawing wallpaper
07-29 11:51:33.046  1854  1854 I iGraphics: [0030080c] opt app: 0
07-29 11:51:33.050  1854  1854 D mali_winsys: EGLint new_window_surface(egl_winsys_display *, void *, EGLSurface, EGLConfig, egl_winsys_surface **, EGLBoolean) returns 0x3000
07-29 11:51:33.044  1521  1540 I chatty  : uid=1000(system) android.ui identical 4 lines
07-29 11:51:33.054  1521  1540 I StatusBarDisable: setFlags what=0 which=1 pkg=Window{a130d3b u0 com.huawei.android.launcher/com.huawei.android.launcher.unihome.UniHomeLauncher}
07-29 11:51:33.056  1521  1551 D HwGameAssistantController: UPDATE: mCurFgPkg=com.huawei.android.launcher, mCurFgPid=2074, mCurIsGame=false
07-29 11:51:33.056  1521  4189 I chatty  : uid=1000(system) HwAPPQoEActivit expire 15 lines
07-29 11:51:33.057  1521  1537 W HwActivityManagerServiceEx: HwActivityNotifier end call for activityLifeState under user 0 cost 2
07-29 11:51:33.058  1997 22755 I OPCollectLog: AppChangeImpl: uid: 10062 pkg: com.huawei.android.launcher class: com.huawei.android.launcher.unihome.UniHomeLauncher
07-29 11:51:33.058   543   543 I GRALLOC : getCallingPid=581, shrFd=30,fmt=0x1,intFmt=0x200000001,btStrd=4352,size=10399744,pid=543 
07-29 11:51:33.058   543   543 I GRALLOC : 	 yuv=2,w=1080,h=2340,Stride u=0 v=0,offset u=0 v=0 
07-29 11:51:33.058   543   543 I GRALLOC : 	 iova_size=10399744,conUsg=0xb00,proUsg=0xb00,	 strd=1088,[afbc]HdrStrd=1088 PyldStrd=69632 Scrmbl=2,ionhnd = 1 
07-29 11:51:33.059  1997  2231 I OPCollectLog: HwForegroundAppAction:handleMessage 
07-29 11:51:33.060  1997  2231 I OPCollectLog: Action:HwForegroundAppAction executed successfully
07-29 11:51:33.065  2074  2074 D HwAppInnerBoostImpl: asyncReportData com.huawei.android.launcher,2,2,2,3 interval=869
07-29 11:51:33.068  1997  2233 I OPCollectLog: OdmfHelper:insert dsCollectEncrypt success 
07-29 11:51:33.073  8876  8900 I [HwRecSys]OdmfCollectScheduler: handleMessage msg: 6
07-29 11:51:33.074  8876  8900 I [HwRecSys]HwRecSysService:  cur pkg: com.huawei.android.launcher
07-29 11:51:33.089  2074  2074 V InputMethodManager: Reporting focus gain, without startInput
07-29 11:51:33.094   543   543 I GRALLOC : getCallingPid=581, shrFd=30,fmt=0x2,intFmt=0x200000002,btStrd=9472,size=22626304,pid=543 
07-29 11:51:33.094   543   543 I GRALLOC : 	 yuv=2,w=2340,h=2340,Stride u=0 v=0,offset u=0 v=0 
07-29 11:51:33.094   543   543 I GRALLOC : 	 iova_size=22626304,conUsg=0xb00,proUsg=0xb00,	 strd=2368,[afbc]HdrStrd=2368 PyldStrd=151552 Scrmbl=2,ionhnd = 1 
07-29 11:51:33.101  2074  2074 W HwLauncher: FolderIcon drawSelectedLabel bitmap null
07-29 11:51:33.103  2074  2074 W HwLauncher: FolderIcon drawSelectedLabel bitmap null
07-29 11:51:33.104  1854  1854 W libEGL  : EGLNativeWindowType 0x70022be010 disconnect failed
07-29 11:51:33.105  1854  1854 D ImageWallpaper: finish draw wallpaper:mDrawCompressBackground
07-29 11:51:33.105  1854  1854 D ImageWallpaper: onVisibilityChanged: mVisible, visible=false, true
07-29 11:51:33.105  1854  1854 D ImageWallpaper: Visibility changed to visible=true
07-29 11:51:33.106  1854  1854 D ImageWallpaper: Suppressed drawFrame since redraw is not needed and offsets have not changed.sf=Rect(0, 0 - 2340, 2340),redrawNeeded=false,mOffsetsChanged=false
07-29 11:51:33.106  1854  1854 I HwNavigationBarView: updateAssistantButtonInGuestureMode(), vis=true,isGestureNavEnable=true
07-29 11:51:33.107  1854  1854 D BarTransitions.HwPhoneStatusBarView: MODE_TRANSPARENT -> MODE_TRANSLUCENT animate=false
07-29 11:51:33.107  1854  1854 D BarTransitions.HwPhoneStatusBarView: applyModeBackground oldMode=MODE_TRANSPARENT newMode=MODE_TRANSLUCENT animate=false
07-29 11:51:33.107  1854  1854 D BarTransitions.HwNavigationBarView: MODE_TRANSPARENT -> MODE_TRANSLUCENT animate=false
07-29 11:51:33.107  1854  1854 D BarTransitions.HwNavigationBarView: applyModeBackground oldMode=MODE_TRANSPARENT newMode=MODE_TRANSLUCENT animate=false
07-29 11:51:33.142  1854 26617 D WallpaperManager: getDefaultWallpaper in decodeStream cost time: 133ms
07-29 11:51:33.160  1854 26617 D WallpaperManager: getDefaultWallpaper in scaleWallpaperBitmapToScreenSize cost time: 18ms
07-29 11:51:33.161  1854 26617 D HwWallpaperManager: Parse offsets:-1,-1,-1,-1
07-29 11:51:33.162  1521  2243 I HwWallpaperService: setCurrOffsets:630,0,0,630
07-29 11:51:33.162  1854 26617 D WallpaperManager: getDefaultWallpaper createDefaultWallpaperBitmap cost time: 2ms
07-29 11:51:33.162  1854 26617 D WallpaperManager: getBitmapAsUser cost time: 155ms
07-29 11:51:33.170  1521  2243 I HwWallpaperService: getCurrOffsets(0):-1,0,0,-1
07-29 11:51:33.179  1854  1854 D ImageWallpaper: start draw wallpaper:mBackground
07-29 11:51:33.179  1854  1854 D ImageWallpaper: Redrawing wallpaper
07-29 11:51:33.180  1854  1854 I iGraphics: [0030080c] opt app: 0
07-29 11:51:33.182  1854  1854 D mali_winsys: EGLint new_window_surface(egl_winsys_display *, void *, EGLSurface, EGLConfig, egl_winsys_surface **, EGLBoolean) returns 0x3000
07-29 11:51:33.206   543   543 I GRALLOC : getCallingPid=581, shrFd=30,fmt=0x2,intFmt=0x200000002,btStrd=9472,size=22626304,pid=543 
07-29 11:51:33.206   543   543 I GRALLOC : 	 yuv=2,w=2340,h=2340,Stride u=0 v=0,offset u=0 v=0 
07-29 11:51:33.206   543   543 I GRALLOC : 	 iova_size=22626304,conUsg=0xb00,proUsg=0xb00,	 strd=2368,[afbc]HdrStrd=2368 PyldStrd=151552 Scrmbl=2,ionhnd = 1 
07-29 11:51:33.215  1854  1854 W libEGL  : EGLNativeWindowType 0x70022be010 disconnect failed
07-29 11:51:33.215  1854  1854 D ImageWallpaper: finish draw wallpaper:mBackground
07-29 11:51:33.233   581   581 E HWComposer: presentAndGetReleaseFences: present failed for display 0: NotValidated (7)
07-29 11:51:33.276  1521  1530 I chatty  : uid=1000(system) HeapTaskDaemon expire 2 lines
07-29 11:51:33.283  1521  1528 I chatty  : uid=1000(system) FinalizerDaemon expire 9 lines
07-29 11:51:33.463   552 21714 I audio_hw_primary: usb_ext_get_parameters: check show hires (false)
07-29 11:51:33.463   579   579 I hash_map_utils: key: 'typec_need_show_hires' value: ''
07-29 11:51:33.463  1521  1733 I HwAudioServiceEx: check HiRes Icon false
07-29 11:51:33.465  1854  1854 D StatusBarIconController: setIconVisibility icon is null or visibility not change visibility=false
07-29 11:51:33.506  1521  1521 I HwNormalizedSpline: NewCurveMode eye mode=EyeProtectionMode
07-29 11:51:33.577  2074  2274 W OpenGLRenderer: Incorrectly called buildLayer on View: ShortcutAndWidgetContainer, destroying layer...
07-29 11:51:33.577  2074  2274 W OpenGLRenderer: Incorrectly called buildLayer on View: ShortcutAndWidgetContainer, destroying layer...
07-29 11:51:33.590  1521  2243 I chatty  : uid=1000(system) Binder:1521_9 expire 11 lines
07-29 11:51:33.963  1521  1539 V ActivityManager: startProcess: name=com.mml.topwho app=null knownToBeDead=true thread=null pid=-1
07-29 11:51:33.975  1521  1542 I ActivityManager: Start proc 26625:com.mml.topwho/u0a220 for service com.mml.topwho/.service.FloatWindowService
07-29 11:51:33.976  1521  1931 E ProcessInfoCollector: getProcessInfo: failed to find this proc 
07-29 11:51:33.979 26625 26625 I com.mml.topwho: Late-enabling -Xcheck:jni
07-29 11:51:34.003 26625 26625 I com.mml.topwho: Reinit property: dalvik.vm.checkjni= false
07-29 11:51:34.013 26625 26625 D ZrHung.AppEyeUiProbe: AppEyeUIP created.
07-29 11:51:34.017 26625 26625 D ActivityThread: Attach thread to application
07-29 11:51:34.019 26625 26632 E com.mml.topwho: Failed to send DDMS packet REAQ to debugger (-1 of 20): Broken pipe
07-29 11:51:34.021  1521  2243 I ActivityManager: App 10220/com.mml.topwho targets O+, restricted
07-29 11:51:34.021  1521  2243 W ActivityManager: Stopping service due to app idle: u0a220 -1s138ms com.mml.topwho/.service.FloatWindowService
07-29 11:51:34.049 26625 26640 I HwApiCacheMangerEx: apicache path=/storage/emulated/0 state=mounted key=com.mml.topwho#10220#256
07-29 11:51:34.051 26625 26640 I HwApiCacheMangerEx: apicache path=/storage/emulated/0 state=mounted key=com.mml.topwho#10220#0
07-29 11:51:34.142  1997  2202 D HwInnerWifiManagerImpl: SupplicantState = COMPLETED
07-29 11:51:34.142  1997  2202 D HwInnerWifiManagerImpl: isPhoneAP = false
07-29 11:51:34.143  1997  2202 W DoneDirFilePackUtil: failed to parse the file name to integer, file is: temp
07-29 11:51:34.143  1997  2202 W DoneDirFilePackUtil: failed to parse the file name to integer, file is: uploading
07-29 11:51:34.144  1997  2202 W DoneDirFilePackUtil: collectAllFilesInDoneDir NumberFormatException
07-29 11:51:34.144  1997  2202 I chatty  : uid=1000(system) UploadAgent identical 3 lines
07-29 11:51:34.326 26625 26625 W com.mml.topwho: JIT profile information will not be recorded: profile file does not exits.
07-29 11:51:34.331 26625 26625 I chatty  : uid=10220(com.mml.topwho) identical 10 lines
07-29 11:51:34.332 26625 26625 W com.mml.topwho: JIT profile information will not be recorded: profile file does not exits.
07-29 11:51:34.359 26625 26625 I InstantRun: starting instant run server: is main process
07-29 11:51:34.361 26625 26640 I AwareBitmapCacher: init processName:com.mml.topwho pid=26625 uid=10220
07-29 11:51:34.363 26625 26642 E AwareLog: AtomicFileUtils: readFileLines file not exist: android.util.AtomicFile@de23ca0
07-29 11:51:34.364 26625 26640 E MemoryLeakMonitorManager: MemoryLeakMonitor.jar is not exist!
07-29 11:51:34.365 26625 26625 I ActivityThread: handleStopService: token=android.os.BinderProxy@b8cc059 not found.
07-29 11:51:34.374 26625 26625 I FloatWindowService: onCreate
07-29 11:51:34.375 26625 26625 I FloatWindowService: onDestroy
07-29 11:51:34.376  1521  2243 W ActivityManager_service: Service done with onDestroy, but executeNesting=2: ServiceRecord{686537c u0 com.mml.topwho/.service.FloatWindowService}
07-29 11:51:34.376  1521  2243 W ActivityManager: Service done with onDestroy, but executeNesting=2: ServiceRecord{686537c u0 com.mml.topwho/.service.FloatWindowService}
07-29 11:51:34.664   720   750 I storaged: storaged_t::event: storage_info refreshed.
07-29 11:51:34.828  1997  2173 I chatty  : uid=1000(system) HwWifiStatStore expire 8 lines
07-29 11:51:34.833  1940  2076 I DeepNoDisturbP: handleStateChanged reason=8
07-29 11:51:34.833  1940  2076 I HidataAppQoeP: handleStateChanged reason=8
07-29 11:51:34.836  1940  2076 I BrowserChrP: handleStateChanged
07-29 11:51:35.267   721   721 E Thermal-daemon: [pa_0] temp_new :35  temp_old :34
07-29 11:51:35.267  2037  2054 I ThermalService: Receive temperature change, type: 1, temp: 35 from thermald
07-29 11:51:35.268   721   721 E Thermal-daemon: Report temperature: [pa_0] temp :35  report_threshold:1
07-29 11:51:35.268   721   721 E Thermal-daemon: [ap] temp_new :36  temp_old :35
07-29 11:51:35.269  2037  2054 I ThermalService: Receive temperature change, type: 0, temp: 36 from thermald
07-29 11:51:35.269   721   721 E Thermal-daemon: Report temperature: [ap] temp :36  report_threshold:1
07-29 11:51:35.370   726  9473 I Pged-IPgedBinderService: ****action is 2, pid num is 6***
07-29 11:51:35.371   726  9473 I Pged-Freezer: thawPids
07-29 11:51:35.383  2037  2290 D PgedBinderAdapter: unfrz ok, pid: [25759, 26362, 25981, 21552, 24984]
07-29 11:51:35.520   574   574 E WifiHAL : enter wifi_get_link_stats
07-29 11:51:35.929  1521  1796 E TaskPersister: File error accessing recents directory (directory doesn't exist?).
07-29 11:51:37.778   658   658 I aptouch_daemon: check_afe_status, idle out.
07-29 11:51:37.795   658   658 I aptouch_daemon: print_log, touch:1, down:1 (+0)
07-29 11:51:37.886   658   658 I aptouch_daemon: print_log, touch:0, down:0 
07-29 11:51:37.889  2074  2074 D HwAppInnerBoostImpl: asyncReportData com.huawei.android.launcher,2,1,1,0 interval=89
07-29 11:51:37.889  2074  2074 V AudioManager: playSoundEffect   effectType: 0
07-29 11:51:37.889  2074  2074 V AudioManager: querySoundEffectsEnabled...
07-29 11:51:37.896  1521  7829 I ActivityManager: START u0 {act=android.intent.action.MAIN cat=[android.intent.category.LAUNCHER] flg=0x10200000 cmp=com.mml.topwho/.MainActivity bnds=[12,709][276,1017]} from uid 10062
07-29 11:51:37.897  1521  7829 I ActivityManager: ActivityRecord info: ActivityInfo{aaf98a0 com.mml.topwho.MainActivity}
07-29 11:51:37.899  2037  2298 I hibernation: front pkg : com.mml.topwho launcher: false
07-29 11:51:37.899  2037  2298 I hibernation: above launcher front pkgs: [com.mml.topwho]
07-29 11:51:37.905  1521  7829 V WindowManager: addAppToken: AppWindowToken{3bef9b9 token=Token{abdff80 ActivityRecord{677f403 u0 com.mml.topwho/.MainActivity t2089}}} controller={TaskWindowContainerController taskId=2089} at 2147483647
07-29 11:51:37.907   581   691 D         : doWinFrameOptStatusRecog begin to recog Layer result=2
07-29 11:51:37.907  3477 25764 W ContentSensor_FrameworkRegistry: ActivityNotifier unknown state
07-29 11:51:37.908 10919 10935 W HwVAssistant FrameworkRegistry: get unknown state=showStartingWindow
07-29 11:51:37.908  1521  1537 W HwActivityManagerServiceEx: HwActivityNotifier end call for activityLifeState under user 0 cost 1
07-29 11:51:37.911  1521  1540 I StatusBarDisable: setFlags what=0 which=1 pkg=Window{a130d3b u0 com.huawei.android.launcher/com.huawei.android.launcher.unihome.UniHomeLauncher}
07-29 11:51:37.916  2074  2074 I ViewRootImpl: jank_removeInvalidNode all the node in jank list is out of time
07-29 11:51:37.918 23343 13511 I HiSearch9.11.3.301: [LauncherOverlayService]: LAUNCHER_INTERACTION from launcher and invoke id = -222
07-29 11:51:37.918 23343 13511 I HiSearch9.11.3.301: [LauncherOverlayService]: isOverlayClosed = true
07-29 11:51:37.918 23343 13511 I HiSearch9.11.3.301: [LauncherOverlayService]: LAUNCHER_INTERACTION from launcher and invoke, overlay closed, return. 
07-29 11:51:37.918  2074  2074 D ZrHung.AppEyeUiProbe: stop checker.
07-29 11:51:37.919  2037  2054 I PGServer: android calls fast hibernateApps
07-29 11:51:37.919  2037  2054 I AppFastHibernation: fast hibernate duration: 3000 reason: start activity
07-29 11:51:37.920   726  9473 I Pged-IPgedBinderService: ****action is 1, pid num is 6***
07-29 11:51:37.920   726  9473 I Pged-Freezer: freezePids
07-29 11:51:37.920   726  9473 I Pged-Freezer: Freeze process: 25759
07-29 11:51:37.921  2074 26649 D MotionDetectionManager: stopMotionAppsReco motionApps: 403
07-29 11:51:37.921  2074 26649 D MotionDetectionManager: stopMotionAppsReco not recognition motionApps 403
07-29 11:51:37.921  2074 26649 W HwLauncher: Launcher.MotionManager stopMotionAppsReco service flg 403 is unavailable
07-29 11:51:37.921   726  9473 I Pged-Freezer: Freeze process: 26362
07-29 11:51:37.921   726  9473 I Pged-Freezer: Freeze process: 25981
07-29 11:51:37.922   726  9473 I Pged-Freezer: Freeze process: 21552
07-29 11:51:37.923   736   927 E JankService: specialActionEntryHandler: should reset and not report
07-29 11:51:37.923  1521  1651 V WindowManager: addWindow: Window{234c329 u0 Splash Screen com.mml.topwho}
07-29 11:51:37.923   736   927 E JankService: specialActionEntryHandler: should reset and not report
07-29 11:51:37.925   726  9473 I Pged-Freezer: Freeze process: 24984
07-29 11:51:37.929  2037  2290 D PgedBinderAdapter: frz ok, pid: [25759, 26362, 25981, 21552, 24984]
07-29 11:51:37.932  1521 26650 D PackageManager: resolve intent for uid:1000, matchs:2, res:ResolveInfo{a93fdc com.huawei.android.launcher/.unihome.UniHomeLauncher m=0x108000}
07-29 11:51:37.933  1521 26650 I chatty  : uid=1000 system_server expire 1 line
07-29 11:51:37.934  1521  1540 I StatusBarDisable: setFlags what=0 which=1 pkg=Window{a130d3b u0 com.huawei.android.launcher/com.huawei.android.launcher.unihome.UniHomeLauncher}
07-29 11:51:37.949  1521  7829 V ActivityManager: Making visible and scheduling visibility: ActivityRecord{677f403 u0 com.mml.topwho/.MainActivity t2089}
07-29 11:51:37.950  1521  7829 D HwPhoneWindowManager: sensorRotation = -1 lastRotation:0
07-29 11:51:37.950   543   543 I GRALLOC : getCallingPid=581, shrFd=30,fmt=0x1,intFmt=0x1,btStrd=4352,size=10186752,pid=543 
07-29 11:51:37.950   543   543 I GRALLOC : 	 yuv=2,w=1080,h=2340,Stride u=0 v=0,offset u=0 v=0 
07-29 11:51:37.950   543   543 I GRALLOC : 	 iova_size=10186752,conUsg=0x906,proUsg=0x966,	 strd=1088,[afbc]HdrStrd=0 PyldStrd=0 Scrmbl=0,ionhnd = 1 
07-29 11:51:37.952  2037  2298 I AppFastHibernation: rev freeze exception for visible pkg: com.mml.topwho
07-29 11:51:37.956  1854  1854 D StatusBarIconController: setIconVisibility icon is null or visibility not change visibility=false
07-29 11:51:37.956  1854  1854 D StatusBarIconController: setIconVisibility icon is null or visibility not change visibility=false
07-29 11:51:37.957 26625 26625 W ActivityThread: handleWindowVisibility: no activity for token android.os.BinderProxy@a3e82cc
07-29 11:51:37.959  2037  2934 E AwareLog: SPKSchedFeature: Uid has been sent, ignore.
07-29 11:51:37.959  2037  2934 E AwareLog: SPKEQSchedFeature: Uid has been sent, ignore.
07-29 11:51:37.962  1521  7829 W HwActivityManagerServiceEx: appSwitch from: com.huawei.android.launcher to: com.mml.topwho
07-29 11:51:37.962  1521  1537 W HwActivityManagerServiceEx: HwActivityNotifier end call for appSwitch under user 0 cost 0
07-29 11:51:37.963  1521  7829 I chatty  : uid=1000(system) Binder:1521_14 expire 2 lines
07-29 11:51:37.964  2037  2153 D ScenarioService: front pkg : com.mml.topwho launcher: false
07-29 11:51:37.964  2037  2153 D ScenarioService: new above launcher front pkgs: [com.mml.topwho]
07-29 11:51:37.964  2037  2153 I AppManager: handleAppFrontEvent: com.mml.topwho
07-29 11:51:37.964  2037  2153 I AppsUsage: scnOff:false FgAPP:com.mml.topwho BgAPP:com.huawei.android.launcher
07-29 11:51:37.967 26625 26625 D ZrHung.AppEyeUiProbe: notify runnable to start.
07-29 11:51:37.968 26625 26652 D ZrHung.AppEyeUiProbe: Runnable thread started.
07-29 11:51:37.968  1521  7829 V WindowManager: Checking 1 opening apps (frozen=false timeout=false), Track: activitypause performsurface
07-29 11:51:37.968  1521  7829 V WindowManager: Check opening app=AppWindowToken{3bef9b9 token=Token{abdff80 ActivityRecord{677f403 u0 com.mml.topwho/.MainActivity t2089}}}: allDrawn=false startingDisplayed=true startingMoved=false isRelaunching()=false startingWindow=Window{234c329 u0 Splash Screen com.mml.topwho}
07-29 11:51:37.968  1521  7829 I WindowManager: closing apps count = 1
07-29 11:51:37.969  2037  2428 I PGServer: report state:10010 event type:2 pid:0 uid:0 pkg:com.huawei.android.launcher to pid: 2037
07-29 11:51:37.973   581   691 D         : doWinFrameOptStatusRecog begin to recog Layer result=2
07-29 11:51:37.974 26625 26625 V ActivityThread: Skipping new config:{1.0 ?mcc?mnc [zh_CN_#Hans] ldltr sw360dp w360dp h753dp 480dpi nrml long port finger -keyb/v/h -nav/h winConfig={ mBounds=Rect(0, 0 - 0, 0) mAppBounds=Rect(0, 81 - 1080, 2340) mWindowingMode=fullscreen mActivityType=undefined} nonFullScreen=0 suim:1 s.7}, config:{1.0 ?mcc?mnc [zh_CN_#Hans] ldltr sw360dp w360dp h753dp 480dpi nrml long port finger -keyb/v/h -nav/h winConfig={ mBounds=Rect(0, 0 - 0, 0) mAppBounds=Rect(0, 81 - 1080, 2340) mWindowingMode=fullscreen mActivityType=undefined} nonFullScreen=0 suim:1 s.7} for app:com.mml.topwho
07-29 11:51:37.974  2037  2428 I SceneReceiver: state type: 10010 eventType:2 pid:0 uid:0 pkg:com.huawei.android.launcher
07-29 11:51:37.974  2037  2428 I PGServer: report state:10010 event type:2 pid:0 uid:0 pkg:com.huawei.android.launcher to pid: 1521
07-29 11:51:37.974  2037  2428 I PGServer: report state:10000 event type:1 pid:0 uid:0 pkg:com.mml.topwho to pid: 2037
07-29 11:51:37.980  2037  2428 I SceneReceiver: state type: 10000 eventType:1 pid:0 uid:0 pkg:com.mml.topwho
07-29 11:51:37.980  2037  2933 D HwThermalStateManager: current foreapp pkg : com.mml.topwho
07-29 11:51:37.980  2037  2428 I PGServer: report state:10000 event type:1 pid:0 uid:0 pkg:com.mml.topwho to pid: 1521
07-29 11:51:37.981  2037  2054 I PGServer: checkPkgType. calling pkg: android
07-29 11:51:37.982  1521  1537 W HwActivityManagerServiceEx: HwActivityNotifier end call for activityLifeState under user 0 cost 1
07-29 11:51:37.984  1521  1991 I HwNetworkPolicy: onTransact, code = 203
07-29 11:51:37.984  2092  2504 I HwNetworkPolicyManager: getHwUidPolicy uid = 10220 policy = 0
07-29 11:51:37.985  1854  1854 I HwNavigationBarView: updateAssistantButtonInGuestureMode(), vis=true,isGestureNavEnable=true
07-29 11:51:37.988  1940 12315 I BoosterSwitchP: notifyUidState do nothing
07-29 11:51:37.988  1940 12315 I DeepNoDisturbP: notifyUidState
07-29 11:51:37.988  1940 12315 I HidataAppQoeP: notifyUidState
07-29 11:51:37.988  1940 12315 I BrowserChrP: notifyUidState
07-29 11:51:37.989  1521  1540 I StatusBarDisable: setFlags what=0 which=1 pkg=Window{a130d3b u0 com.huawei.android.launcher/com.huawei.android.launcher.unihome.UniHomeLauncher}
07-29 11:51:37.989  2037  2990 E AwareLog: GameSdkConfigReader: GameSdkLog: idNameMap: null
07-29 11:51:37.993  1854  1854 D BarTransitions.HwPhoneStatusBarView: MODE_TRANSLUCENT -> MODE_TRANSPARENT animate=false
07-29 11:51:37.994  1854  1854 D BarTransitions.HwPhoneStatusBarView: applyModeBackground oldMode=MODE_TRANSLUCENT newMode=MODE_TRANSPARENT animate=false
07-29 11:51:37.994  1854  1854 D BarTransitions.HwNavigationBarView: MODE_TRANSLUCENT -> MODE_TRANSPARENT animate=false
07-29 11:51:37.994  1854  1854 D BarTransitions.HwNavigationBarView: applyModeBackground oldMode=MODE_TRANSLUCENT newMode=MODE_TRANSPARENT animate=false
07-29 11:51:37.994   704 20819 D iTouchService: itouch currentPackageName=com.mml.topwho
07-29 11:51:37.994   704 20819 D iTouchService: itouch appType=-1 appState=1 gameMode=1
07-29 11:51:37.995   704 20819 D iTouchService: itouch getCurrentParmID tempPkg=com.mml.xxx
07-29 11:51:37.995   704 20819 D iTouchService: itouch:app com.mml.topwho is  not game app
07-29 11:51:37.995   704 20819 D iTouchService: itouch:styluspen_switch is disable
07-29 11:51:37.995   704 20819 D iTouchService: itouch:currentAppTypeName =|UNKNOWN|
07-29 11:51:37.992  1521  1540 I StatusBarDisable: setFlags what=0 which=1 pkg=Window{a130d3b u0 com.huawei.android.launcher/com.huawei.android.launcher.unihome.UniHomeLauncher}
07-29 11:51:37.995  1521  2243 I HwAudioService: now type = -1,reportForegroundAppType = -1,pkg = null,systemload = -1mVoipOptimizeInGameModetrue
07-29 11:51:37.995   579   579 I AudioFlinger: setParameters(): io 0, keyvalue game_mode=off, calling pid 1521 calling uid 1000
07-29 11:51:37.995   579   579 D stereoWidening_frame: SWS set game flag false
07-29 11:51:37.996  1521  1540 I StatusBarDisable: setFlags what=0 which=1 pkg=Window{234c329 u0 Splash Screen com.mml.topwho}
07-29 11:51:37.996   552 21714 I audio_hw_primary: soundtrigger_set_enforce voice_wake value 
07-29 11:51:37.996   552 21714 D baidu_asr_interface: asr_baidu_set_parameters_data-not baidu asr
07-29 11:51:37.996   552 21714 I audio_hw_primary: update stream types 0
07-29 11:51:37.996   552 21714 I audio_cust_utils: setparam_list_search:find item game_mode=off.
07-29 11:51:37.996   552 21714 I audio_custom: game mode exit.
07-29 11:51:37.996   552 21714 I dsp_soc : set primary algo bypass 0 succ
07-29 11:51:38.041 26625 26625 V HwPolicyFactory: : success to get AllImpl object and return....
07-29 11:51:37.997  1521  1540 I StatusBarDisable: setFlags what=0 which=1 pkg=Window{234c329 u0 Splash Screen com.mml.topwho}
07-29 11:51:38.046 26625 26625 V ActivityThread: callActivityOnCreate
07-29 11:51:38.051 26625 26625 W com.mml.topwho: Accessing hidden method Landroid/graphics/drawable/Drawable;->getOpticalInsets()Landroid/graphics/Insets; (light greylist, linking)
07-29 11:51:38.051 26625 26625 W com.mml.topwho: Accessing hidden field Landroid/graphics/Insets;->left:I (light greylist, linking)
07-29 11:51:38.051 26625 26625 W com.mml.topwho: Accessing hidden field Landroid/graphics/Insets;->right:I (light greylist, linking)
07-29 11:51:38.052 26625 26625 W com.mml.topwho: Accessing hidden field Landroid/graphics/Insets;->top:I (light greylist, linking)
07-29 11:51:38.052 26625 26625 W com.mml.topwho: Accessing hidden field Landroid/graphics/Insets;->bottom:I (light greylist, linking)
07-29 11:51:38.062 26625 26625 I HwApsImpl: APS: new HwApsImpl created
07-29 11:51:38.064 26625 26625 I hwaps   : HwAps: JNI_OnLoad
07-29 11:51:38.071 26625 26625 D HiTouch_PressGestureDetector: HiTouch on notch display, height corret:81
07-29 11:51:38.072 26625 26625 V HwWidgetFactory: : successes to get AllImpl object and return....
07-29 11:51:38.094 26625 26625 I OverScrollerOptimization: start init SmartSlideOverScroller and get the overscroller config
07-29 11:51:38.094 26625 26625 I OverScrollerOptimization: get the overscroller config
07-29 11:51:38.096 26625 26625 I FLTAG_FM: loadFeature class:com.huawei.featurelayer.systemfeature.HwWidget.IHwSplineOverScrollerEx
07-29 11:51:38.096 26625 26625 I FLTAG_SFM: getRequireClassLoader() succ ! className: com.huawei.featurelayer.systemfeature.HwWidget.IHwSplineOverScrollerEx
07-29 11:51:38.096 26625 26625 D FeatureFactory: loadFeature() : com.huawei.featurelayer.systemfeature.HwWidget.IHwSplineOverScrollerEx
07-29 11:51:38.096 26625 26625 D FeatureFactory: loadFeature() new IHwSplineOverScrollerEx()
07-29 11:51:38.097 26625 26625 D HwSplineOverScrollerExImpl: initSplineOverScrollerImpl paras: android.widget.OverScroller$SplineOverScroller@845c6e8,androidx.appcompat.view.ContextThemeWrapper@7c09101
07-29 11:51:38.097 26625 26625 D HwSplineOverScrollerExImpl: initSplineOverScrollerImpl: mScrollerVelocity is 0, value is 0
07-29 11:51:38.098 26625 26625 I FLTAG_FM: loadFeature class:com.huawei.featurelayer.systemfeature.HwWidget.IHwSplineOverScrollerEx
07-29 11:51:38.098 26625 26625 I FLTAG_SFM: getRequireClassLoader() succ ! className: com.huawei.featurelayer.systemfeature.HwWidget.IHwSplineOverScrollerEx
07-29 11:51:38.098 26625 26625 D FeatureFactory: loadFeature() : com.huawei.featurelayer.systemfeature.HwWidget.IHwSplineOverScrollerEx
07-29 11:51:38.098 26625 26625 D FeatureFactory: loadFeature() new IHwSplineOverScrollerEx()
07-29 11:51:38.098 26625 26625 D HwSplineOverScrollerExImpl: initSplineOverScrollerImpl paras: android.widget.OverScroller$SplineOverScroller@6243c3d,androidx.appcompat.view.ContextThemeWrapper@7c09101
07-29 11:51:38.098 26625 26625 D HwSplineOverScrollerExImpl: initSplineOverScrollerImpl: mScrollerVelocity is 0, value is 0
07-29 11:51:38.141 26625 26625 W com.mml.topwho: Accessing hidden method Landroid/view/View;->computeFitSystemWindows(Landroid/graphics/Rect;Landroid/graphics/Rect;)Z (light greylist, reflection)
07-29 11:51:38.142 26625 26625 W com.mml.topwho: Accessing hidden method Landroid/view/ViewGroup;->makeOptionalFitsSystemWindows()V (light greylist, reflection)
07-29 11:51:38.150   559   559 I HW_DISPLAY_EFFECT: hw_get_display_panel_type: panel info is blmax:6600,blmin:23,blmax_nit_actual:462,blmax_nit_standard:450,lcdtype:LCD,
07-29 11:51:38.150   559   559 I HW_DISPLAY_EFFECT: 
07-29 11:51:38.150   559   559 I HW_DISPLAY_EFFECT: hw_get_display_panel_type: lcd type is LCD
07-29 11:51:38.151 26625 26625 D TextView: get Display Panel Type is : 0
07-29 11:51:38.153 26625 26625 W com.mml.topwho: Accessing hidden method Landroid/widget/TextView;->getTextDirectionHeuristic()Landroid/text/TextDirectionHeuristic; (light greylist, linking)
07-29 11:51:38.219  2074  2074 D HwAppInnerBoostImpl: asyncReportData com.huawei.android.launcher,2,1,2,0 interval=419
07-29 11:51:38.220  1854  1854 D ImageWallpaper: onVisibilityChanged: mVisible, visible=true, false
07-29 11:51:38.220  1854  1854 D ImageWallpaper: Visibility changed to visible=false
07-29 11:51:38.220  1521  1540 I StatusBarDisable: setFlags what=0 which=1 pkg=Window{234c329 u0 Splash Screen com.mml.topwho}
07-29 11:51:38.228 26625 26625 I AwareAppScheduleManager: post cache drawable res id to aware, resId = 17303583, packagename = com.mml.topwho, cost time = 38406771
07-29 11:51:38.231 16152 16152 I HiBoard_Workspace: onWindowVisibilityChanged：8 isOverlayClosed:true
07-29 11:51:38.231 16152 16152 I HiBoard_MainView: onWindowVisibilityChanged：8 isOverlayClosed:true
07-29 11:51:38.231 16152 16152 I HiBoard_FlowLayout: onWindowVisibilityChanged：8 isOverlayClosed:true
07-29 11:51:38.236 16152 10475 W libEGL  : EGLNativeWindowType 0x7022160010 disconnect failed
07-29 11:51:38.238  2074  2274 W libEGL  : EGLNativeWindowType 0x7009644010 disconnect failed
07-29 11:51:38.244  1521  1540 I chatty  : uid=1000(system) android.ui identical 4 lines
07-29 11:51:38.252  1521  1540 I StatusBarDisable: setFlags what=0 which=1 pkg=Window{234c329 u0 Splash Screen com.mml.topwho}
07-29 11:51:38.252  1521  2243 W ActivityManager: Unable to start service Intent { act=com.huawei.suggestion.widgetservice pkg=com.huawei.suggestion } U=0: not found
07-29 11:51:38.293  1521  2243 I NotificationService: enqueueNotificationInternal: pkg=com.mml.topwho id=120 notification=Notification(channel=default pri=0 contentView=null vibrate=null sound=null defaults=0x0 flags=0x2 color=0xffe215e0 actions=2 vis=SECRET)
07-29 11:51:38.294  8876 21953 E [HwRecSys]HwRecSysAidlService: doNotificationCollect -> the same notification return!
07-29 11:51:38.294  8876 21953 I [HwRecSys]HwRecSysAidlService: doNotificationCollect ->  finally remote Num - 1 !
07-29 11:51:38.294  1521  2243 I NotificationService: enqueueNotificationInternal Channel Info : pkg=com.mml.topwho id=120 importance =3
07-29 11:51:38.297 26625 26625 D ActivityThread: add activity client record, r= ActivityRecord{8ea618f token=android.os.BinderProxy@a3e82cc {com.mml.topwho/com.mml.topwho.MainActivity}} token= android.os.BinderProxy@a3e82cc
07-29 11:51:38.299  1521  1521 V HwNotificationManagerService: isHwSoundAllow pkg=com.mml.topwho, channelId=default, userId=0, cfg=1
07-29 11:51:38.302  1854  1854 D NotificationEntryMgr: updateNotification(StatusBarNotification(pkg=com.mml.topwho user=UserHandle{0} id=120 tag=null key=0|com.mml.topwho|120|null|10220: Notification(channel=default pri=0 contentView=null vibrate=null sound=null defaults=0x0 flags=0x2 color=0xffe215e0 actions=2 vis=SECRET)))
07-29 11:51:38.305  1854  1854 I NotificationInflation2: start: entry=247681530
07-29 11:51:38.305  1854  2776 I GlobalContext: Runnable for SerialExecutor
07-29 11:51:38.305  1854  2776 I NotificationInflation4: doInBackground is begin
07-29 11:51:38.306  1854  1854 W NotificationViewHierarchyManager: updateNotificationShade activeNotificationSize=5;hasFaceDT: false; Detected:false
07-29 11:51:38.309  1854  2776 I NotificationInflation5: doInBackground is end
07-29 11:51:38.309  1854  1999 D ReporterUtil:  e id:344 type:{pkg:com.mml.topwho,hw_type:null,hw_btw:false,onGoing:true,importance:3}
07-29 11:51:38.317  1854  1854 I NotificationInflation2: finish: entry=247681530
07-29 11:51:38.317  1854  1854 I NotificationInflation3: start: entry=247681530
07-29 11:51:38.320  1854 26607 W HwPhoneLayoutInflater: onCreateView : ClassNotFoundException, In this case we want to let the base class take a crack at it
07-29 11:51:38.320  1854 26608 W HwPhoneLayoutInflater: onCreateView : ClassNotFoundException, In this case we want to let the base class take a crack at it
07-29 11:51:38.324  1854 26608 W HwPhoneLayoutInflater: onCreateView : ClassNotFoundException, In this case we want to let the base class take a crack at it
07-29 11:51:38.324  1854 26609 W HwPhoneLayoutInflater: onCreateView : ClassNotFoundException, In this case we want to let the base class take a crack at it
07-29 11:51:38.326  1854 26609 W HwPhoneLayoutInflater: onCreateView : ClassNotFoundException, In this case we want to let the base class take a crack at it
07-29 11:51:38.327  1854 26607 W HwPhoneLayoutInflater: onCreateView : ClassNotFoundException, In this case we want to let the base class take a crack at it
07-29 11:51:38.339  1854  1854 I NotificationInflation3: finish: entry=247681530
07-29 11:51:38.353 26625 26625 I FLTAG_FM: loadFeature class:com.huawei.featurelayer.systemfeature.HwWidget.IHwSplineOverScrollerEx
07-29 11:51:38.353 26625 26625 I FLTAG_SFM: getRequireClassLoader() succ ! className: com.huawei.featurelayer.systemfeature.HwWidget.IHwSplineOverScrollerEx
07-29 11:51:38.353 26625 26625 D FeatureFactory: loadFeature() : com.huawei.featurelayer.systemfeature.HwWidget.IHwSplineOverScrollerEx
07-29 11:51:38.353 26625 26625 D FeatureFactory: loadFeature() new IHwSplineOverScrollerEx()
07-29 11:51:38.353 26625 26625 D HwSplineOverScrollerExImpl: initSplineOverScrollerImpl paras: android.widget.OverScroller$SplineOverScroller@839620,com.mml.topwho.MainActivity@9a52191
07-29 11:51:38.353 26625 26625 D HwSplineOverScrollerExImpl: initSplineOverScrollerImpl: mScrollerVelocity is 0, value is 0
07-29 11:51:38.354 26625 26625 I FLTAG_FM: loadFeature class:com.huawei.featurelayer.systemfeature.HwWidget.IHwSplineOverScrollerEx
07-29 11:51:38.354 26625 26625 I FLTAG_SFM: getRequireClassLoader() succ ! className: com.huawei.featurelayer.systemfeature.HwWidget.IHwSplineOverScrollerEx
07-29 11:51:38.354 26625 26625 D FeatureFactory: loadFeature() : com.huawei.featurelayer.systemfeature.HwWidget.IHwSplineOverScrollerEx
07-29 11:51:38.354 26625 26625 D FeatureFactory: loadFeature() new IHwSplineOverScrollerEx()
07-29 11:51:38.354 26625 26625 D HwSplineOverScrollerExImpl: initSplineOverScrollerImpl paras: android.widget.OverScroller$SplineOverScroller@b5bf44c,com.mml.topwho.MainActivity@9a52191
07-29 11:51:38.354 26625 26625 D HwSplineOverScrollerExImpl: initSplineOverScrollerImpl: mScrollerVelocity is 0, value is 0
07-29 11:51:38.374 26625 26625 D ZrHung.AppEyeUiProbe: notify runnable to start.
07-29 11:51:38.377 26625 26625 I MainActivity: onResume
07-29 11:51:38.377 26625 26625 I MainActivity: initSwitchStatus
07-29 11:51:38.394 26625 26625 I SwitchFragment: onResume switch_open_float_permission:false
07-29 11:51:38.394 26625 26625 I SwitchFragment: onResume switch_open_float_permission:false
07-29 11:51:38.394 26625 26625 I SwitchFragment: onResume switch_open_float:true
07-29 11:51:38.394 26625 26625 I SwitchFragment: onResume switch_open_float:true
07-29 11:51:38.394 26625 26625 I FloatWindowService: start
07-29 11:51:38.396 26625 26625 I FloatWindowService: started
07-29 11:51:38.402 26625 26625 D OpenGLRenderer: Skia GL Pipeline
07-29 11:51:38.410 26625 26625 D HwAppInnerBoostImpl: set config for com.mml.topwho BOOST_FLAG=true REPORT_DURATION_CLICK=1000 REPORT_TIMES_CLICK=3 REPORT_DURATION_SLIDE=5000 REPORT_TIMES_SLIDE=16
07-29 11:51:38.412 26625 26625 D OpenGLRenderer:   HWUI Binary is  enabled
07-29 11:51:38.412 26625 26625 D OpenGLRenderer: disableOutlineDraw is true
07-29 11:51:38.412  2074  2200 D ZrHung.AppEyeUiProbe: Current Activity:false
07-29 11:51:38.412  2074  2200 D ZrHung.AppEyeUiProbe: not watching, wait.
07-29 11:51:38.419  1521  2243 V WindowManager: addWindow: Window{2ab673f u0 com.mml.topwho/com.mml.topwho.MainActivity}
07-29 11:51:38.421   581   691 D         : doWinFrameOptStatusRecog begin to recog Layer result=2
07-29 11:51:38.422  1854  1854 I HwNavigationBarView: updateAssistantButtonInGuestureMode(), vis=true,isGestureNavEnable=true
07-29 11:51:38.422  1521  1537 W HwActivityManagerServiceEx: HwActivityNotifier end call for activityLifeState under user 0 cost 0
07-29 11:51:38.423  1997 22755 I chatty  : uid=1000(system) Binder:1997_9 expire 3 lines
07-29 11:51:38.423  1521  1551 D HwGameAssistantController: UPDATE: mCurFgPkg=com.mml.topwho, mCurFgPid=26625, mCurIsGame=false
07-29 11:51:38.423  1997  2231 I chatty  : uid=1000(system) OdmfCtrlThread expire 4 lines
07-29 11:51:38.427 26625 26625 I FloatWindowService: onCreate
07-29 11:51:38.427  1997  2233 I chatty  : uid=1000(system) OdmfDataThread expire 2 lines
07-29 11:51:38.427 26625 26625 I FloatWindowService: onStartCommand
07-29 11:51:38.430  8876  8900 I [HwRecSys]OdmfCollectScheduler: handleMessage msg: 6
07-29 11:51:38.430  8876  8900 I [HwRecSys]HwRecSysService:  cur pkg: com.mml.topwho
07-29 11:51:38.433  1521 26659 I chatty  : uid=1000 system_server expire 2 lines
07-29 11:51:38.433  1521 26659 W ContextImpl: Calling a method in the system process without a qualified user: android.app.ContextImpl.bindService:1840 com.android.server.hidata.hinetwork.HwHiNetworkManager.bindAidl:530 com.android.server.hidata.hinetwork.HwHiNetworkManager.access$2100:78 com.android.server.hidata.hinetwork.HwHiNetworkManager$BindAidlThread.run:1275 <bottom of call stack> 
07-29 11:51:38.437  2037  2298 I AppFastHibernation: wakeup com.huawei.gameassistant for bindservice
07-29 11:51:38.438   726  9473 I Pged-IPgedBinderService: ****action is 2, pid num is 2***
07-29 11:51:38.438   726  9473 I Pged-Freezer: thawPids
07-29 11:51:38.440 24984 24984 I HwGameAssistant-9.0.1.306-AppNetServices: onBind
07-29 11:51:38.440 24984 24984 I HwGameAssistant-9.0.1.306-BoosterModelValidHelper: access JXS server
07-29 11:51:38.440 24984 24984 E HwGameAssistant-9.0.1.306-BoosterModelValidHelper: access JXS Server failed: httpStatusCode = 404, exception = null
07-29 11:51:38.440 24984 24984 I HwGameAssistant-9.0.1.306-BoosterModelValidHelper: notifyResult:getSupportBoosterValue():true
07-29 11:51:38.441  2037  2290 D PgedBinderAdapter: unfrz ok, pid: [24984]
07-29 11:51:38.443  2037  2298 I hibernation: view add pid:26625 uid:10220
07-29 11:51:38.446 26625 26625 D AndroidRuntime: Shutting down VM
07-29 11:51:38.447 26625 26625 E AndroidRuntime: FATAL EXCEPTION: main
07-29 11:51:38.447 26625 26625 E AndroidRuntime: Process: com.mml.topwho, PID: 26625
07-29 11:51:38.447 26625 26625 E AndroidRuntime: java.lang.RuntimeException: Unable to start service com.mml.topwho.service.FloatWindowService@25c4f61 with Intent { cmp=com.mml.topwho/.service.FloatWindowService }: android.view.WindowManager$BadTokenException: Unable to add window android.view.ViewRootImpl$W@2da02c8 -- permission denied for window type 2038
07-29 11:51:38.447 26625 26625 E AndroidRuntime: 	at android.app.ActivityThread.handleServiceArgs(ActivityThread.java:4243)
07-29 11:51:38.447 26625 26625 E AndroidRuntime: 	at android.app.ActivityThread.access$2500(ActivityThread.java:268)
07-29 11:51:38.447 26625 26625 E AndroidRuntime: 	at android.app.ActivityThread$H.handleMessage(ActivityThread.java:2026)
07-29 11:51:38.447 26625 26625 E AndroidRuntime: 	at android.os.Handler.dispatchMessage(Handler.java:109)
07-29 11:51:38.447 26625 26625 E AndroidRuntime: 	at android.os.Looper.loop(Looper.java:207)
07-29 11:51:38.447 26625 26625 E AndroidRuntime: 	at android.app.ActivityThread.main(ActivityThread.java:7539)
07-29 11:51:38.447 26625 26625 E AndroidRuntime: 	at java.lang.reflect.Method.invoke(Native Method)
07-29 11:51:38.447 26625 26625 E AndroidRuntime: 	at com.android.internal.os.RuntimeInit$MethodAndArgsCaller.run(RuntimeInit.java:524)
07-29 11:51:38.447 26625 26625 E AndroidRuntime: 	at com.android.internal.os.ZygoteInit.main(ZygoteInit.java:958)
07-29 11:51:38.447 26625 26625 E AndroidRuntime: Caused by: android.view.WindowManager$BadTokenException: Unable to add window android.view.ViewRootImpl$W@2da02c8 -- permission denied for window type 2038
07-29 11:51:38.447 26625 26625 E AndroidRuntime: 	at android.view.ViewRootImpl.setView(ViewRootImpl.java:953)
07-29 11:51:38.447 26625 26625 E AndroidRuntime: 	at android.view.WindowManagerGlobal.addView(WindowManagerGlobal.java:398)
07-29 11:51:38.447 26625 26625 E AndroidRuntime: 	at android.view.WindowManagerImpl.addView(WindowManagerImpl.java:129)
07-29 11:51:38.447 26625 26625 E AndroidRuntime: 	at com.mml.topwho.service.FloatWindowService.addView(FloatWindowService.kt:97)
07-29 11:51:38.447 26625 26625 E AndroidRuntime: 	at com.mml.topwho.service.FloatWindowService.initFloatingWindow(FloatWindowService.kt:88)
07-29 11:51:38.447 26625 26625 E AndroidRuntime: 	at com.mml.topwho.service.FloatWindowService.onStartCommand(FloatWindowService.kt:69)
07-29 11:51:38.447 26625 26625 E AndroidRuntime: 	at android.app.ActivityThread.handleServiceArgs(ActivityThread.java:4222)
07-29 11:51:38.447 26625 26625 E AndroidRuntime: 	... 8 more
07-29 11:51:38.450  1521  2243 W ActivityManager:   finishTopCrashedActivityLocked Force finishing activity com.mml.topwho/.MainActivity
07-29 11:51:38.453   736  2965 E iMonitor: FaultDetect: DUMPTOOL_PRINTF return.
07-29 11:51:38.453   736  2965 E iMonitor: FaultDetect: DUMPTOOL_PRINTF return.
07-29 11:51:38.454   736  2965 I iMonitor: mF1name= 	at android.app.ActivityThread.handleServiceArgs(ActivityThread.java:4243),mF2name = 	at android.app.ActivityThread.access$2500(ActivityThread.java:268) 
07-29 11:51:38.454   736  2965 E iMonitor: FaultDetect: DUMPTOOL_PRINTF return.
07-29 11:51:38.454   736  2965 D         : External::GetAppType Begin
07-29 11:51:38.455  1521  1540 I StatusBarDisable: setFlags what=0 which=1 pkg=Window{234c329 u0 Splash Screen com.mml.topwho}
07-29 11:51:38.456   736  2965 D         : External::GetAppType End
07-29 11:51:38.456   736  2965 E iMonitor: FaultDetect: DUMPTOOL_PRINTF return.
07-29 11:51:38.457   736  2965 E iMonitor: FaultDetect: DUMPTOOL_PRINTF return.
07-29 11:51:38.457   736  2965 I iMonitor: create: 901001004
07-29 11:51:38.457   736  2965 E iMonitor: FaultDetect: DUMPTOOL_PRINTF return.
07-29 11:51:38.457 26625 26625 I Process : Sending signal. PID: 26625 SIG: 9
07-29 11:51:38.458  2037  2298 I AppManager: remove top view when pkg dead, pid : 26625
07-29 11:51:38.459   736  2965 I iMonitor: send: 901001004
07-29 11:51:38.459   736  2965 E iMonitor: FaultDetect: DUMPTOOL_PRINTF return.
07-29 11:51:38.459   736  2965 E iMonitor: FaultDetect: DUMPTOOL_PRINTF return.
07-29 11:51:38.462   736  1039 I         : DPTEST  EventId is not need Hash
07-29 11:51:38.467   658   658 I aptouch_daemon: check_afe_status, idle in. 300
07-29 11:51:38.486  1521  2243 I ActivityManager: Process com.mml.topwho (pid 26625) has died: fore TOP 
07-29 11:51:38.486  1521  2243 D ActivityManager: cleanUpApplicationRecord app: ProcessRecord{e292ebd 26625:com.mml.topwho/u0a220}, app.bad: false, restarting: false, allowRestart: true
07-29 11:51:38.486  1521  2527 I WindowManager: WIN DEATH: Window{2ab673f u0 com.mml.topwho/com.mml.topwho.MainActivity}
07-29 11:51:38.486  1521  2527 V WindowManager: removeIfPossible: Window{2ab673f u0 com.mml.topwho/com.mml.topwho.MainActivity}
07-29 11:51:38.486  1521  2243 W ActivityManager: Scheduling restart of crashed service com.mml.topwho/.service.FloatWindowService in 1000ms
07-29 11:51:38.487  1521  1521 I HwNormalizedSpline: NewCurveMode eye mode=EyeProtectionMode
07-29 11:51:38.487  1521  2527 V WindowManager: postWindowRemoveCleanupLocked: Window{2ab673f u0 com.mml.topwho/com.mml.topwho.MainActivity}
07-29 11:51:38.487  1521  2527 V WindowManager: Removing Window{2ab673f u0 com.mml.topwho/com.mml.topwho.MainActivity} from AppWindowToken{3bef9b9 token=Token{abdff80 ActivityRecord{677f403 u0 com.mml.topwho/.MainActivity t2089}}}
07-29 11:51:38.488  2037  2990 E AwareLog: GameSdkConfigReader: GameSdkLog: idNameMap: null
07-29 11:51:38.488  1940  1965 I chatty  : uid=1000(system) Binder:1940_3 expire 4 lines
07-29 11:51:38.489  1521  2527 V WindowManager_visibility: updateAllDrawn Add AppWindowToken{3bef9b9 token=Token{abdff80 ActivityRecord{677f403 u0 com.mml.topwho/.MainActivity t2089}}}
07-29 11:51:38.489  1940 25542 I BoosterSwitchP: notifyUidState do nothing
07-29 11:51:38.489  1940 25542 I DeepNoDisturbP: notifyUidState
07-29 11:51:38.489  1940 25542 I HidataAppQoeP: notifyUidState
07-29 11:51:38.489  1940 25542 I BrowserChrP: notifyUidState
07-29 11:51:38.490   704 20819 D iTouchService: itouch currentPackageName=com.mml.topwho
07-29 11:51:38.490   704 20819 D iTouchService: itouch appType=-1 appState=0 gameMode=1
07-29 11:51:38.490   704 20819 D iTouchService: itouch getCurrentParmID tempPkg=com.mml.xxx
07-29 11:51:38.490   521   521 I Zygote  : Process 26625 exited due to signal (9)
07-29 11:51:38.490   704 20819 D iTouchService: itouch:app com.mml.topwho is  not game app
07-29 11:51:38.490   704 20819 D iTouchService: itouch:styluspen_switch is disable
07-29 11:51:38.490   704 20819 D iTouchService: itouch:currentAppTypeName =|UNKNOWN|
07-29 11:51:38.490  1521  2527 V WindowManager_visibility: updateAllDrawn allDrawn=false interesting=1 drawn=1 relaunchCount=0 for AppWindowToken{3bef9b9 token=Token{abdff80 ActivityRecord{677f403 u0 com.mml.topwho/.MainActivity t2089}}}
07-29 11:51:38.490  2037  2934 W AwareLog: SmartIO2DMEPlugin: unknown process state: 2
07-29 11:51:38.494  1521  1651 V WindowManager: removeIfPossible: Window{234c329 u0 Splash Screen com.mml.topwho}
07-29 11:51:38.495  1521  1651 V WindowManager: postWindowRemoveCleanupLocked: Window{234c329 u0 Splash Screen com.mml.topwho EXITING}
07-29 11:51:38.495  1521  1651 V WindowManager: Removing Window{234c329 u0 Splash Screen com.mml.topwho EXITING} from AppWindowToken{3bef9b9 token=Token{abdff80 ActivityRecord{677f403 u0 com.mml.topwho/.MainActivity t2089}}}
07-29 11:51:38.499  1521  2243 V WindowManager: removeAppToken: AppWindowToken{3bef9b9 token=Token{abdff80 ActivityRecord{677f403 u0 com.mml.topwho/.MainActivity t2089}}} delayed=true Callers=com.android.server.wm.DisplayContent.removeAppToken:1067 com.android.server.wm.AppWindowContainerController.removeContainer:315 com.android.server.am.ActivityRecord.removeWindowContainer:1160 com.android.server.am.ActivityStack.removeActivityFromHistoryLocked:4532 
07-29 11:51:38.509  1521  2243 W HwActivityManagerServiceEx: setResumedActivityUncheckLocked start call, from: ActivityRecord{677f403 u0 com.mml.topwho/.MainActivity t-1 f}, to: ActivityRecord{21fa77e u0 com.huawei.android.launcher/.unihome.UniHomeLauncher t1}
07-29 11:51:38.509  1521  2243 W HwActivityManagerServiceEx: appSwitch from: com.mml.topwho to: com.huawei.android.launcher
07-29 11:51:38.509  2074  2074 D HwAppInnerBoostImpl: asyncReportData com.huawei.android.launcher,2,1,3,0 interval=709
07-29 11:51:38.509  1521  1537 W HwActivityManagerServiceEx: HwActivityNotifier end call for returnToHome under user 0 cost 0
07-29 11:51:38.509  1521  1537 W HwActivityManagerServiceEx: HwActivityNotifier end call for appSwitch under user 0 cost 0
07-29 11:51:38.511  2074  5516 D Activity: pivotX = 144.0, pivotY = 823.0, iconWidth = 170, iconHeight = 170, iconWidth = 170, flag = 0
07-29 11:51:38.512  2037  2153 D ScenarioService: front pkg : com.huawei.android.launcher launcher: true
07-29 11:51:38.512  2037  2153 I AppManager: handleAppFrontEvent: com.huawei.android.launcher
07-29 11:51:38.512  2037  2153 I AppsUsage: scnOff:false FgAPP:com.huawei.android.launcher BgAPP:com.mml.topwho
07-29 11:51:38.513  2037  2298 I hibernation: front pkg : com.huawei.android.launcher launcher: true
07-29 11:51:38.514  2037  2934 E AwareLog: SPKSchedFeature: Uid has been sent, ignore.
07-29 11:51:38.514  2037  2428 I PGServer: report state:10000 event type:2 pid:0 uid:0 pkg:com.mml.topwho to pid: 2037
07-29 11:51:38.515 16152 16152 I HiBoard_Workspace: onWindowVisibilityChanged：0 isOverlayClosed:true
07-29 11:51:38.515 16152 16152 I HiBoard_MainView: onWindowVisibilityChanged：0 isOverlayClosed:true
07-29 11:51:38.515 16152 16152 I HiBoard_FlowLayout: onWindowVisibilityChanged：0 isOverlayClosed:true
07-29 11:51:38.520  2037  2428 I SceneReceiver: state type: 10000 eventType:2 pid:0 uid:0 pkg:com.mml.topwho
07-29 11:51:38.520  2037  2428 I PGServer: report state:10000 event type:2 pid:0 uid:0 pkg:com.mml.topwho to pid: 1521
07-29 11:51:38.520  2037  2428 I PGServer: report state:10010 event type:1 pid:0 uid:0 pkg:com.huawei.android.launcher to pid: 2037
07-29 11:51:38.522  1521  2243 D HwPhoneWindowManager: sensorRotation = -1 lastRotation:0
07-29 11:51:38.523  1521  2243 V WindowManager: notifyAppResumed: wasStopped=false AppWindowToken{755952c token=Token{5f6e4df ActivityRecord{21fa77e u0 com.huawei.android.launcher/.unihome.UniHomeLauncher t1}}}
07-29 11:51:38.523  1521  2243 E WindowManager: win=Window{135c8bb u0 com.huawei.intelligent.Workspace} destroySurfaces: appStopped=false win.mWindowRemovalAllowed=false win.mRemoveOnExit=false
07-29 11:51:38.523  1521  2243 E WindowManager: win=Window{a130d3b u0 com.huawei.android.launcher/com.huawei.android.launcher.unihome.UniHomeLauncher} destroySurfaces: appStopped=false win.mWindowRemovalAllowed=false win.mRemoveOnExit=false
07-29 11:51:38.524  1854  1854 D ImageWallpaper: onOffsetsChanged: xOffset=0.0, yOffset=0.0, xOffsetStep=0.0, yOffsetStep=0.0, xPixels=0, yPixels=0
07-29 11:51:38.525  1854  1854 D ImageWallpaper: Suppressed drawFrame since redraw is not needed and offsets have not changed.sf=Rect(0, 0 - 2340, 2340),redrawNeeded=false,mOffsetsChanged=false
