07-29 11:50:36.757   518   593 D         : Received kernel message payload: chr_event 9
07-29 11:50:36.758   518   593 I         : netd received web stat infomation,trigger chr report!
07-29 11:50:36.758   518   593 I         : netd received web stat infomation,trigger chr report!
07-29 11:50:36.758   518   593 I         : ReportType 0 0 0 0 0 0 0 0 0 0 0 0 0 0 0 0 0 0 0 0 0 0 0 0 0 0 0 0 0 0 0 0 0 0 0 0 0 0 0 0 0 0 0 0 0 0 0 0 0 0 0 0 0 0 0 0 0 0 0 0 0 0 0 0 0 0 0 0 0 0 0 0 0 0 0 0 0 0 0 0 0 0 0 0 0 0 0 0 0 0 0 0 0 0 0 0 0 0 0 0 0 0 0 0 0 0 0 0 0 0 0 0 0 0 0 0 0 0 0 0 0 0 0 0 0 0 0 0 0 0 0 0 0 0 0 0 0 0 0 0 0 0 0 0 0 0 0 0 0 0 0 0 0 0 0 0 0 0 0 0 0 0 0 0 0 0 0 0 0 0 0 0 0 0 0 0 0 0 0 0 0 0 0 0 0 0 0 0 0 0 0 0 0 0 0 0 0 0 0 0 0 0 0 0 0 0 0 0 0 0 0 0 0 0 0 0 0 0 0 0 0 0 0 0 0 0 0 0 0 ReportType 0 191 484 2 0 0 2 7 1 0 1 0 0 0 7 0 0 0 0 2 0 0 0 0 0 0 0 0 0 0 0 0 0 0 0 0 0 0 0 0 0 0 0 0 0 0 0 0 0 0 0 0 0 0 0 0 0 0 0 0 0 0 0 0 0 0 0 0 0 0 0 0 0 0 0 0 0 0 0 0 0 0 0 0 0 0 0 0 0 0 0 0 0 0 0 0 0 0 0 0 0 0 0 0 0 0 0 0 0 0 0 0 0 0 0 0 0 0 0 0 0 0 0 0 0 0 0 0 0 0 0 0 0 0 0 0 0 0 0 0 0 0 0 0 0 0 0 0 0 0 0 0 0 0 0 0 0 0 0 0 0 0 0 0 0 0 0 0 0 0 0 0 0 0 0 0 0 0 0 0 0 0 0 0 0 0 0 0 0 0 0 0 0 0 0 0 0 0 0 0 0 0 0 0 0 0 0 0 0 0 0 0 37 12 12 408 76 408 0 0 0 0 0 0 0 0 72 0 2
07-29 11:50:36.758   518   593 W SocketListener: sending broadcast to Pid = 1521, Uid = 1000 
07-29 11:50:36.763  1521  1705 D NetdConnector: RCV <- {661 ReportType 0 0 0 0 0 0 0 0 0 0 0 0 0 0 0 0 0 0 0 0 0 0 0 0 0 0 0 0 0 0 0 0 0 0 0 0 0 0 0 0 0 0 0 0 0 0 0 0 0 0 0 0 0 0 0 0 0 0 0 0 0 0 0 0 0 0 0 0 0 0 0 0 0 0 0 0 0 0 0 0 0 0 0 0 0 0 0 0 0 0 0 0 0 0 0 0 0 0 0 0 0 0 0 0 0 0 0 0 0 0 0 0 0 0 0 0 0 0 0 0 0 0 0 0 0 0 0 0 0 0 0 0 0 0 0 0 0 0 0 0 0 0 0 0 0 0 0 0 0 0 0 0 0 0 0 0 0 0 0 0 0 0 0 0 0 0 0 0 0 0 0 0 0 0 0 0 0 0 0 0 0 0 0 0 0 0 0 0 0 0 0 0 0 0 0 0 0 0 0 0 0 0 0 0 0 0 0 0 0 0 0 0 0 0 0 0 0 0 0 0 0 0 0 0 0 0 0 0 0 ReportType 0 191 484 2 0 0 2 7 1 0 1 0 0 0 7 0 0 0 0 2 0 0 0 0 0 0 0 0 0 0 0 0 0 0 0 0 0 0 0 0 0 0 0 0 0 0 0 0 0 0 0 0 0 0 0 0 0 0 0 0 0 0 0 0 0 0 0 0 0 0 0 0 0 0 0 0 0 0 0 0 0 0 0 0 0 0 0 0 0 0 0 0 0 0 0 0 0 0 0 0 0 0 0 0 0 0 0 0 0 0 0 0 0 0 0 0 0 0 0 0 0 0 0 0 0 0 0 0 0 0 0 0 0 0 0 0 0 0 0 0 0 0 0 0 0 0 0 0 0 0 0 0 0 0 0 0 0 0 0 0 0 0 0 0 0 0 0 0 0 0 0 0 0 0 0 0 0 0 0 0 0 0 0 0 0 0 0 0 0 0 0 0 0 0 0 0 0 0 0 0 0 0 0 0 0 0 0 0 0 0 0 0 37 12 12 408 76 408 0 0 0 0 0 0 0 0 72 0 2}
07-29 11:50:36.768  1521  1705 D NetdConnector: RCV <- {661 ReportType 0 0 0 0 0 0 0 0 0 0 0 0 0 0 0 0 0 0 0 0 0 0 0 0 0 0 0 0 0 0 0 0 0 0 0 0 0 0 0 0 0 0 0 0 0 0 0 0 0 0 0 0 0 0 0 0 0 0 0 0 0 0 0 0 0 0 0 0 0 0 0 0 0 0 0 0 0 0 0 0 0 0 0 0 0 0 0 0 0 0 0 0 0 0 0 0 0 0 0 0 0 0 0 0 0 0 0 0 0 0 0 0 0 0 0 0 0 0 0 0 0 0 0 0 0 0 0 0 0 0 0 0 0 0 0 0 0 0 0 0 0 0 0 0 0 0 0 0 0 0 0 0 0 0 0 0 0 0 0 0 0 0 0 0 0 0 0 0 0 0 0 0 0 0 0 0 0 0 0 0 0 0 0 0 0 0 0 0 0 0 0 0 0 0 0 0 0 0 0 0 0 0 0 0 0 0 0 0 0 0 0 0 0 0 0 0 0 0 0 0 0 0 0 0 0 0 0 0 0 ReportType 0 191 484 2 0 0 2 7 1 0 1 0 0 0 7 0 0 0 0 2 0 0 0 0 0 0 0 0 0 0 0 0 0 0 0 0 0 0 0 0 0 0 0 0 0 0 0 0 0 0 0 0 0 0 0 0 0 0 0 0 0 0 0 0 0 0 0 0 0 0 0 0 0 0 0 0 0 0 0 0 0 0 0 0 0 0 0 0 0 0 0 0 0 0 0 0 0 0 0 0 0 0 0 0 0 0 0 0 0 0 0 0 0 0 0 0 0 0 0 0 0 0 0 0 0 0 0 0 0 0 0 0 0 0 0 0 0 0 0 0 0 0 0 0 0 0 0 0 0 0 0 0 0 0 0 0 0 0 0 0 0 0 0 0 0 0 0 0 0 0 0 0 0 0 0 0 0 0 0 0 0 0 0 0 0 0 0 0 0 0 0 0 0 0 0 0 0 0 0 0 0 0 0 0 0 0 0 0 0 0 0 0 37 12 12 408 76 408 0 0 0 0 0 0 0 0 72 0 2}
07-29 11:50:36.771  1521  1548 D NetdConnector: RCV unsolicited event from native daemon, event = 661
07-29 11:50:36.787  1521  1548 D HwNetworkManagementService: onEvent receive Web Stat Report:661 ReportType 0 0 0 0 0 0 0 0 0 0 0 0 0 0 0 0 0 0 0 0 0 0 0 0 0 0 0 0 0 0 0 0 0 0 0 0 0 0 0 0 0 0 0 0 0 0 0 0 0 0 0 0 0 0 0 0 0 0 0 0 0 0 0 0 0 0 0 0 0 0 0 0 0 0 0 0 0 0 0 0 0 0 0 0 0 0 0 0 0 0 0 0 0 0 0 0 0 0 0 0 0 0 0 0 0 0 0 0 0 0 0 0 0 0 0 0 0 0 0 0 0 0 0 0 0 0 0 0 0 0 0 0 0 0 0 0 0 0 0 0 0 0 0 0 0 0 0 0 0 0 0 0 0 0 0 0 0 0 0 0 0 0 0 0 0 0 0 0 0 0 0 0 0 0 0 0 0 0 0 0 0 0 0 0 0 0 0 0 0 0 0 0 0 0 0 0 0 0 0 0 0 0 0 0 0 0 0 0 0 0 0 0 0 0 0 0 0 0 0 0 0 0 0 0 0 0 0 0 0 ReportType 0 191 484 2 0 0 2 7 1 0 1 0 0 0 7 0 0 0 0 2 0 0 0 0 0 0 0 0 0 0 0 0 0 0 0 0 0 0 0 0 0 0 0 0 0 0 0 0 0 0 0 0 0 0 0 0 0 0 0 0 0 0 0 0 0 0 0 0 0 0 0 0 0 0 0 0 0 0 0 0 0 0 0 0 0 0 0 0 0 0 0 0 0 0 0 0 0 0 0 0 0 0 0 0 0 0 0 0 0 0 0 0 0 0 0 0 0 0 0 0 0 0 0 0 0 0 0 0 0 0 0 0 0 0 0 0 0 0 0 0 0 0 0 0 0 0 0 0 0 0 0 0 0 0 0 0 0 0 0 0 0 0 0 0 0 0 0 0 0 0 0 0 0 0 0 0 0 0 0 0 0 0 0 0 0 0 0 0 0 0 0 0 0 0 0 0 0 0 0 0 0 0 0 0 0 0 0 0 0 0 0 0 37 12 12 408 76 408 0 0 0 0 0 0 0 0 72 0 2
07-29 11:50:36.789  1521  1548 W ContextImpl: Calling a method in the system process without a qualified user: android.app.ContextImpl.sendBroadcast:1172 com.android.server.HwNetworkManagementService.sendWebStatMessage:1112 com.android.server.HwServiceFactoryImpl$HwNetworkManagementServiceImpl.sendWebStatMessage:737 com.android.server.NetworkManagementService$NetdCallbackReceiver.onEvent:1095 com.android.server.NativeDaemonConnector.handleMessage:176 
07-29 11:50:36.795  1997  2173 D HwWifiStatStore: handleMessage : 2011
07-29 11:50:36.795  1997  2173 D HwWifiStatStore: handleWebStatReport data is: Bundle[{HighestWebDelay=408, LowestWebDelay=76, VideoAvgSpeed=0, DelayL1=1, DelayL2=0, DelayL3=1, DelayL4=0, DelayL5=0, DelayL6=0, VideoFreezNum=0, VideoTime=0, AccVideoTime=0, TotalNum=2, WebDelay=484, TcpSuccNum=2, ReportType=0, LastTcpRTT=12, AccVideoAvgSpeed=0, SuccNum=2, RTT=191, TcpTotalNum=7, RTTL1=7, RTTL2=0, RTTL3=0, RTTL4=0, RTTL5=0, tcp_handshake_delay=72, ServerAddr=0, NoAckNum=0, HighestTcpRTT=37, LowestTcpRTT=12, FailNum=0, AccVideoFreezNum=0, RTTAbnServerAddr=0, http_get_delay=0, LastWebDelay=408}]
07-29 11:50:36.843  1854  1854 D StatusBarIconController: setIconVisibility icon is null or visibility not change visibility=false
07-29 11:50:36.843  1854  1854 E ndroid.systemu: Invalid ID 0x00000000.
07-29 11:50:36.843  1854  1854 E HwNotchUtils: setIconForView iconId is not found
07-29 11:50:36.843  1854  1854 D StatusBarIconController: setIconVisibility icon is null or visibility not change visibility=false
07-29 11:50:36.843  1854  1854 E ndroid.systemu: Invalid ID 0x00000000.
07-29 11:50:36.843  1854  1854 E HwNotchUtils: setIconForView iconId is not found
07-29 11:50:36.844  1854  1854 D StatusBarIconController: setIconVisibility icon is null or visibility not change visibility=false
07-29 11:50:36.844  1854  1854 E ndroid.systemu: Invalid ID 0x00000000.
07-29 11:50:36.844  1854  1854 E HwNotchUtils: setIconForView iconId is not found
07-29 11:50:37.285  1521  1536 I chatty  : uid=1000(system) android.bg expire 3 lines
07-29 11:50:37.663  1997  2173 D HwWifiStatStore: handleMessage : 200
07-29 11:50:38.170   574   574 E WifiHAL : enter wifi_get_link_stats
07-29 11:50:38.464 26549 26549 D AwareBitmapCacher: handleInit switch not opened pid=26549
07-29 11:50:39.134  1521  1764 I chatty  : uid=1000(system) HwSelfCureEngin expire 12 lines
07-29 11:50:39.192  1997 22755 D NcDft_ServiceImpl: notifyNcDftEvent domain is : 1 ;eventID is: 1121 ;bundle is Bundle[mParcelledData.dataSize=84]
07-29 11:50:39.193  1997  2145 D HwWifiCHRStateManager: handleMessage : 1121
07-29 11:50:39.193  1997  2145 E HwCHRWifiRSSIGroupSummery: updatArpSummery mRSSI:-1  HwCHRWifiRSSIGroup [rssi_index=4, rtt_tcp_packets=0, rtt_tcp_duration=0, rtt_lan_duration=52127, rtt_lan_failures=28, rtt_lan_succ=4294, rtt_lan_max=947, rtt_lan_min=2,same_area_frequency=0,adjacent_area_frequency=0]
07-29 11:50:39.540  1997  2182 E HwChrExceptionListener: read chrKmsgPlat Exception
07-29 11:50:39.537  1997  1997 W Thread-3: type=1400 audit(0.0:118457): avc: denied { getattr } for path="/dev/chrKmsgPlat" dev="tmpfs" ino=21831 scontext=u:r:system_app:s0 tcontext=u:object_r:hi110x_dev:s0 tclass=chr_file permissive=0
07-29 11:50:39.541  1997  2182 D CommInfo: not support chipchr  chiptype:hisi sub_chiptype:hi1102
07-29 11:50:39.542  1997  2182 E HwCHRWifiFile: getDevFileResult throw FileNotFoundException
07-29 11:50:40.210   721   721 E Thermal-daemon: [ap] temp_new :36  temp_old :37
07-29 11:50:40.212  2037  2054 I ThermalService: Receive temperature change, type: 0, temp: 36 from thermald
07-29 11:50:40.213   721   721 E Thermal-daemon: Report temperature: [ap] temp :36  report_threshold:1
07-29 11:50:40.305  1521  1521 I chatty  : uid=1000 system_server expire 17 lines
07-29 11:50:40.308  1940  1940 D DaemonMessageAdapter: onMobileSignalStrengthChanged, subId: 0, signalStrength: SignalStrength: 99 0 -75 -93 32767 -1 32767 -1 0 0 0 -1 0 2147483647 0 120 0 0 cdma use_rsrp_and_rssnr_for_lte_level rscp [-128, -118, -108, -98] [-115, -105, -95, -85]
07-29 11:50:40.308  1940  1940 D DaemonMessageAdapter: SignalStrength update result, ss: SignalStrengthInfo: 154096341 mGsmSignalStrength: 99 mWcdmaRscp: 0 mWcdmaEcio: 0 mLteRsrp: 0 mLteRsrq: 0 mCdmaDbm: -75 mCdmaEcio: -93 mEvdoDbm: 32767 mEvdoEcio: -1 mLteRssnr: 0
07-29 11:50:40.309  1940  2076 I DeepNoDisturbP: handleStateChanged reason=8
07-29 11:50:40.309  1940  2076 I HidataAppQoeP: handleStateChanged reason=8
07-29 11:50:40.318  1940  2076 I BrowserChrP: handleStateChanged
07-29 11:50:40.673  1997  2173 D HwWifiStatStore: handleMessage : 200
07-29 11:50:41.192   574   574 E WifiHAL : enter wifi_get_link_stats
07-29 11:50:42.278  1521  2527 V HwPhoneWindowManager: updateSystemUiColorLw window=Window{a130d3b u0 com.huawei.android.launcher/com.huawei.android.launcher.unihome.UniHomeLauncher},EmuiStyle=-1,StatusBarColor=0xfff8f8f8,NavigationBarColor=0x0, mLastIsEmuiLightStyle=-1, mForceNotchStatusBar=false
07-29 11:50:42.282  1521  1693 I chatty  : uid=1000(system) GestureNavManag expire 4 lines
07-29 11:50:42.286  2037  2153 I ScenarioService: check surface view pkg: com.huawei.hiview
07-29 11:50:42.294  2074  2074 V InputMethodManager: Reporting focus gain, without startInput
07-29 11:50:42.309  1997  1997 D ZrHung.AppEyeUiProbe: stop checker.
07-29 11:50:42.311  1521  2527 E HwActivityManagerServiceEx: invalid ActivityRecord, error.
07-29 11:50:42.311  1521  2527 E HwActivityManagerServiceEx: parse activity info error.
07-29 11:50:42.311  1521  1693 E WindowManager: win=Window{dde8adb u0 GestureNavLeft} destroySurfaces: appStopped=true win.mWindowRemovalAllowed=false win.mRemoveOnExit=false
07-29 11:50:42.332  1854  4599 I CommandQueue: updateBarBgColor
07-29 11:50:42.333  1854  4599 D CommandQueue: CommandQueue, setBarBackgroundColor
07-29 11:50:42.333  1521  1540 I StatusBarDisable: setFlags what=0 which=1 pkg=Window{a130d3b u0 com.huawei.android.launcher/com.huawei.android.launcher.unihome.UniHomeLauncher}
07-29 11:50:42.338  1854  1854 D TintManager: statusBarIconTint=99000000,navigationBarIconTint=99ffffff
07-29 11:50:42.339  1854  1854 D BarTransitions.HwNavigationBarView: MODE_OPAQUE -> MODE_TRANSLUCENT animate=false
07-29 11:50:42.340  1854  1854 D BarTransitions.HwNavigationBarView: applyModeBackground oldMode=MODE_OPAQUE newMode=MODE_TRANSLUCENT animate=false
07-29 11:50:42.346  2037  2934 E AwareLog: SPKSchedFeature: Uid has been sent, ignore.
07-29 11:50:42.353  2074  2074 W HwLauncher: FolderIcon drawSelectedLabel bitmap null
07-29 11:50:42.355  2074  2074 I chatty  : uid=10062(com.huawei.android.launcher) identical 3 lines
07-29 11:50:42.358  2074  2074 W HwLauncher: FolderIcon drawSelectedLabel bitmap null
07-29 11:50:42.334  1521  1540 I chatty  : uid=1000(system) android.ui identical 2 lines
07-29 11:50:42.334  1521  1540 I StatusBarDisable: setFlags what=0 which=1 pkg=Window{a130d3b u0 com.huawei.android.launcher/com.huawei.android.launcher.unihome.UniHomeLauncher}
07-29 11:50:42.362  1521  1693 E WindowManager: win=Window{f7a4524 u0 GestureNavRight} destroySurfaces: appStopped=true win.mWindowRemovalAllowed=false win.mRemoveOnExit=false
07-29 11:50:42.368  1521  1540 I StatusBarDisable: setFlags what=0 which=1 pkg=Window{a130d3b u0 com.huawei.android.launcher/com.huawei.android.launcher.unihome.UniHomeLauncher}
07-29 11:50:42.377  1521  2527 D HwPhoneWindowManager: sensorRotation = -1 lastRotation:0
07-29 11:50:42.379  1521  2527 W HwActivityManagerServiceEx: setResumedActivityUncheckLocked start call, from: ActivityRecord{eab9fbf u0 com.huawei.hiview/com.huawei.aqv.ui.CrashAppDialog t2087 f}, to: ActivityRecord{21fa77e u0 com.huawei.android.launcher/.unihome.UniHomeLauncher t1}
07-29 11:50:42.380  1521  2527 W HwActivityManagerServiceEx: appSwitch from: com.huawei.hiview to: com.huawei.android.launcher
07-29 11:50:42.380  1521  1537 W HwActivityManagerServiceEx: HwActivityNotifier end call for returnToHome under user 0 cost 0
07-29 11:50:42.381  1521  1537 W HwActivityManagerServiceEx: HwActivityNotifier end call for appSwitch under user 0 cost 0
07-29 11:50:42.382  1940 25542 D AssistantService-901302: registerHwActivityNotifier call fromPackage:com.huawei.hiview, toPackage:com.huawei.android.launcher
07-29 11:50:42.382  1940 25542 D AssistantService-901302: issystemapp:com.huawei.hiview
07-29 11:50:42.382  1940 25542 D AssistantService-901302: issystemapp:com.huawei.android.launcher
07-29 11:50:42.382  1521  2527 D HwPhoneWindowManager: sensorRotation = -1 lastRotation:0
07-29 11:50:42.383  2074  5516 D Activity: pivotX = -1.0, pivotY = -1.0, iconWidth = -1, iconHeight = -1, iconWidth = -1, flag = -1
07-29 11:50:42.383  1521  2527 V WindowManager: notifyAppResumed: wasStopped=false AppWindowToken{755952c token=Token{5f6e4df ActivityRecord{21fa77e u0 com.huawei.android.launcher/.unihome.UniHomeLauncher t1}}}
07-29 11:50:42.385  2037  2153 D ScenarioService: front pkg : com.huawei.android.launcher launcher: true
07-29 11:50:42.385  2037  2153 I AppManager: handleAppFrontEvent: com.huawei.android.launcher
07-29 11:50:42.388  2074  2074 I ViewRootImpl: jank_removeInvalidNode all the node in jank list is out of time
07-29 11:50:42.388  2074  2074 D ZrHung.AppEyeUiProbe: notify runnable to start.
07-29 11:50:42.389  2074  2200 D ZrHung.AppEyeUiProbe: restart watching
07-29 11:50:42.390  2037  2153 I AppsUsage: scnOff:false FgAPP:com.huawei.android.launcher BgAPP:com.huawei.hiview
07-29 11:50:42.393  2037  2298 I hibernation: front pkg : com.huawei.android.launcher launcher: true
07-29 11:50:42.393   543   543 I GRALLOC : getCallingPid=581, shrFd=30,fmt=0x1,intFmt=0x200000001,btStrd=4352,size=10399744,pid=543 
07-29 11:50:42.393   543   543 I GRALLOC : 	 yuv=2,w=1080,h=2340,Stride u=0 v=0,offset u=0 v=0 
07-29 11:50:42.393   543   543 I GRALLOC : 	 iova_size=10399744,conUsg=0xb00,proUsg=0xb00,	 strd=1088,[afbc]HdrStrd=1088 PyldStrd=69632 Scrmbl=2,ionhnd = 1 
07-29 11:50:42.396  1940  2342 D Hicom_EmcomManagerService: forePackage name is com.huawei.android.launcher
07-29 11:50:42.396  1940  2342 D HicomMonitor: notifyForegroundAppChanged: begin
07-29 11:50:42.396  1940  2342 D XEngineProcessor: onForegroundAppChanged, pkgName:com.huawei.android.launcher
07-29 11:50:42.396  1940  2342 D XEngineProcessor: handlerAppForeground pkgName = com.huawei.android.launchermDaemonVersion = 2
07-29 11:50:42.397  1940  2342 D HicomdMessageAdapter: getHicomAppInfoByName. current mHicomAppInfos : [packageName=com.ss.android.article.video, grade=1, isForeground=true, mainCardPsStatus=-1, viewInfos=[], hicomFeaturesInfos={multiPath=0, multiPathType=0, wifiMode=0, speedCtrl=1, maxGrade=5, minGrade=1, proxy=null, smartmpConfig=null, multipathPolicy=null}, timeInfos=[], packageName=com.sina.weibo, grade=1, isForeground=true, mainCardPsStatus=-1, viewInfos=[], hicomFeaturesInfos={multiPath=0, multiPathType=0, wifiMode=0, speedCtrl=1, maxGrade=5, minGrade=1, proxy=null, smartmpConfig=null, multipathPolicy=null}, timeInfos=[], packageName=com.tencent.mm, grade=1, isForeground=true, mainCardPsStatus=-1, viewInfos=[], hicomFeaturesInfos={multiPath=0, multiPathType=0, wifiMode=0, speedCtrl=1, maxGrade=5, minGrade=1, proxy=null, smartmpConfig=null, multipathPolicy=null}, timeInfos=[], packageName=com.sdu.didi.gui, grade=1, isForeground=true, mainCardPsStatus=-1, viewInfos=[], hicomFeaturesInfos={multiPath=0, multiPathType=0, wifiMode=0, speedCtrl=1, maxGrade=5, minGrade=1, proxy=null, smartmpConfig=null, multipathPolicy=null}, timeInfos=[], packageName=com.sdu.didi.gsui, grade=1, isForeground=true, mainCardPsStatus=-1, viewInfos=[], hicomFeaturesInfos={multiPath=0, multiPathType=0, wifiMode=0, speedCtrl=1, maxGrade=5, minGrade=1, proxy=null, smartmpConfig=null, multipathPolicy=null}, timeInfos=[], packageName=com.tencent.tmgp.sgame, grade=1, isForeground=true, mainCardPsStatus=1, viewInfos=[], hicomFeaturesInfos={multiPath=0, multiPathType=0, wifiMode=0, speedCtrl=1, maxGrade=5, minGrade=1, proxy=null, smartmpConfig=null, multipathPolicy=null}, timeInfos=[]]
07-29 11:50:42.397  1940  2342 D XEngineProcessor: configInfo = null
07-29 11:50:42.397  1940  2342 D XEngineProcessor: gameInfo = {multiPath=0, multiPathType=0, wifiMode=0, speedCtrl=1, maxGrade=5, minGrade=1, proxy=null, smartmpConfig=null, multipathPolicy=null} inGameSpace false
07-29 11:50:42.397  1940  2342 D Hicom_SysEnvMonitor: onForegroundAppChanged, pkgName: com.huawei.android.launcher
07-29 11:50:42.397  1940  2342 D XEngineMpipControl: onForegroundAppChanged, pkgName:com.huawei.android.launcher
07-29 11:50:42.397  1940  2342 D XEngineMpipControl: Invalid subId
07-29 11:50:42.397  1940  2342 E XEngineMpipControl: Invalid SubId
07-29 11:50:42.397  1940  2342 D SmartcareProc: onForegroundAppChanged, pkgName:com.huawei.android.launcher
07-29 11:50:42.397  1940  2342 W FIControl: Failed to find configuration for com.huawei.android.launcher
07-29 11:50:42.397  1940  2342 D HicomMonitor: onForegroundAppChanged is called
07-29 11:50:42.397  1940  2342 D Hicom_PolicyCenterService: handleForegroundAppChanged new forground app -1
07-29 11:50:42.397  1940  2342 D Hicom_PolicyCenterService: handleForegroundAppChanged forground not changed 
07-29 11:50:42.397  2037  2428 I PGServer: report state:10000 event type:2 pid:0 uid:0 pkg:com.huawei.hiview to pid: 2037
07-29 11:50:42.403  2037  2428 I SceneReceiver: state type: 10000 eventType:2 pid:0 uid:0 pkg:com.huawei.hiview
07-29 11:50:42.403  2037  2428 I PGServer: report state:10000 event type:2 pid:0 uid:0 pkg:com.huawei.hiview to pid: 1521
07-29 11:50:42.404  2037  2428 I PGServer: report state:10010 event type:1 pid:0 uid:0 pkg:com.huawei.android.launcher to pid: 2037
07-29 11:50:42.404  1521  2527 V WindowManager: Checking 1 opening apps (frozen=false timeout=false), Track: activitypause performsurface
07-29 11:50:42.404  1521  2527 V WindowManager: Check opening app=AppWindowToken{755952c token=Token{5f6e4df ActivityRecord{21fa77e u0 com.huawei.android.launcher/.unihome.UniHomeLauncher t1}}}: allDrawn=true startingDisplayed=false startingMoved=false isRelaunching()=false startingWindow=null
07-29 11:50:42.404  1521  2527 I WindowManager: closing apps count = 1
07-29 11:50:42.409   581   691 D         : doWinFrameOptStatusRecog begin to recog Layer result=2
07-29 11:50:42.409  2037  2428 I SceneReceiver: state type: 10010 eventType:1 pid:0 uid:0 pkg:com.huawei.android.launcher
07-29 11:50:42.409  2037  2933 D HwThermalStateManager: current foreapp pkg : com.huawei.android.launcher
07-29 11:50:42.411  2037  2428 I PGServer: report state:10010 event type:1 pid:0 uid:0 pkg:com.huawei.android.launcher to pid: 1521
07-29 11:50:42.411  2037  2054 I PGServer: checkPkgType. calling pkg: android
07-29 11:50:42.413   543   543 I GRALLOC : getCallingPid=581, shrFd=30,fmt=0x1,intFmt=0x1,btStrd=3072,size=5038080,pid=543 
07-29 11:50:42.413   543   543 I GRALLOC : 	 yuv=2,w=756,h=1638,Stride u=0 v=0,offset u=0 v=0 
07-29 11:50:42.413   543   543 I GRALLOC : 	 iova_size=5038080,conUsg=0x306,proUsg=0x366,	 strd=768,[afbc]HdrStrd=0 PyldStrd=0 Scrmbl=0,ionhnd = 1 
07-29 11:50:42.438  1521  1537 W HwActivityManagerServiceEx: HwActivityNotifier end call for activityLifeState under user 0 cost 1
07-29 11:50:42.438  1997  1997 D ViewRootImpl[CrashAppDialog]: surface should not be released
07-29 11:50:42.439 23343 13511 I HiSearch9.11.3.301: [LauncherOverlayService]: LAUNCHER_INTERACTION from launcher and invoke id = -111
07-29 11:50:42.439 23343 13511 I HiSearch9.11.3.301: [LauncherOverlayService]: isOverlayClosed = true
07-29 11:50:42.439 23343 13511 I HiSearch9.11.3.301: [LauncherOverlayService]: LAUNCHER_INTERACTION from launcher and invoke, overlay closed, return. 
07-29 11:50:42.440  1997  1997 D ViewRootImpl[CrashAppDialog]: surface should not be released
07-29 11:50:42.440  1854  1854 I HwNavigationBarView: updateAssistantButtonInGuestureMode(), vis=true,isGestureNavEnable=true
07-29 11:50:42.441  1521  1540 I StatusBarDisable: setFlags what=0 which=1 pkg=Window{a130d3b u0 com.huawei.android.launcher/com.huawei.android.launcher.unihome.UniHomeLauncher}
07-29 11:50:42.442  1521  1540 I StatusBarDisable: setFlags what=0 which=1 pkg=Window{a130d3b u0 com.huawei.android.launcher/com.huawei.android.launcher.unihome.UniHomeLauncher}
07-29 11:50:42.443  1521  1537 W HwActivityManagerServiceEx: HwActivityNotifier end call for activityLifeState under user 0 cost 1
07-29 11:50:42.443  1521  1551 D HwGameAssistantController: UPDATE: mCurFgPkg=com.huawei.android.launcher, mCurFgPid=2074, mCurIsGame=false
07-29 11:50:42.443  1521  4189 I chatty  : uid=1000(system) HwAPPQoEActivit expire 20 lines
07-29 11:50:42.444  1521  1778 I chatty  : uid=1000(system) HwHiNetworkMana expire 26 lines
07-29 11:50:42.445  1997  9721 I OPCollectLog: AppChangeImpl: uid: 10062 pkg: com.huawei.android.launcher class: com.huawei.android.launcher.unihome.UniHomeLauncher
07-29 11:50:42.445  1997  2231 I OPCollectLog: HwForegroundAppAction:handleMessage 
07-29 11:50:42.445  1854  1854 I HwNavigationBarView: updateAssistantButtonInGuestureMode(), vis=true,isGestureNavEnable=true
07-29 11:50:42.445  1997  2231 I OPCollectLog: Action:HwForegroundAppAction executed successfully
07-29 11:50:42.450  1997  1997 W RollbackRuleDetector: RollbackRuleDetector already stop
07-29 11:50:42.452  1997  2233 I OPCollectLog: OdmfHelper:insert dsCollectEncrypt success 
07-29 11:50:42.454  8876  8900 I [HwRecSys]OdmfCollectScheduler: handleMessage msg: 6
07-29 11:50:42.454  8876  8900 I [HwRecSys]HwRecSysService:  cur pkg: com.huawei.android.launcher
07-29 11:50:42.454  1997 22939 W libEGL  : EGLNativeWindowType 0x700a297010 disconnect failed
07-29 11:50:42.455   736   927 W JankService: processEntry, not beta version or commercial log off
07-29 11:50:42.455  1521 11434 V WindowManager: removeIfPossible: Window{f7b6651 u0 com.huawei.hiview/com.huawei.aqv.ui.CrashAppDialog}
07-29 11:50:42.459  1521 11434 V WindowManager: Not removing Window{f7b6651 u0 com.huawei.hiview/com.huawei.aqv.ui.CrashAppDialog EXITING} due to exit animation 
07-29 11:50:42.461  1521  1540 I StatusBarDisable: setFlags what=0 which=1 pkg=Window{a130d3b u0 com.huawei.android.launcher/com.huawei.android.launcher.unihome.UniHomeLauncher}
07-29 11:50:42.463  1997  1997 D ActivityThread: Remove activity client record, r= ActivityRecord{fd6ad21 token=android.os.BinderProxy@5fa8be6 {com.huawei.hiview/com.huawei.aqv.ui.CrashAppDialog}} token= android.os.BinderProxy@5fa8be6
07-29 11:50:42.463  1521  1540 I StatusBarDisable: setFlags what=0 which=1 pkg=Window{a130d3b u0 com.huawei.android.launcher/com.huawei.android.launcher.unihome.UniHomeLauncher}
07-29 11:50:42.467  1997 22939 W libEGL  : EGLNativeWindowType 0x700a2d3010 disconnect failed
07-29 11:50:42.468  1521 11434 V WindowManager: removeIfPossible: Window{a47c7b7 u0 com.huawei.hiview/com.huawei.aqv.ui.CrashAppDialog}
07-29 11:50:42.468  1521 11434 V WindowManager: Not removing Window{a47c7b7 u0 com.huawei.hiview/com.huawei.aqv.ui.CrashAppDialog EXITING} due to exit animation 
07-29 11:50:42.470  1521  1540 I StatusBarDisable: setFlags what=0 which=1 pkg=Window{a130d3b u0 com.huawei.android.launcher/com.huawei.android.launcher.unihome.UniHomeLauncher}
07-29 11:50:42.474  1521  1540 I StatusBarDisable: setFlags what=0 which=1 pkg=Window{a130d3b u0 com.huawei.android.launcher/com.huawei.android.launcher.unihome.UniHomeLauncher}
07-29 11:50:42.476  1521 11434 V WindowManager: removeAppToken: AppWindowToken{b3781d5 token=Token{679668c ActivityRecord{eab9fbf u0 com.huawei.hiview/com.huawei.aqv.ui.CrashAppDialog t2087}}} delayed=true Callers=com.android.server.wm.DisplayContent.removeAppToken:1067 com.android.server.wm.AppWindowContainerController.removeContainer:315 com.android.server.am.ActivityRecord.removeWindowContainer:1160 com.android.server.am.ActivityStack.removeActivityFromHistoryLocked:4532 
07-29 11:50:42.476  1521 11434 V WindowManager: removeAppToken make exiting: AppWindowToken{b3781d5 token=Token{679668c ActivityRecord{eab9fbf u0 com.huawei.hiview/com.huawei.aqv.ui.CrashAppDialog t2087}}}
07-29 11:50:42.479  1521  1540 I StatusBarDisable: setFlags what=0 which=1 pkg=Window{a130d3b u0 com.huawei.android.launcher/com.huawei.android.launcher.unihome.UniHomeLauncher}
07-29 11:50:42.614  1521  1651 V WindowManager: Exit animation finished in Window{a47c7b7 u0 com.huawei.hiview/com.huawei.aqv.ui.CrashAppDialog EXITING}: remove=true
07-29 11:50:42.614  1521  1651 E WindowManager: win=Window{a47c7b7 u0 com.huawei.hiview/com.huawei.aqv.ui.CrashAppDialog EXITING} destroySurfaces: appStopped=false win.mWindowRemovalAllowed=true win.mRemoveOnExit=true
07-29 11:50:42.615  1521  1651 V WindowManager: postWindowRemoveCleanupLocked: Window{a47c7b7 u0 com.huawei.hiview/com.huawei.aqv.ui.CrashAppDialog}
07-29 11:50:42.615  1521  1651 V WindowManager: Removing Window{a47c7b7 u0 com.huawei.hiview/com.huawei.aqv.ui.CrashAppDialog} from AppWindowToken{b3781d5 token=Token{679668c ActivityRecord{eab9fbf u0 com.huawei.hiview/com.huawei.aqv.ui.CrashAppDialog t2087}}} mIsExiting=
07-29 11:50:42.617  1521  1540 I StatusBarDisable: setFlags what=0 which=1 pkg=Window{a130d3b u0 com.huawei.android.launcher/com.huawei.android.launcher.unihome.UniHomeLauncher}
07-29 11:50:42.622  1521  1540 I StatusBarDisable: setFlags what=0 which=1 pkg=Window{a130d3b u0 com.huawei.android.launcher/com.huawei.android.launcher.unihome.UniHomeLauncher}
07-29 11:50:42.624  1521  1651 V WindowManager: Exit animation finished in Window{f7b6651 u0 com.huawei.hiview/com.huawei.aqv.ui.CrashAppDialog EXITING}: remove=true
07-29 11:50:42.624  1521  1651 E WindowManager: win=Window{f7b6651 u0 com.huawei.hiview/com.huawei.aqv.ui.CrashAppDialog EXITING} destroySurfaces: appStopped=false win.mWindowRemovalAllowed=true win.mRemoveOnExit=true
07-29 11:50:42.624  1521  1651 V WindowManager: postWindowRemoveCleanupLocked: Window{f7b6651 u0 com.huawei.hiview/com.huawei.aqv.ui.CrashAppDialog}
07-29 11:50:42.624  1521  1651 V WindowManager: Removing Window{f7b6651 u0 com.huawei.hiview/com.huawei.aqv.ui.CrashAppDialog} from AppWindowToken{b3781d5 token=Token{679668c ActivityRecord{eab9fbf u0 com.huawei.hiview/com.huawei.aqv.ui.CrashAppDialog t2087}}} mIsExiting=
07-29 11:50:42.626  1521  1540 I StatusBarDisable: setFlags what=0 which=1 pkg=Window{a130d3b u0 com.huawei.android.launcher/com.huawei.android.launcher.unihome.UniHomeLauncher}
07-29 11:50:42.628  1521  1651 V WindowManager: removeAppToken: AppWindowToken{b3781d5 token=Token{679668c ActivityRecord{eab9fbf u0 com.huawei.hiview/com.huawei.aqv.ui.CrashAppDialog t2087}}} mIsExiting= delayed=false Callers=com.android.server.wm.AppWindowToken.removeImmediately:659 com.android.server.wm.WindowContainer.removeImmediately:312 com.android.server.wm.Task.removeImmediately:191 com.android.server.wm.WindowContainer.removeImmediately:312 
07-29 11:50:42.630  1521  1540 I StatusBarDisable: setFlags what=0 which=1 pkg=Window{a130d3b u0 com.huawei.android.launcher/com.huawei.android.launcher.unihome.UniHomeLauncher}
07-29 11:50:42.852  1854  1854 D StatusBarIconController: setIconVisibility icon is null or visibility not change visibility=false
07-29 11:50:42.635  1521  1540 I StatusBarDisable: setFlags what=0 which=1 pkg=Window{a130d3b u0 com.huawei.android.launcher/com.huawei.android.launcher.unihome.UniHomeLauncher}
07-29 11:50:42.911  1521  1521 I HwNormalizedSpline: NewCurveMode eye mode=EyeProtectionMode
07-29 11:50:42.856  1854  1854 D StatusBarIconController: setIconVisibility icon is null or visibility not change visibility=false
07-29 11:50:43.236  1997 22937 D ZrHung.AppEyeUiProbe: Current Activity:false
07-29 11:50:43.236  1997 22937 D ZrHung.AppEyeUiProbe: not watching, wait.
07-29 11:50:43.383  1521  1711 I chatty  : uid=1000(system) WifiService expire 44 lines
07-29 11:50:43.383  1521 26575 I chatty  : uid=1000 system_server expire 2 lines
07-29 11:50:43.683  1997  2173 D HwWifiStatStore: handleMessage : 200
07-29 11:50:43.930  2074  2087 I ndroid.launche: NativeAlloc concurrent copying GC freed 58073(2MB) AllocSpace objects, 0(0B) LOS objects, 49% free, 11MB/22MB, paused 521us total 125.875ms
07-29 11:50:43.932  2074  2085 W InputChannel-JNI: Input channel object 'recents_animation_input_consumer (client)' was finalized without being disposed!
07-29 11:50:43.933  2074  2085 W System  : A resource failed to call release. 
07-29 11:50:44.211   574   574 E WifiHAL : enter wifi_get_link_stats
07-29 11:50:44.857  1854  1854 D StatusBarIconController: setIconVisibility icon is null or visibility not change visibility=false
07-29 11:50:44.862  1854  1854 D StatusBarIconController: setIconVisibility icon is null or visibility not change visibility=false
07-29 11:50:44.875  1854  1854 D ImageWallpaper: trimMemory
07-29 11:50:44.875  1854  1854 I ImageWallpaper: trimMemory release wallpaper bitmap
07-29 11:50:44.892  1854  1854 D ImageWallpaper: unloadWallpaper forgetSize: true
07-29 11:50:45.346   730   730 D SensorHub: -------------------------->SENSOR_TYPE_PROXIMITY data[0] = 0.000000
07-29 11:50:45.425   730   863 D SensorHub: -------------------------->SENSOR_TYPE_PROXIMITY data[0] = 5.000000
07-29 11:50:45.585   730   863 D SensorHub: -------------------------->SENSOR_TYPE_PROXIMITY data[0] = 5.000000
07-29 11:50:45.664   730   863 D SensorHub: -------------------------->SENSOR_TYPE_PROXIMITY data[0] = 5.000000
07-29 11:50:45.983   730   863 D SensorHub: -------------------------->SENSOR_TYPE_PROXIMITY data[0] = 5.000000
07-29 11:50:46.692  1997  2173 D HwWifiStatStore: handleMessage : 200
07-29 11:50:46.861  1854  1854 D StatusBarIconController: setIconVisibility icon is null or visibility not change visibility=false
07-29 11:50:46.863  1854  1854 D StatusBarIconController: setIconVisibility icon is null or visibility not change visibility=false
07-29 11:50:46.935   730   730 D SensorHub: -------------------------->SENSOR_TYPE_PROXIMITY data[0] = 0.000000
07-29 11:50:47.014   730   730 I chatty  : uid=1000(system) sensors@1.0-ser identical 6 lines
07-29 11:50:47.093   730   730 D SensorHub: -------------------------->SENSOR_TYPE_PROXIMITY data[0] = 0.000000
07-29 11:50:47.173   730   730 D SensorHub: -------------------------->SENSOR_TYPE_PROXIMITY data[0] = 5.000000
07-29 11:50:47.221   574   574 E WifiHAL : enter wifi_get_link_stats
07-29 11:50:47.234  1521  1712 I chatty  : uid=1000(system) WifiStateMachin expire 12 lines
07-29 11:50:47.252   730   730 D SensorHub: -------------------------->SENSOR_TYPE_PROXIMITY data[0] = 5.000000
07-29 11:50:47.331   730   730 D SensorHub: -------------------------->SENSOR_TYPE_PROXIMITY data[0] = 5.000000
07-29 11:50:47.490   730   730 D SensorHub: -------------------------->SENSOR_TYPE_PROXIMITY data[0] = 5.000000
07-29 11:50:47.570   730   863 D SensorHub: -------------------------->SENSOR_TYPE_PROXIMITY data[0] = 5.000000
07-29 11:50:47.649   730   863 D SensorHub: -------------------------->SENSOR_TYPE_PROXIMITY data[0] = 5.000000
07-29 11:50:47.729   730   863 D SensorHub: -------------------------->SENSOR_TYPE_PROXIMITY data[0] = 5.000000
07-29 11:50:48.866  1854  1854 D StatusBarIconController: setIconVisibility icon is null or visibility not change visibility=false
07-29 11:50:48.867  1854  1854 E ndroid.systemu: Invalid ID 0x00000000.
07-29 11:50:48.867  1854  1854 E HwNotchUtils: setIconForView iconId is not found
07-29 11:50:48.867  1854  1854 D StatusBarIconController: setIconVisibility icon is null or visibility not change visibility=false
07-29 11:50:48.867  1854  1854 E ndroid.systemu: Invalid ID 0x00000000.
07-29 11:50:48.867  1854  1854 E HwNotchUtils: setIconForView iconId is not found
07-29 11:50:48.867  1854  1854 D StatusBarIconController: setIconVisibility icon is null or visibility not change visibility=false
07-29 11:50:48.867  1854  1854 E ndroid.systemu: Invalid ID 0x00000000.
07-29 11:50:48.867  1854  1854 E HwNotchUtils: setIconForView iconId is not found
07-29 11:50:49.141  2056  2056 I ImsResolver: getMmTelFeatureAndListen - slot: 2 callback: com.android.ims.MmTelFeatureConnection$1@78df1b6
07-29 11:50:49.701  1997  2173 D HwWifiStatStore: handleMessage : 200
07-29 11:50:50.242   574   574 E WifiHAL : enter wifi_get_link_stats
07-29 11:50:50.520  1521  1553 I HwNormalizedSpline: NewCurveMode eye mode=EyeProtectionMode
07-29 11:50:50.869  1854  1854 D StatusBarIconController: setIconVisibility icon is null or visibility not change visibility=false
07-29 11:50:50.869  1854  1854 D StatusBarIconController: setIconVisibility icon is null or visibility not change visibility=false
07-29 11:50:51.388  1521 26580 I chatty  : uid=1000 system_server expire 2 lines
07-29 11:50:51.388  1521  1781 I chatty  : uid=1000(system) HuaweiWifiWatch expire 13 lines
07-29 11:50:52.097  1521  1901 W Watchdog: hungtask: writing kick
07-29 11:50:52.152 25054 25292 I SmartThreadExecutor: handleMessage: start check 0
07-29 11:50:52.152 25054 25292 I SmartThreadExecutor: handleMessage: check end 0 -665 false
07-29 11:50:52.707  1997  2173 D HwWifiStatStore: handleMessage : 200
07-29 11:50:53.260   574   574 E WifiHAL : enter wifi_get_link_stats
07-29 11:50:54.879  1854  1854 D StatusBarIconController: setIconVisibility icon is null or visibility not change visibility=false
07-29 11:50:54.881  1854  1854 D StatusBarIconController: setIconVisibility icon is null or visibility not change visibility=false
07-29 11:50:55.713  1997  2173 D HwWifiStatStore: handleMessage : 200
07-29 11:50:55.884  1854  1854 D StatusBarIconController: setIconVisibility icon is null or visibility not change visibility=false
07-29 11:50:55.888  1854  1854 D StatusBarIconController: setIconVisibility icon is null or visibility not change visibility=false
07-29 11:50:56.278   574   574 E WifiHAL : enter wifi_get_link_stats
07-29 11:50:56.881  1854  1854 D StatusBarIconController: setIconVisibility icon is null or visibility not change visibility=false
07-29 11:50:56.883  1854  1854 D StatusBarIconController: setIconVisibility icon is null or visibility not change visibility=false
07-29 11:50:56.896 26584 26584 E JankService: child Thread receive to stop
07-29 11:50:57.037   736   926 E JankService: all data read ok
07-29 11:50:57.425  2017  2637 I HwNaturalBase: [ServiceGuarder]: 34814Kb ram is used.
07-29 11:50:57.693   730   730 D SensorHub: Get acc data -0.150998, 0.009606, 9.832086
07-29 11:50:58.172  1940  2302 E FileMonitorJni: open -1 failed!
07-29 11:50:58.174  1940  2302 I chatty  : uid=1000(system) PolicyActionThr identical 9 lines
07-29 11:50:58.724  1997  2173 D HwWifiStatStore: handleMessage : 200
07-29 11:50:58.792  1521  1658 D HwBatteryService: onUEvent fcpStatus = 0,scpStatus =0,ovpStatus=0
07-29 11:50:58.794  1521  1658 I HwBatteryService: quick charge status : 0
07-29 11:50:58.794  1521  1658 I HwBatteryService: handleWirelessTxStatus
07-29 11:50:58.795  1521  1658 I HwBatteryService: switch not open, return, mWirelessTxFlag : 0
07-29 11:50:58.796  1521  1658 I UsbDeviceManager: water_intrused state= 0
07-29 11:50:58.887  1854  1854 D StatusBarIconController: setIconVisibility icon is null or visibility not change visibility=false
07-29 11:50:58.887  1854  1854 E ndroid.systemu: Invalid ID 0x00000000.
07-29 11:50:58.887  1854  1854 E HwNotchUtils: setIconForView iconId is not found
07-29 11:50:58.888  1854  1854 D StatusBarIconController: setIconVisibility icon is null or visibility not change visibility=false
07-29 11:50:58.888  1854  1854 E ndroid.systemu: Invalid ID 0x00000000.
07-29 11:50:58.888  1854  1854 E HwNotchUtils: setIconForView iconId is not found
07-29 11:50:58.888  1854  1854 D StatusBarIconController: setIconVisibility icon is null or visibility not change visibility=false
07-29 11:50:58.888  1854  1854 E ndroid.systemu: Invalid ID 0x00000000.
07-29 11:50:58.889  1854  1854 E HwNotchUtils: setIconForView iconId is not found
07-29 11:50:59.298   574   574 E WifiHAL : enter wifi_get_link_stats
07-29 11:50:59.388  1521 26585 I chatty  : uid=1000 system_server expire 2 lines
07-29 11:50:59.389  1521  1711 I chatty  : uid=1000(system) WifiService expire 34 lines
07-29 11:51:00.010  1521  1521 V AlarmManager: Received TIME_TICK alarm; rescheduling
07-29 11:51:00.011  1521  1521 I HwAlarmManagerService: hwSetAlarm listenerTag: time_tick
07-29 11:51:00.037  1854  1854 E DateView: DateView,mCurrentTime: 1564372260037
07-29 11:51:00.040  1854  1854 I EventCenter: EventCenter Get :android.intent.action.TIME_TICK
07-29 11:51:00.040  1854  1854 W ClockView1:  action android.intent.action.TIME_TICK
07-29 11:51:00.040  1854  1854 W ClockView1:  action android.intent.action.TIME_TICK
07-29 11:51:00.066  1854  1854 E ndroid.systemu: No package ID ff found for ID 0xffffffff.
07-29 11:51:00.067  1854  1854 I LocalCalendar: CalendarId: 0001LocalCalender On
07-29 11:51:00.069  1854  1854 E ndroid.systemu: No package ID ff found for ID 0xffffffff.
07-29 11:51:00.070  1854  1854 I LocalCalendar: CalendarId: 0001LocalCalender On
07-29 11:51:00.071  1854  1854 D KeyguardUpdateMonitor: received broadcast android.intent.action.TIME_TICK
07-29 11:51:00.072  1854  1854 D KeyguardUpdateMonitor: handleTimeUpdate
07-29 11:51:00.072  1854  2114 I KeyguardStatusView: Runnable for refresh
07-29 11:51:00.074  2074  2074 I HwLauncher: Model  onReceive intent=Intent { act=android.intent.action.TIME_TICK flg=0x50200014 hwFlg=0x900 (has extras) }
07-29 11:51:00.074  2074  2074 I HwLauncher: Model  onReceive user=UserHandle{0}
07-29 11:51:00.084  2074  2178 E HwLauncher: SettingsEx , no such field.
07-29 11:51:00.084  2074  2178 W HwLauncher: Clock getDataFormat the getSystemString failed.
07-29 11:51:00.145  1854  1854 D DateTimeView: Change to single clock mode!
07-29 11:51:00.146  1854  1854 I ColorPickUitls: type = 2
07-29 11:51:00.146  1854  1854 D DateTimeView: Change to single clock mode!
07-29 11:51:00.147  1854  1854 I ColorPickUitls: type = 2
07-29 11:51:00.185  1521  2527 V BroadcastQueue: Finished with ordered broadcast BroadcastRecord{833db84 u-1 android.intent.action.TIME_TICK}
07-29 11:51:01.735  1997  2173 D HwWifiStatStore: handleMessage : 200
07-29 11:51:02.319   574   574 E WifiHAL : enter wifi_get_link_stats
07-29 11:51:02.333  1521  1712 I chatty  : uid=1000(system) WifiStateMachin expire 11 lines
07-29 11:51:04.745  1997  2173 D HwWifiStatStore: handleMessage : 200
07-29 11:51:04.898  1854  1854 D StatusBarIconController: setIconVisibility icon is null or visibility not change visibility=false
07-29 11:51:04.898  1854  1854 D StatusBarIconController: setIconVisibility icon is null or visibility not change visibility=false
07-29 11:51:05.130  1521 26570 I chatty  : uid=1000 system_server expire 1 line
07-29 11:51:05.342   574   574 E WifiHAL : enter wifi_get_link_stats
07-29 11:51:05.903  1854  1854 D StatusBarIconController: setIconVisibility icon is null or visibility not change visibility=false
07-29 11:51:06.908  1854  1854 D StatusBarIconController: setIconVisibility icon is null or visibility not change visibility=false
07-29 11:51:07.024  1521  1678 I chatty  : uid=1000(system) AlarmManager expire 5 lines
07-29 11:51:07.030  1521  1521 V BroadcastQueue: Finished with ordered broadcast BroadcastRecord{4b687a2 u0 com.huawei.android.bastet.ACTION_SEND_HEARTBEAT}
07-29 11:51:07.129 24773 24774 D bastetd : [HbTaskManager  ] handleTaskTimeout# task schedule timer timeout
07-29 11:51:07.130 24773 24774 D bastetd : [HbProxyTask    ] sendHeartbeat# protId=3, taskId=4 interval=1 sent heartbeat content
07-29 11:51:07.130 24773 24774 D bastetd : [HbTaskManager  ] handleTaskTimeout# set reply timer: 20000
07-29 11:51:07.130 24773 24774 D bastetd : [HbTaskManager  ] rescheduleTimer# detector supplied interval 1
07-29 11:51:07.130 24773 24774 D bastetd : [HbTaskManager  ] rescheduleTimer# reset schedule timer: +300000
07-29 11:51:07.130  1521 11434 I chatty  : uid=1000(system) Binder:1521_1B expire 4 lines
07-29 11:51:07.164  3477 14287 W HiAction_XChannel.RecvThread-15: TraceFlow.PushMessageFlow: handlePacket type:6
07-29 11:51:07.164  3477 14287 I HiAction_XChannel.RecvThread-15: handlePacket(): TYPE_PT_HEARTBEAT_RES
07-29 11:51:07.164  3477 14287 I HiAction_XChannel.XChannelClient-15: setIntoHeartbeatRspQueue(): 
07-29 11:51:07.164 24773 24774 D bastetd : [HbmAdapter     ] handleHbReplyRecv# protId=3, taskId=4, heartbeat reply recved
07-29 11:51:07.164 24773 24774 D bastetd : [HbTaskManager  ] handleReplyTimer# cancel reply timer
07-29 11:51:07.401  1521 26586 I chatty  : uid=1000 system_server expire 3 lines
07-29 11:51:07.755  1997  2173 D HwWifiStatStore: handleMessage : 200
07-29 11:51:07.908  1854  1854 D StatusBarIconController: setIconVisibility icon is null or visibility not change visibility=false
07-29 11:51:07.911  1854  1854 D StatusBarIconController: setIconVisibility icon is null or visibility not change visibility=false
07-29 11:51:08.362   574   574 E WifiHAL : enter wifi_get_link_stats
07-29 11:51:08.382  1521  1544 I ActivityManager: App 10153/com.datecountdown.kyleyang.datecountdown targets O+, restricted
07-29 11:51:08.396  1521 11434 V BroadcastQueue: Finished with ordered broadcast BroadcastRecord{8574c33 u0 com.kyle.yang.event.widget.UPDATE_ALL}
07-29 11:51:08.396  1521 11434 I ActivityManager: App 10153/com.datecountdown.kyleyang.datecountdown targets O+, restricted
07-29 11:51:08.402  1521 11434 V BroadcastQueue: Finished with ordered broadcast BroadcastRecord{8d52bf0 u0 com.kyle.yang.event.widget.UPDATE_ALL}
07-29 11:51:08.909  1854  1854 D StatusBarIconController: setIconVisibility icon is null or visibility not change visibility=false
07-29 11:51:08.910  1854  1854 E ndroid.systemu: Invalid ID 0x00000000.
07-29 11:51:08.910  1854  1854 E HwNotchUtils: setIconForView iconId is not found
07-29 11:51:08.910  1854  1854 D StatusBarIconController: setIconVisibility icon is null or visibility not change visibility=false
07-29 11:51:08.910  1854  1854 E ndroid.systemu: Invalid ID 0x00000000.
07-29 11:51:08.911  1854  1854 E HwNotchUtils: setIconForView iconId is not found
07-29 11:51:08.911  1854  1854 D StatusBarIconController: setIconVisibility icon is null or visibility not change visibility=false
07-29 11:51:08.911  1854  1854 E ndroid.systemu: Invalid ID 0x00000000.
07-29 11:51:08.911  1854  1854 E HwNotchUtils: setIconForView iconId is not found
07-29 11:51:09.542  1997  2182 E HwChrExceptionListener: read chrKmsgPlat Exception
07-29 11:51:09.537  1997  1997 W Thread-3: type=1400 audit(0.0:118458): avc: denied { getattr } for path="/dev/chrKmsgPlat" dev="tmpfs" ino=21831 scontext=u:r:system_app:s0 tcontext=u:object_r:hi110x_dev:s0 tclass=chr_file permissive=0
07-29 11:51:09.543  1997  2182 D CommInfo: not support chipchr  chiptype:hisi sub_chiptype:hi1102
07-29 11:51:09.544  1997  2182 E HwCHRWifiFile: getDevFileResult throw FileNotFoundException
07-29 11:51:09.676  1521  1711 I chatty  : uid=1000(system) WifiService expire 27 lines
07-29 11:51:10.678   730   863 D SensorHub: -------------------------->SENSOR_TYPE_PROXIMITY data[0] = 0.000000
07-29 11:51:10.763  1997  2173 D HwWifiStatStore: handleMessage : 200
07-29 11:51:10.996   730   730 D SensorHub: -------------------------->SENSOR_TYPE_PROXIMITY data[0] = 5.000000
07-29 11:51:11.075   730   863 D SensorHub: -------------------------->SENSOR_TYPE_PROXIMITY data[0] = 5.000000
07-29 11:51:11.313   730   863 D SensorHub: -------------------------->SENSOR_TYPE_PROXIMITY data[0] = 5.000000
07-29 11:51:11.373   574   574 E WifiHAL : enter wifi_get_link_stats
07-29 11:51:11.394   730   863 D SensorHub: -------------------------->SENSOR_TYPE_PROXIMITY data[0] = 5.000000
07-29 11:51:11.551   730   863 D SensorHub: -------------------------->SENSOR_TYPE_PROXIMITY data[0] = 5.000000
07-29 11:51:12.743   730   863 D SensorHub: -------------------------->SENSOR_TYPE_PROXIMITY data[0] = 0.000000
07-29 11:51:12.822   730   730 D SensorHub: -------------------------->SENSOR_TYPE_PROXIMITY data[0] = 0.000000
07-29 11:51:12.902   730   863 D SensorHub: -------------------------->SENSOR_TYPE_PROXIMITY data[0] = 5.000000
07-29 11:51:12.982   730   730 D SensorHub: -------------------------->SENSOR_TYPE_PROXIMITY data[0] = 5.000000
07-29 11:51:13.299   730   730 D SensorHub: -------------------------->SENSOR_TYPE_PROXIMITY data[0] = 5.000000
07-29 11:51:13.378   730   863 D SensorHub: -------------------------->SENSOR_TYPE_PROXIMITY data[0] = 5.000000
07-29 11:51:13.457   730   863 D SensorHub: -------------------------->SENSOR_TYPE_PROXIMITY data[0] = 5.000000
07-29 11:51:13.772  1997  2173 D HwWifiStatStore: handleMessage : 200
07-29 11:51:14.394   574   574 E WifiHAL : enter wifi_get_link_stats
07-29 11:51:15.099  1854 26589 I ndroid.systemu: Explicit concurrent copying GC freed 16004(737KB) AllocSpace objects, 0(0B) LOS objects, 49% free, 13MB/26MB, paused 132us total 64.247ms
07-29 11:51:15.162  1854 26589 I ndroid.systemu: Explicit concurrent copying GC freed 718(57KB) AllocSpace objects, 0(0B) LOS objects, 50% free, 13MB/26MB, paused 81us total 60.031ms
07-29 11:51:15.245   721   721 E Thermal-daemon: [pa_0] temp_new :34  temp_old :35
07-29 11:51:15.246  2037  2054 I ThermalService: Receive temperature change, type: 1, temp: 34 from thermald
07-29 11:51:15.248   721   721 E Thermal-daemon: Report temperature: [pa_0] temp :34  report_threshold:1
07-29 11:51:15.248   721   721 E Thermal-daemon: [ap] temp_new :35  temp_old :36
07-29 11:51:15.249  2037  2054 I ThermalService: Receive temperature change, type: 0, temp: 35 from thermald
07-29 11:51:15.250   721   721 E Thermal-daemon: Report temperature: [ap] temp :35  report_threshold:1
07-29 11:51:15.254  2037  2934 I ThermalTraceService: code:1, appInfo:com.huawei.android.launcher#10000, levelInfo:0,warm_system_h,1
07-29 11:51:15.409  1521  1712 I chatty  : uid=1000(system) WifiStateMachin expire 10 lines
07-29 11:51:15.416  1521 26590 I chatty  : uid=1000 system_server expire 2 lines
07-29 11:51:16.229  1521  1553 I HwNormalizedSpline: NewCurveMode eye mode=EyeProtectionMode
07-29 11:51:16.780  1997  2173 D HwWifiStatStore: handleMessage : 200
07-29 11:51:17.414   574   574 E WifiHAL : enter wifi_get_link_stats
07-29 11:51:19.790  1997  2173 D HwWifiStatStore: handleMessage : 200
07-29 11:51:20.434   574   574 E WifiHAL : enter wifi_get_link_stats
07-29 11:51:20.687  1521  1711 I chatty  : uid=1000(system) WifiService expire 34 lines
07-29 11:51:22.100  1521  1901 W Watchdog: hungtask: writing kick
07-29 11:51:22.156 26591 26591 E JankService: child Thread receive to stop
07-29 11:51:22.215 25054 25292 I SmartThreadExecutor: handleMessage: start check 0
07-29 11:51:22.215 25054 25292 I SmartThreadExecutor: handleMessage: check end 0 -666 false
07-29 11:51:22.297   736   926 E JankService: all data read ok
07-29 11:51:22.582   518   593 D         : Received kernel message payload: chr_event 9
07-29 11:51:22.582   518   593 I         : netd received web stat infomation,trigger chr report!
07-29 11:51:22.582   518   593 I         : netd received web stat infomation,trigger chr report!
07-29 11:51:22.582   518   593 I         : ReportType 0 0 0 0 0 0 0 0 0 0 0 0 0 0 0 0 0 0 0 0 0 0 0 0 0 0 0 0 0 0 0 0 0 0 0 0 0 0 0 0 0 0 0 0 0 0 0 0 0 0 0 0 0 0 0 0 0 0 0 0 0 0 0 0 0 0 0 0 0 0 0 0 0 0 0 0 0 0 0 0 0 0 0 0 0 0 0 0 0 0 0 0 0 0 0 0 0 0 0 0 0 0 0 0 0 0 0 0 0 0 0 0 0 0 0 0 0 0 0 0 0 0 0 0 0 0 0 0 0 0 0 0 0 0 0 0 0 0 0 0 0 0 0 0 0 0 0 0 0 0 0 0 0 0 0 0 0 0 0 0 0 0 0 0 0 0 0 0 0 0 0 0 0 0 0 0 0 0 0 0 0 0 0 0 0 0 0 0 0 0 0 0 0 0 0 0 0 0 0 0 0 0 0 0 0 0 0 0 0 0 0 0 0 0 0 0 0 0 0 0 0 0 0 0 0 0 0 0 0 ReportType 0 17 0 0 0 0 0 2 0 0 0 0 0 0 2 0 0 0 0 0 0 0 0 0 0 0 0 0 0 0 0 0 0 0 0 0 0 0 0 0 0 0 0 0 0 0 0 0 0 0 0 0 0 0 0 0 0 0 0 0 0 0 0 0 0 0 0 0 0 0 0 0 0 0 0 0 0 0 0 0 0 0 0 0 0 0 0 0 0 0 0 0 0 0 0 0 0 0 0 0 0 0 0 0 0 0 0 0 0 0 0 0 0 0 0 0 0 0 0 0 0 0 0 0 0 0 0 0 0 0 0 0 0 0 0 0 0 0 0 0 0 0 0 0 0 0 0 0 0 0 0 0 0 0 0 0 0 0 0 0 0 0 0 0 0 0 0 0 0 0 0 0 0 0 0 0 0 0 0 0 0 0 0 0 0 0 0 0 0 0 0 0 0 0 0 0 0 0 0 0 0 0 0 0 0 0 0 0 0 0 0 0 9 8 9 0 0 0 0 0 0 0 0 0 0 0 0 0 0
07-29 11:51:22.582   518   593 W SocketListener: sending broadcast to Pid = 1521, Uid = 1000 
07-29 11:51:22.583   518   587 W SocketListener: sending broadcast to Pid = 1521, Uid = 1000 
07-29 11:51:22.585  1521  1705 D NetdConnector: RCV <- {661 ReportType 0 0 0 0 0 0 0 0 0 0 0 0 0 0 0 0 0 0 0 0 0 0 0 0 0 0 0 0 0 0 0 0 0 0 0 0 0 0 0 0 0 0 0 0 0 0 0 0 0 0 0 0 0 0 0 0 0 0 0 0 0 0 0 0 0 0 0 0 0 0 0 0 0 0 0 0 0 0 0 0 0 0 0 0 0 0 0 0 0 0 0 0 0 0 0 0 0 0 0 0 0 0 0 0 0 0 0 0 0 0 0 0 0 0 0 0 0 0 0 0 0 0 0 0 0 0 0 0 0 0 0 0 0 0 0 0 0 0 0 0 0 0 0 0 0 0 0 0 0 0 0 0 0 0 0 0 0 0 0 0 0 0 0 0 0 0 0 0 0 0 0 0 0 0 0 0 0 0 0 0 0 0 0 0 0 0 0 0 0 0 0 0 0 0 0 0 0 0 0 0 0 0 0 0 0 0 0 0 0 0 0 0 0 0 0 0 0 0 0 0 0 0 0 0 0 0 0 0 0 ReportType 0 17 0 0 0 0 0 2 0 0 0 0 0 0 2 0 0 0 0 0 0 0 0 0 0 0 0 0 0 0 0 0 0 0 0 0 0 0 0 0 0 0 0 0 0 0 0 0 0 0 0 0 0 0 0 0 0 0 0 0 0 0 0 0 0 0 0 0 0 0 0 0 0 0 0 0 0 0 0 0 0 0 0 0 0 0 0 0 0 0 0 0 0 0 0 0 0 0 0 0 0 0 0 0 0 0 0 0 0 0 0 0 0 0 0 0 0 0 0 0 0 0 0 0 0 0 0 0 0 0 0 0 0 0 0 0 0 0 0 0 0 0 0 0 0 0 0 0 0 0 0 0 0 0 0 0 0 0 0 0 0 0 0 0 0 0 0 0 0 0 0 0 0 0 0 0 0 0 0 0 0 0 0 0 0 0 0 0 0 0 0 0 0 0 0 0 0 0 0 0 0 0 0 0 0 0 0 0 0 0 0 0 9 8 9 0 0 0 0 0 0 0 0 0 0 0 0 0 0}
