07-29 11:51:38.525  1854  1854 D ImageWallpaper: onVisibilityChanged: mVisible, visible=false, true
07-29 11:51:38.525  1854  1854 D ImageWallpaper: Visibility changed to visible=true
07-29 11:51:38.525  1521  2527 V WindowManager_visibility: updateAllDrawn Add AppWindowToken{755952c token=Token{5f6e4df ActivityRecord{21fa77e u0 com.huawei.android.launcher/.unihome.UniHomeLauncher t1}}}
07-29 11:51:38.525  2037  2428 I SceneReceiver: state type: 10010 eventType:1 pid:0 uid:0 pkg:com.huawei.android.launcher
07-29 11:51:38.525  1854  1854 D ImageWallpaper: Suppressed drawFrame since redraw is not needed and offsets have not changed.sf=Rect(0, 0 - 2340, 2340),redrawNeeded=false,mOffsetsChanged=false
07-29 11:51:38.525  2037  2933 D HwThermalStateManager: current foreapp pkg : com.huawei.android.launcher
07-29 11:51:38.525  2037  2428 I PGServer: report state:10010 event type:1 pid:0 uid:0 pkg:com.huawei.android.launcher to pid: 1521
07-29 11:51:38.526  1521  2527 V WindowManager_visibility: updateAllDrawn allDrawn=false interesting=2 drawn=2 relaunchCount=0 for AppWindowToken{755952c token=Token{5f6e4df ActivityRecord{21fa77e u0 com.huawei.android.launcher/.unihome.UniHomeLauncher t1}}}
07-29 11:51:38.526  2037  2331 I PGServer: checkPkgType. calling pkg: android
07-29 11:51:38.532  2074  2074 D ZrHung.AppEyeUiProbe: notify runnable to start.
07-29 11:51:38.532  2074  2200 D ZrHung.AppEyeUiProbe: restart watching
07-29 11:51:38.532   543   543 I GRALLOC : getCallingPid=581, shrFd=30,fmt=0x1,intFmt=0x200000001,btStrd=4352,size=10399744,pid=543 
07-29 11:51:38.532   543   543 I GRALLOC : 	 yuv=2,w=1080,h=2340,Stride u=0 v=0,offset u=0 v=0 
07-29 11:51:38.532   543   543 I GRALLOC : 	 iova_size=10399744,conUsg=0x900,proUsg=0x900,	 strd=1088,[afbc]HdrStrd=1088 PyldStrd=69632 Scrmbl=2,ionhnd = 1 
07-29 11:51:38.537   574   574 E WifiHAL : enter wifi_get_link_stats
07-29 11:51:38.538  1521  2243 V WindowManager: Checking 1 opening apps (frozen=false timeout=false), Track: relayout performsurface
07-29 11:51:38.538  1521  2243 V WindowManager: Check opening app=AppWindowToken{755952c token=Token{5f6e4df ActivityRecord{21fa77e u0 com.huawei.android.launcher/.unihome.UniHomeLauncher t1}}}: allDrawn=true startingDisplayed=false startingMoved=false isRelaunching()=false startingWindow=null
07-29 11:51:38.538  1521  2243 I WindowManager: closing apps count = 0
07-29 11:51:38.538   543  4201 I GRALLOC : getCallingPid=581, shrFd=30,fmt=0x1,intFmt=0x200000001,btStrd=4352,size=10399744,pid=543 
07-29 11:51:38.538   543  4201 I GRALLOC : 	 yuv=2,w=1080,h=2340,Stride u=0 v=0,offset u=0 v=0 
07-29 11:51:38.538   543  4201 I GRALLOC : 	 iova_size=10399744,conUsg=0x900,proUsg=0x900,	 strd=1088,[afbc]HdrStrd=1088 PyldStrd=69632 Scrmbl=2,ionhnd = 2 
07-29 11:51:38.541   543  2584 I GRALLOC : getCallingPid=581, shrFd=30,fmt=0x1,intFmt=0x200000001,btStrd=4352,size=10399744,pid=543 
07-29 11:51:38.541   543  2584 I GRALLOC : 	 yuv=2,w=1080,h=2340,Stride u=0 v=0,offset u=0 v=0 
07-29 11:51:38.541   543  2584 I GRALLOC : 	 iova_size=10399744,conUsg=0x900,proUsg=0x900,	 strd=1088,[afbc]HdrStrd=1088 PyldStrd=69632 Scrmbl=2,ionhnd = 1 
07-29 11:51:38.545   543  4201 I GRALLOC : getCallingPid=581, shrFd=30,fmt=0x1,intFmt=0x200000001,btStrd=4352,size=10399744,pid=543 
07-29 11:51:38.545   543  4201 I GRALLOC : 	 yuv=2,w=1080,h=2340,Stride u=0 v=0,offset u=0 v=0 
07-29 11:51:38.545   543  4201 I GRALLOC : 	 iova_size=10399744,conUsg=0x900,proUsg=0x900,	 strd=1088,[afbc]HdrStrd=1088 PyldStrd=69632 Scrmbl=2,ionhnd = 1 
07-29 11:51:38.548   543  2584 I GRALLOC : getCallingPid=581, shrFd=32,fmt=0x1,intFmt=0x200000001,btStrd=4352,size=10399744,pid=543 
07-29 11:51:38.548   543  2584 I GRALLOC : 	 yuv=2,w=1080,h=2340,Stride u=0 v=0,offset u=0 v=0 
07-29 11:51:38.548   543  2584 I GRALLOC : 	 iova_size=10399744,conUsg=0x900,proUsg=0x900,	 strd=1088,[afbc]HdrStrd=1088 PyldStrd=69632 Scrmbl=2,ionhnd = 2 
07-29 11:51:38.550  2074  2274 D mali_winsys: EGLint new_window_surface(egl_winsys_display *, void *, EGLSurface, EGLConfig, egl_winsys_surface **, EGLBoolean) returns 0x3000
07-29 11:51:38.550 23343 23360 I HiSearch9.11.3.301: [LauncherOverlayService]: LAUNCHER_INTERACTION from launcher and invoke id = -111
07-29 11:51:38.550 23343 23360 I HiSearch9.11.3.301: [LauncherOverlayService]: isOverlayClosed = true
07-29 11:51:38.550 23343 23360 I HiSearch9.11.3.301: [LauncherOverlayService]: LAUNCHER_INTERACTION from launcher and invoke, overlay closed, return. 
07-29 11:51:38.550  1521  1540 I StatusBarDisable: setFlags what=0 which=1 pkg=Window{234c329 u0 Splash Screen com.mml.topwho EXITING}
07-29 11:51:38.550  1521  1540 I StatusBarDisable: setFlags what=0 which=1 pkg=Window{234c329 u0 Splash Screen com.mml.topwho EXITING}
07-29 11:51:38.550  1521  1540 I StatusBarDisable: setFlags what=0 which=1 pkg=Window{a130d3b u0 com.huawei.android.launcher/com.huawei.android.launcher.unihome.UniHomeLauncher}
07-29 11:51:38.553   543  2584 I GRALLOC : getCallingPid=581, shrFd=30,fmt=0x1,intFmt=0x200000001,btStrd=4352,size=10399744,pid=543 
07-29 11:51:38.553   543  2584 I GRALLOC : 	 yuv=2,w=1080,h=2340,Stride u=0 v=0,offset u=0 v=0 
07-29 11:51:38.553   543  2584 I GRALLOC : 	 iova_size=10399744,conUsg=0x900,proUsg=0x900,	 strd=1088,[afbc]HdrStrd=1088 PyldStrd=69632 Scrmbl=2,ionhnd = 1 
07-29 11:51:38.554 16152 10475 D mali_winsys: EGLint new_window_surface(egl_winsys_display *, void *, EGLSurface, EGLConfig, egl_winsys_surface **, EGLBoolean) returns 0x3000
07-29 11:51:38.550  1521  1540 I chatty  : uid=1000(system) android.ui identical 5 lines
07-29 11:51:38.554  1521  1540 I StatusBarDisable: setFlags what=0 which=1 pkg=Window{a130d3b u0 com.huawei.android.launcher/com.huawei.android.launcher.unihome.UniHomeLauncher}
07-29 11:51:38.557  1521  1550 W ActivityManager: setHasOverlayUi called on unknown pid: 26625
07-29 11:51:38.557  1521  1551 D HwGameAssistantController: UPDATE: mCurFgPkg=com.huawei.android.launcher, mCurFgPid=2074, mCurIsGame=false
07-29 11:51:38.557  1521  1537 W HwActivityManagerServiceEx: HwActivityNotifier end call for activityLifeState under user 0 cost 1
07-29 11:51:38.561   543  2584 I GRALLOC : getCallingPid=581, shrFd=30,fmt=0x1,intFmt=0x200000001,btStrd=4352,size=10399744,pid=543 
07-29 11:51:38.561   543  2584 I GRALLOC : 	 yuv=2,w=1080,h=2340,Stride u=0 v=0,offset u=0 v=0 
07-29 11:51:38.561   543  2584 I GRALLOC : 	 iova_size=10399744,conUsg=0xb00,proUsg=0xb00,	 strd=1088,[afbc]HdrStrd=1088 PyldStrd=69632 Scrmbl=2,ionhnd = 1 
07-29 11:51:38.562  1854  1854 I HwNavigationBarView: updateAssistantButtonInGuestureMode(), vis=true,isGestureNavEnable=true
07-29 11:51:38.562  1854  1854 D BarTransitions.HwPhoneStatusBarView: MODE_TRANSPARENT -> MODE_TRANSLUCENT animate=false
07-29 11:51:38.562  1854  1854 D BarTransitions.HwPhoneStatusBarView: applyModeBackground oldMode=MODE_TRANSPARENT newMode=MODE_TRANSLUCENT animate=false
07-29 11:51:38.563  1854  1854 D BarTransitions.HwNavigationBarView: MODE_TRANSPARENT -> MODE_TRANSLUCENT animate=false
07-29 11:51:38.563  1854  1854 D BarTransitions.HwNavigationBarView: applyModeBackground oldMode=MODE_TRANSPARENT newMode=MODE_TRANSLUCENT animate=false
07-29 11:51:38.566  2074  2074 V InputMethodManager: Reporting focus gain, without startInput
07-29 11:51:38.567   543  2584 I GRALLOC : getCallingPid=581, shrFd=30,fmt=0x1,intFmt=0x200000001,btStrd=4352,size=10399744,pid=543 
07-29 11:51:38.567   543  2584 I GRALLOC : 	 yuv=2,w=1080,h=2340,Stride u=0 v=0,offset u=0 v=0 
07-29 11:51:38.567   543  2584 I GRALLOC : 	 iova_size=10399744,conUsg=0xb00,proUsg=0xb00,	 strd=1088,[afbc]HdrStrd=1088 PyldStrd=69632 Scrmbl=2,ionhnd = 1 
07-29 11:51:38.569  8876  8900 I [HwRecSys]OdmfCollectScheduler: handleMessage msg: 6
07-29 11:51:38.569  8876  8900 I [HwRecSys]HwRecSysService:  cur pkg: com.huawei.android.launcher
07-29 11:51:38.585  2074  2074 W HwLauncher: FolderIcon drawSelectedLabel bitmap null
07-29 11:51:38.586  2074  2074 W HwLauncher: FolderIcon drawSelectedLabel bitmap null
07-29 11:51:38.593   543  2584 I GRALLOC : getCallingPid=581, shrFd=30,fmt=0x1,intFmt=0x200000001,btStrd=4352,size=10399744,pid=543 
07-29 11:51:38.593   543  2584 I GRALLOC : 	 yuv=2,w=1080,h=2340,Stride u=0 v=0,offset u=0 v=0 
07-29 11:51:38.593   543  2584 I GRALLOC : 	 iova_size=10399744,conUsg=0xb00,proUsg=0xb00,	 strd=1088,[afbc]HdrStrd=1088 PyldStrd=69632 Scrmbl=2,ionhnd = 1 
07-29 11:51:38.957  1854  1854 D StatusBarIconController: setIconVisibility icon is null or visibility not change visibility=false
07-29 11:51:38.958  1854  1854 E ndroid.systemu: Invalid ID 0x00000000.
07-29 11:51:38.958  1854  1854 E HwNotchUtils: setIconForView iconId is not found
07-29 11:51:38.958  1854  1854 D StatusBarIconController: setIconVisibility icon is null or visibility not change visibility=false
07-29 11:51:38.958  1854  1854 E ndroid.systemu: Invalid ID 0x00000000.
07-29 11:51:38.958  1854  1854 E HwNotchUtils: setIconForView iconId is not found
07-29 11:51:38.958  1854  1854 D StatusBarIconController: setIconVisibility icon is null or visibility not change visibility=false
07-29 11:51:38.958  1854  1854 E ndroid.systemu: Invalid ID 0x00000000.
07-29 11:51:38.958  1854  1854 E HwNotchUtils: setIconForView iconId is not found
07-29 11:51:38.987   552 21714 I audio_hw_primary: usb_ext_get_parameters: check show hires (false)
07-29 11:51:38.987   579   710 I hash_map_utils: key: 'typec_need_show_hires' value: ''
07-29 11:51:38.988  1521  1733 I HwAudioServiceEx: check HiRes Icon false
07-29 11:51:38.989  1854  1854 D StatusBarIconController: setIconVisibility icon is null or visibility not change visibility=false
07-29 11:51:39.025  1521  1521 I HwNormalizedSpline: NewCurveMode eye mode=EyeProtectionMode
07-29 11:51:39.065  2074  2274 W OpenGLRenderer: Incorrectly called buildLayer on View: ShortcutAndWidgetContainer, destroying layer...
07-29 11:51:39.066  2074  2274 W OpenGLRenderer: Incorrectly called buildLayer on View: ShortcutAndWidgetContainer, destroying layer...
07-29 11:51:39.068   543  2584 I GRALLOC : getCallingPid=581, shrFd=30,fmt=0x1,intFmt=0x200000001,btStrd=4352,size=10399744,pid=543 
07-29 11:51:39.068   543  2584 I GRALLOC : 	 yuv=2,w=1080,h=2340,Stride u=0 v=0,offset u=0 v=0 
07-29 11:51:39.068   543  2584 I GRALLOC : 	 iova_size=10399744,conUsg=0xb00,proUsg=0xb00,	 strd=1088,[afbc]HdrStrd=1088 PyldStrd=69632 Scrmbl=2,ionhnd = 1 
07-29 11:51:39.274  1997  2145 I chatty  : uid=1000(system) HwWifiCHRStateM expire 2 lines
07-29 11:51:39.425  1521 26664 I chatty  : uid=1000 system_server expire 2 lines
07-29 11:51:39.487  1521  1539 V ActivityManager: startProcess: name=com.mml.topwho app=null knownToBeDead=true thread=null pid=-1
07-29 11:51:39.501  1521  1542 I ActivityManager: Start proc 26665:com.mml.topwho/u0a220 for service com.mml.topwho/.service.FloatWindowService
07-29 11:51:39.501  1521  1931 E ProcessInfoCollector: getProcessInfo: failed to find this proc 
07-29 11:51:39.503 26665 26665 I com.mml.topwho: Late-enabling -Xcheck:jni
07-29 11:51:39.527 26665 26665 I com.mml.topwho: Reinit property: dalvik.vm.checkjni= false
07-29 11:51:39.538 26665 26665 D ZrHung.AppEyeUiProbe: AppEyeUIP created.
07-29 11:51:39.542 26665 26665 D ActivityThread: Attach thread to application
07-29 11:51:39.544 26665 26672 E com.mml.topwho: Failed to send DDMS packet REAQ to debugger (-1 of 20): Broken pipe
07-29 11:51:39.544  1997  2182 I chatty  : uid=1000(system) Thread-3 expire 3 lines
07-29 11:51:39.537  1997  1997 I chatty  : uid=1000(system) com.huawei.hiview expire 1 line
07-29 11:51:39.546  1521  2527 I ActivityManager: App 10220/com.mml.topwho targets O+, restricted
07-29 11:51:39.546  1521  2527 W ActivityManager: Stopping service due to app idle: u0a220 -1s151ms com.mml.topwho/.service.FloatWindowService
07-29 11:51:39.603 26665 26680 I HwApiCacheMangerEx: apicache path=/storage/emulated/0 state=mounted key=com.mml.topwho#10220#256
07-29 11:51:39.614 26665 26680 I HwApiCacheMangerEx: apicache path=/storage/emulated/0 state=mounted key=com.mml.topwho#10220#0
07-29 11:51:39.711 26665 26665 W com.mml.topwho: JIT profile information will not be recorded: profile file does not exits.
07-29 11:51:39.713 26665 26665 I chatty  : uid=10220(com.mml.topwho) identical 10 lines
07-29 11:51:39.713 26665 26665 W com.mml.topwho: JIT profile information will not be recorded: profile file does not exits.
07-29 11:51:39.734 26665 26665 I InstantRun: starting instant run server: is main process
07-29 11:51:39.736 26665 26680 I AwareBitmapCacher: init processName:com.mml.topwho pid=26665 uid=10220
07-29 11:51:39.739 26665 26680 E MemoryLeakMonitorManager: MemoryLeakMonitor.jar is not exist!
07-29 11:51:39.740 26665 26684 E AwareLog: AtomicFileUtils: readFileLines file not exist: android.util.AtomicFile@de23ca0
07-29 11:51:39.740 26665 26665 I ActivityThread: handleStopService: token=android.os.BinderProxy@b8cc059 not found.
07-29 11:51:39.750 26665 26665 I FloatWindowService: onCreate
07-29 11:51:39.751 26665 26665 I FloatWindowService: onDestroy
07-29 11:51:39.752  1521  2527 W ActivityManager_service: Service done with onDestroy, but executeNesting=2: ServiceRecord{f37afe3 u0 com.mml.topwho/.service.FloatWindowService}
07-29 11:51:39.752  1521  2527 W ActivityManager: Service done with onDestroy, but executeNesting=2: ServiceRecord{f37afe3 u0 com.mml.topwho/.service.FloatWindowService}
07-29 11:51:40.839  1940  2076 I DeepNoDisturbP: handleStateChanged reason=8
07-29 11:51:40.839  1940  2076 I HidataAppQoeP: handleStateChanged reason=8
07-29 11:51:40.842  1940  2076 I BrowserChrP: handleStateChanged
07-29 11:51:40.933   726  9473 I Pged-IPgedBinderService: ****action is 2, pid num is 5***
07-29 11:51:40.933   726  9473 I Pged-Freezer: thawPids
07-29 11:51:40.942  2037  2290 D PgedBinderAdapter: unfrz ok, pid: [25759, 26362, 25981, 21552]
07-29 11:51:41.439 24984 24997 I HwGameAssistant-9.0.1.306-BoosterModelValidHelper: access JXS server
07-29 11:51:41.440 24984 24997 E HwGameAssistant-9.0.1.306-BoosterModelValidHelper: access JXS Server failed: httpStatusCode = 404, exception = null
07-29 11:51:41.441 24984 24997 I HwGameAssistant-9.0.1.306-BoosterModelValidHelper: notifyResult:getSupportBoosterValue():true
07-29 11:51:41.472  1521  1796 E TaskPersister: File error accessing recents directory (directory doesn't exist?).
07-29 11:51:41.545   574   574 E WifiHAL : enter wifi_get_link_stats
07-29 11:51:41.964  1854  1854 D StatusBarIconController: setIconVisibility icon is null or visibility not change visibility=false
07-29 11:51:41.968  1854  1854 D StatusBarIconController: setIconVisibility icon is null or visibility not change visibility=false
07-29 11:51:43.023  1854 26621 D skia    : external skia timerHandler destroy skip because of hasvisit.
07-29 11:51:44.561   574   574 E WifiHAL : enter wifi_get_link_stats
07-29 11:51:44.721  1521  1711 I chatty  : uid=1000(system) WifiService expire 27 lines
07-29 11:51:44.743 26665 26665 D AwareBitmapCacher: handleInit switch not opened pid=26665
07-29 11:51:45.273   721   721 E Thermal-daemon: [shell_frame] temp_new :32  temp_old :33
07-29 11:51:45.275  2037  2331 I ThermalService: Receive temperature change, type: 22, temp: 32 from thermald
07-29 11:51:45.275  2037  2331 I ThermalTrace_ThermalRaise: Shell:-100,33,32,currentBatteryTemp:33
07-29 11:51:45.276   721   721 E Thermal-daemon: Report temperature: [shell_frame] temp :32  report_threshold:1
07-29 11:51:45.972  1854  1854 D StatusBarIconController: setIconVisibility icon is null or visibility not change visibility=false
07-29 11:51:45.976  1854  1854 D StatusBarIconController: setIconVisibility icon is null or visibility not change visibility=false
07-29 11:51:46.975  1854  1854 D StatusBarIconController: setIconVisibility icon is null or visibility not change visibility=false
07-29 11:51:46.978  1854  1854 D StatusBarIconController: setIconVisibility icon is null or visibility not change visibility=false
07-29 11:51:47.430 26687 26687 E JankService: child Thread receive to stop
07-29 11:51:47.448  1521 26688 I chatty  : uid=1000 system_server expire 2 lines
07-29 11:51:47.569   736   926 E JankService: all data read ok
07-29 11:51:47.582   574   574 E WifiHAL : enter wifi_get_link_stats
07-29 11:51:47.584  1521  1712 I chatty  : uid=1000(system) WifiStateMachin expire 11 lines
07-29 11:51:47.976  1854  1854 D StatusBarIconController: setIconVisibility icon is null or visibility not change visibility=false
07-29 11:51:48.980  1854  1854 D StatusBarIconController: setIconVisibility icon is null or visibility not change visibility=false
07-29 11:51:50.282   721   721 E Thermal-daemon: [battery] temp_new :32  temp_old :33
07-29 11:51:50.283  2037  2331 I ThermalService: Receive temperature change, type: 9, temp: 32 from thermald
07-29 11:51:50.283  2037  2331 I ThermalTrace_ThermalRaise: Battery:32
07-29 11:51:50.284   721   721 E Thermal-daemon: Report temperature: [battery] temp :32  report_threshold:1
07-29 11:51:50.593   574   574 E WifiHAL : enter wifi_get_link_stats
07-29 11:51:50.980  1854  1854 D StatusBarIconController: setIconVisibility icon is null or visibility not change visibility=false
07-29 11:51:50.983  1854  1854 D StatusBarIconController: setIconVisibility icon is null or visibility not change visibility=false
07-29 11:51:51.983  1854  1854 D StatusBarIconController: setIconVisibility icon is null or visibility not change visibility=false
07-29 11:51:51.984  1854  1854 E ndroid.systemu: Invalid ID 0x00000000.
07-29 11:51:51.984  1854  1854 E HwNotchUtils: setIconForView iconId is not found
07-29 11:51:51.984  1854  1854 D StatusBarIconController: setIconVisibility icon is null or visibility not change visibility=false
07-29 11:51:51.984  1854  1854 E ndroid.systemu: Invalid ID 0x00000000.
07-29 11:51:51.985  1854  1854 E HwNotchUtils: setIconForView iconId is not found
07-29 11:51:51.985  1854  1854 D StatusBarIconController: setIconVisibility icon is null or visibility not change visibility=false
07-29 11:51:51.985  1854  1854 E ndroid.systemu: Invalid ID 0x00000000.
07-29 11:51:51.985  1854  1854 E HwNotchUtils: setIconForView iconId is not found
07-29 11:51:52.103  1521  1901 W Watchdog: hungtask: writing kick
07-29 11:51:52.313 25054 25292 I SmartThreadExecutor: handleMessage: start check 0
07-29 11:51:52.314 25054 25292 I SmartThreadExecutor: handleMessage: check end 0 -667 false
07-29 11:51:52.986  1854  1854 D StatusBarIconController: setIconVisibility icon is null or visibility not change visibility=false
07-29 11:51:52.989  1854  1854 D StatusBarIconController: setIconVisibility icon is null or visibility not change visibility=false
07-29 11:51:53.024  1854 26621 D skia    : external skia thread destroy.
07-29 11:51:53.162  2056  2056 I ImsResolver: getMmTelFeatureAndListen - slot: 2 callback: com.android.ims.MmTelFeatureConnection$1@fd98eb7
07-29 11:51:53.619   574   574 E WifiHAL : enter wifi_get_link_stats
07-29 11:51:53.987  1854  1854 D StatusBarIconController: setIconVisibility icon is null or visibility not change visibility=false
07-29 11:51:53.988  1854  1854 E ndroid.systemu: Invalid ID 0x00000000.
07-29 11:51:53.988  1854  1854 E HwNotchUtils: setIconForView iconId is not found
07-29 11:51:53.988  1854  1854 D StatusBarIconController: setIconVisibility icon is null or visibility not change visibility=false
07-29 11:51:53.989  1854  1854 E ndroid.systemu: Invalid ID 0x00000000.
07-29 11:51:53.989  1854  1854 E HwNotchUtils: setIconForView iconId is not found
07-29 11:51:53.989  1854  1854 D StatusBarIconController: setIconVisibility icon is null or visibility not change visibility=false
07-29 11:51:53.989  1854  1854 E ndroid.systemu: Invalid ID 0x00000000.
07-29 11:51:53.990  1854  1854 E HwNotchUtils: setIconForView iconId is not found
07-29 11:51:55.168  2037  2037 D PGApp   : monitor memory pss : 35364 Pid : 2037
07-29 11:51:55.291   721   721 E Thermal-daemon: [pa_0] temp_new :34  temp_old :35
07-29 11:51:55.292  2037  2331 I ThermalService: Receive temperature change, type: 1, temp: 34 from thermald
07-29 11:51:55.292   721   721 E Thermal-daemon: Report temperature: [pa_0] temp :34  report_threshold:1
07-29 11:51:55.459  1521  1711 I chatty  : uid=1000(system) WifiService expire 33 lines
07-29 11:51:55.460  1521 26693 I chatty  : uid=1000 system_server expire 2 lines
07-29 11:51:56.642   574   574 E WifiHAL : enter wifi_get_link_stats
07-29 11:51:57.544  2017  2637 I HwNaturalBase: [ServiceGuarder]: 35016Kb ram is used.
07-29 11:51:57.993  1854  1854 D StatusBarIconController: setIconVisibility icon is null or visibility not change visibility=false
07-29 11:51:57.994  1854  1854 I chatty  : uid=10025(com.huawei.HwMultiScreenShot) com.android.systemui identical 15 lines
07-29 11:51:57.994  1854  1854 D StatusBarIconController: setIconVisibility icon is null or visibility not change visibility=false
07-29 11:51:58.617 13057 13142 D MSF.C.NetConnTag: pa ok: 57084
07-29 11:51:58.618 13057 13142 D MSF.C.NetConnTag: netSend ssoSeq:57084 uin:*1475 cmd:LDE5MTQ8KTM5N34TPywWMyczPDEVNikzJCYWJjM9Kz4DLTY7CD00 57312 72f6fab
07-29 11:51:58.666 13057 13160 D MSF.C.NetConnTag: netRecv ssoSeq:57084 uin:*1475 cmd:LDE5MTQ8KTM5N34TPywWMyczPDEVNikzJCYWJjM9Kz4DLTY7CD00 59004 cross:0
07-29 11:51:58.673 13057 13159 I MSF.S.AppProcessManager: SendToApp process:com.tencent.mobileqq fromServiceMsg: FromServiceMsg msName:unknown ssoSeq:57084 serviceCmd:friendlist.GetSimpleOnlineFriendInfoReq appSeq:480 failCode:1000 cost=6 needBoot=false
07-29 11:51:58.888  1997  2173 I chatty  : uid=1000(system) HwWifiStatStore expire 4 lines
07-29 11:51:58.996  1854  1854 D StatusBarIconController: setIconVisibility icon is null or visibility not change visibility=false
07-29 11:51:58.999  1854  1854 D StatusBarIconController: setIconVisibility icon is null or visibility not change visibility=false
07-29 11:51:59.519  1940  2076 I DeepNoDisturbP: handleStateChanged reason=8
07-29 11:51:59.519  1940  2076 I HidataAppQoeP: handleStateChanged reason=8
07-29 11:51:59.526  1940  2076 I BrowserChrP: handleStateChanged
07-29 11:51:59.666   574   574 E WifiHAL : enter wifi_get_link_stats
07-29 11:51:59.999  1854  1854 D StatusBarIconController: setIconVisibility icon is null or visibility not change visibility=false
07-29 11:52:00.011  1521  1521 V AlarmManager: Received TIME_TICK alarm; rescheduling
07-29 11:52:00.014  1521  1521 I HwAlarmManagerService: hwSetAlarm listenerTag: time_tick
07-29 11:52:00.001  1854  1854 D StatusBarIconController: setIconVisibility icon is null or visibility not change visibility=false
07-29 11:52:00.053  1854  1854 E DateView: DateView,mCurrentTime: 1564372320053
07-29 11:52:00.054  1854  1854 I EventCenter: EventCenter Get :android.intent.action.TIME_TICK
07-29 11:52:00.054  1854  1854 W ClockView1:  action android.intent.action.TIME_TICK
07-29 11:52:00.054  1854  1854 W ClockView1:  action android.intent.action.TIME_TICK
07-29 11:52:00.056  1854  1854 E ndroid.systemu: No package ID ff found for ID 0xffffffff.
07-29 11:52:00.056  1854  1854 I LocalCalendar: CalendarId: 0001LocalCalender On
07-29 11:52:00.058  1854  1854 E ndroid.systemu: No package ID ff found for ID 0xffffffff.
07-29 11:52:00.059  1854  1854 I LocalCalendar: CalendarId: 0001LocalCalender On
07-29 11:52:00.061  1854  1854 D KeyguardUpdateMonitor: received broadcast android.intent.action.TIME_TICK
07-29 11:52:00.061  1854  1854 D KeyguardUpdateMonitor: handleTimeUpdate
07-29 11:52:00.061  1854  2114 I KeyguardStatusView: Runnable for refresh
07-29 11:52:00.064  2074  2074 I HwLauncher: Model  onReceive intent=Intent { act=android.intent.action.TIME_TICK flg=0x50200014 hwFlg=0x900 (has extras) }
07-29 11:52:00.064  2074  2074 I HwLauncher: Model  onReceive user=UserHandle{0}
07-29 11:52:00.071  2074  2178 E HwLauncher: SettingsEx , no such field.
07-29 11:52:00.072  2074  2178 W HwLauncher: Clock getDataFormat the getSystemString failed.
07-29 11:52:00.154  1854  1854 D DateTimeView: Change to single clock mode!
07-29 11:52:00.154  1854  1854 I ColorPickUitls: type = 2
07-29 11:52:00.155  1854  1854 D DateTimeView: Change to single clock mode!
07-29 11:52:00.156  1854  1854 I ColorPickUitls: type = 2
07-29 11:52:00.176  1521  2527 V BroadcastQueue: Finished with ordered broadcast BroadcastRecord{f27fdc2 u-1 android.intent.action.TIME_TICK}
07-29 11:52:00.221  1521  1658 D HwBatteryService: onUEvent fcpStatus = 0,scpStatus =0,ovpStatus=0
07-29 11:52:00.222  1521  1658 I HwBatteryService: quick charge status : 0
07-29 11:52:00.222  1521  1658 I HwBatteryService: handleWirelessTxStatus
07-29 11:52:00.222  1521  1658 I HwBatteryService: switch not open, return, mWirelessTxFlag : 0
07-29 11:52:00.222  1521  1658 I UsbDeviceManager: water_intrused state= 0
07-29 11:52:02.690   574   574 E WifiHAL : enter wifi_get_link_stats
07-29 11:52:02.704  1521  1712 I chatty  : uid=1000(system) WifiStateMachin expire 19 lines
07-29 11:52:02.773   518   593 D         : Received kernel message payload: chr_event 9
07-29 11:52:02.774   518   593 I         : netd received web stat infomation,trigger chr report!
07-29 11:52:02.774   518   593 I         : netd received web stat infomation,trigger chr report!
07-29 11:52:02.774   518   593 I         : ReportType 0 0 0 0 0 0 0 0 0 0 0 0 0 0 0 0 0 0 0 0 0 0 0 0 0 0 0 0 0 0 0 0 0 0 0 0 0 0 0 0 0 0 0 0 0 0 0 0 0 0 0 0 0 0 0 0 0 0 0 0 0 0 0 0 0 0 0 0 0 0 0 0 0 0 0 0 0 0 0 0 0 0 0 0 0 0 0 0 0 0 0 0 0 0 0 0 0 0 0 0 0 0 0 0 0 0 0 0 0 0 0 0 0 0 0 0 0 0 0 0 0 0 0 0 0 0 0 0 0 0 0 0 0 0 0 0 0 0 0 0 0 0 0 0 0 0 0 0 0 0 0 0 0 0 0 0 0 0 0 0 0 0 0 0 0 0 0 0 0 0 0 0 0 0 0 0 0 0 0 0 0 0 0 0 0 0 0 0 0 0 0 0 0 0 0 0 0 0 0 0 0 0 0 0 0 0 0 0 0 0 0 0 0 0 0 0 0 0 0 0 0 0 0 0 0 0 0 0 0 ReportType 0 19 0 0 0 0 0 2 0 0 0 0 0 0 2 0 0 0 0 0 0 0 0 0 0 0 0 0 0 0 0 0 0 0 0 0 0 0 0 0 0 0 0 0 0 0 0 0 0 0 0 0 0 0 0 0 0 0 0 0 0 0 0 0 0 0 0 0 0 0 0 0 0 0 0 0 0 0 0 0 0 0 0 0 0 0 0 0 0 0 0 0 0 0 0 0 0 0 0 0 0 0 0 0 0 0 0 0 0 0 0 0 0 0 0 0 0 0 0 0 0 0 0 0 0 0 0 0 0 0 0 0 0 0 0 0 0 0 0 0 0 0 0 0 0 0 0 0 0 0 0 0 0 0 0 0 0 0 0 0 0 0 0 0 0 0 0 0 0 0 0 0 0 0 0 0 0 0 0 0 0 0 0 0 0 0 0 0 0 0 0 0 0 0 0 0 0 0 0 0 0 0 0 0 0 0 0 0 0 0 0 0 10 9 10 0 0 0 0 0 0 0 0 0 0 0 0 0 0
07-29 11:52:02.774   518   593 W SocketListener: sending broadcast to Pid = 1521, Uid = 1000 
07-29 11:52:02.778  1521  1705 D NetdConnector: RCV <- {661 ReportType 0 0 0 0 0 0 0 0 0 0 0 0 0 0 0 0 0 0 0 0 0 0 0 0 0 0 0 0 0 0 0 0 0 0 0 0 0 0 0 0 0 0 0 0 0 0 0 0 0 0 0 0 0 0 0 0 0 0 0 0 0 0 0 0 0 0 0 0 0 0 0 0 0 0 0 0 0 0 0 0 0 0 0 0 0 0 0 0 0 0 0 0 0 0 0 0 0 0 0 0 0 0 0 0 0 0 0 0 0 0 0 0 0 0 0 0 0 0 0 0 0 0 0 0 0 0 0 0 0 0 0 0 0 0 0 0 0 0 0 0 0 0 0 0 0 0 0 0 0 0 0 0 0 0 0 0 0 0 0 0 0 0 0 0 0 0 0 0 0 0 0 0 0 0 0 0 0 0 0 0 0 0 0 0 0 0 0 0 0 0 0 0 0 0 0 0 0 0 0 0 0 0 0 0 0 0 0 0 0 0 0 0 0 0 0 0 0 0 0 0 0 0 0 0 0 0 0 0 0 ReportType 0 19 0 0 0 0 0 2 0 0 0 0 0 0 2 0 0 0 0 0 0 0 0 0 0 0 0 0 0 0 0 0 0 0 0 0 0 0 0 0 0 0 0 0 0 0 0 0 0 0 0 0 0 0 0 0 0 0 0 0 0 0 0 0 0 0 0 0 0 0 0 0 0 0 0 0 0 0 0 0 0 0 0 0 0 0 0 0 0 0 0 0 0 0 0 0 0 0 0 0 0 0 0 0 0 0 0 0 0 0 0 0 0 0 0 0 0 0 0 0 0 0 0 0 0 0 0 0 0 0 0 0 0 0 0 0 0 0 0 0 0 0 0 0 0 0 0 0 0 0 0 0 0 0 0 0 0 0 0 0 0 0 0 0 0 0 0 0 0 0 0 0 0 0 0 0 0 0 0 0 0 0 0 0 0 0 0 0 0 0 0 0 0 0 0 0 0 0 0 0 0 0 0 0 0 0 0 0 0 0 0 0 10 9 10 0 0 0 0 0 0 0 0 0 0 0 0 0 0}
07-29 11:52:02.784  1521  1705 D NetdConnector: RCV <- {661 ReportType 0 0 0 0 0 0 0 0 0 0 0 0 0 0 0 0 0 0 0 0 0 0 0 0 0 0 0 0 0 0 0 0 0 0 0 0 0 0 0 0 0 0 0 0 0 0 0 0 0 0 0 0 0 0 0 0 0 0 0 0 0 0 0 0 0 0 0 0 0 0 0 0 0 0 0 0 0 0 0 0 0 0 0 0 0 0 0 0 0 0 0 0 0 0 0 0 0 0 0 0 0 0 0 0 0 0 0 0 0 0 0 0 0 0 0 0 0 0 0 0 0 0 0 0 0 0 0 0 0 0 0 0 0 0 0 0 0 0 0 0 0 0 0 0 0 0 0 0 0 0 0 0 0 0 0 0 0 0 0 0 0 0 0 0 0 0 0 0 0 0 0 0 0 0 0 0 0 0 0 0 0 0 0 0 0 0 0 0 0 0 0 0 0 0 0 0 0 0 0 0 0 0 0 0 0 0 0 0 0 0 0 0 0 0 0 0 0 0 0 0 0 0 0 0 0 0 0 0 0 ReportType 0 19 0 0 0 0 0 2 0 0 0 0 0 0 2 0 0 0 0 0 0 0 0 0 0 0 0 0 0 0 0 0 0 0 0 0 0 0 0 0 0 0 0 0 0 0 0 0 0 0 0 0 0 0 0 0 0 0 0 0 0 0 0 0 0 0 0 0 0 0 0 0 0 0 0 0 0 0 0 0 0 0 0 0 0 0 0 0 0 0 0 0 0 0 0 0 0 0 0 0 0 0 0 0 0 0 0 0 0 0 0 0 0 0 0 0 0 0 0 0 0 0 0 0 0 0 0 0 0 0 0 0 0 0 0 0 0 0 0 0 0 0 0 0 0 0 0 0 0 0 0 0 0 0 0 0 0 0 0 0 0 0 0 0 0 0 0 0 0 0 0 0 0 0 0 0 0 0 0 0 0 0 0 0 0 0 0 0 0 0 0 0 0 0 0 0 0 0 0 0 0 0 0 0 0 0 0 0 0 0 0 0 10 9 10 0 0 0 0 0 0 0 0 0 0 0 0 0 0}
07-29 11:52:02.787  1521  1548 D NetdConnector: RCV unsolicited event from native daemon, event = 661
07-29 11:52:02.798  1521  1548 D HwNetworkManagementService: onEvent receive Web Stat Report:661 ReportType 0 0 0 0 0 0 0 0 0 0 0 0 0 0 0 0 0 0 0 0 0 0 0 0 0 0 0 0 0 0 0 0 0 0 0 0 0 0 0 0 0 0 0 0 0 0 0 0 0 0 0 0 0 0 0 0 0 0 0 0 0 0 0 0 0 0 0 0 0 0 0 0 0 0 0 0 0 0 0 0 0 0 0 0 0 0 0 0 0 0 0 0 0 0 0 0 0 0 0 0 0 0 0 0 0 0 0 0 0 0 0 0 0 0 0 0 0 0 0 0 0 0 0 0 0 0 0 0 0 0 0 0 0 0 0 0 0 0 0 0 0 0 0 0 0 0 0 0 0 0 0 0 0 0 0 0 0 0 0 0 0 0 0 0 0 0 0 0 0 0 0 0 0 0 0 0 0 0 0 0 0 0 0 0 0 0 0 0 0 0 0 0 0 0 0 0 0 0 0 0 0 0 0 0 0 0 0 0 0 0 0 0 0 0 0 0 0 0 0 0 0 0 0 0 0 0 0 0 0 ReportType 0 19 0 0 0 0 0 2 0 0 0 0 0 0 2 0 0 0 0 0 0 0 0 0 0 0 0 0 0 0 0 0 0 0 0 0 0 0 0 0 0 0 0 0 0 0 0 0 0 0 0 0 0 0 0 0 0 0 0 0 0 0 0 0 0 0 0 0 0 0 0 0 0 0 0 0 0 0 0 0 0 0 0 0 0 0 0 0 0 0 0 0 0 0 0 0 0 0 0 0 0 0 0 0 0 0 0 0 0 0 0 0 0 0 0 0 0 0 0 0 0 0 0 0 0 0 0 0 0 0 0 0 0 0 0 0 0 0 0 0 0 0 0 0 0 0 0 0 0 0 0 0 0 0 0 0 0 0 0 0 0 0 0 0 0 0 0 0 0 0 0 0 0 0 0 0 0 0 0 0 0 0 0 0 0 0 0 0 0 0 0 0 0 0 0 0 0 0 0 0 0 0 0 0 0 0 0 0 0 0 0 0 10 9 10 0 0 0 0 0 0 0 0 0 0 0 0 0 0
07-29 11:52:03.420  1854 26695 I ndroid.systemu: Explicit concurrent copying GC freed 23905(1232KB) AllocSpace objects, 3(256KB) LOS objects, 49% free, 13MB/26MB, paused 132us total 64.590ms
07-29 11:52:03.450  1521 26696 I chatty  : uid=1000 system_server expire 2 lines
07-29 11:52:03.487  1854 26695 I ndroid.systemu: Explicit concurrent copying GC freed 1284(76KB) AllocSpace objects, 0(0B) LOS objects, 49% free, 13MB/26MB, paused 88us total 58.847ms
07-29 11:52:04.006  1854  1854 D StatusBarIconController: setIconVisibility icon is null or visibility not change visibility=false
07-29 11:52:04.007  1854  1854 E ndroid.systemu: Invalid ID 0x00000000.
07-29 11:52:04.007  1854  1854 E HwNotchUtils: setIconForView iconId is not found
07-29 11:52:04.007  1854  1854 D StatusBarIconController: setIconVisibility icon is null or visibility not change visibility=false
07-29 11:52:04.008  1854  1854 E ndroid.systemu: Invalid ID 0x00000000.
07-29 11:52:04.008  1854  1854 E HwNotchUtils: setIconForView iconId is not found
07-29 11:52:04.008  1854  1854 D StatusBarIconController: setIconVisibility icon is null or visibility not change visibility=false
07-29 11:52:04.008  1854  1854 E ndroid.systemu: Invalid ID 0x00000000.
07-29 11:52:04.009  1854  1854 E HwNotchUtils: setIconForView iconId is not found
07-29 11:52:05.010  1854  1854 D StatusBarIconController: setIconVisibility icon is null or visibility not change visibility=false
07-29 11:52:05.010  1854  1854 D StatusBarIconController: setIconVisibility icon is null or visibility not change visibility=false
07-29 11:52:05.521  1521  1521 I chatty  : uid=1000 system_server expire 10 lines
07-29 11:52:05.522  1940  2076 I DeepNoDisturbP: handleStateChanged reason=8
07-29 11:52:05.522  1940  2076 I HidataAppQoeP: handleStateChanged reason=8
07-29 11:52:05.530  1940  2076 I BrowserChrP: handleStateChanged
07-29 11:52:05.713   574   574 E WifiHAL : enter wifi_get_link_stats
07-29 11:52:05.756  1521  1711 I chatty  : uid=1000(system) WifiService expire 45 lines
07-29 11:52:06.012  1854  1854 D StatusBarIconController: setIconVisibility icon is null or visibility not change visibility=false
07-29 11:52:06.012  1854  1854 E ndroid.systemu: Invalid ID 0x00000000.
07-29 11:52:06.013  1854  1854 E HwNotchUtils: setIconForView iconId is not found
07-29 11:52:06.013  1854  1854 D StatusBarIconController: setIconVisibility icon is null or visibility not change visibility=false
07-29 11:52:06.013  1854  1854 E ndroid.systemu: Invalid ID 0x00000000.
07-29 11:52:06.013  1854  1854 E HwNotchUtils: setIconForView iconId is not found
07-29 11:52:06.013  1854  1854 D StatusBarIconController: setIconVisibility icon is null or visibility not change visibility=false
07-29 11:52:06.014  1854  1854 E ndroid.systemu: Invalid ID 0x00000000.
07-29 11:52:06.014  1854  1854 E HwNotchUtils: setIconForView iconId is not found
07-29 11:52:08.017  1854  1854 D StatusBarIconController: setIconVisibility icon is null or visibility not change visibility=false
07-29 11:52:08.392  1521  1544 I ActivityManager: App 10153/com.datecountdown.kyleyang.datecountdown targets O+, restricted
07-29 11:52:08.400  1521  2530 V BroadcastQueue: Finished with ordered broadcast BroadcastRecord{96457d3 u0 com.kyle.yang.event.widget.UPDATE_ALL}
07-29 11:52:08.400  1521  2530 I ActivityManager: App 10153/com.datecountdown.kyleyang.datecountdown targets O+, restricted
07-29 11:52:08.404  1521  2530 V BroadcastQueue: Finished with ordered broadcast BroadcastRecord{2addf10 u0 com.kyle.yang.event.widget.UPDATE_ALL}
07-29 11:52:08.021  1854  1854 D StatusBarIconController: setIconVisibility icon is null or visibility not change visibility=false
07-29 11:52:08.736   574   574 E WifiHAL : enter wifi_get_link_stats
07-29 11:52:09.545  1997  2182 I chatty  : uid=1000(system) Thread-3 expire 2 lines
07-29 11:52:09.541  1997  1997 I chatty  : uid=1000(system) com.huawei.hiview expire 1 line
07-29 11:52:09.546  1997  2182 I chatty  : uid=1000(system) Thread-3 expire 1 line
07-29 11:52:10.020  1854  1854 D StatusBarIconController: setIconVisibility icon is null or visibility not change visibility=false
07-29 11:52:10.020  1854  1854 E ndroid.systemu: Invalid ID 0x00000000.
07-29 11:52:10.021  1854  1854 E HwNotchUtils: setIconForView iconId is not found
07-29 11:52:10.021  1854  1854 D StatusBarIconController: setIconVisibility icon is null or visibility not change visibility=false
07-29 11:52:10.021  1854  1854 E ndroid.systemu: Invalid ID 0x00000000.
07-29 11:52:10.021  1854  1854 E HwNotchUtils: setIconForView iconId is not found
07-29 11:52:10.022  1854  1854 D StatusBarIconController: setIconVisibility icon is null or visibility not change visibility=false
07-29 11:52:10.022  1854  1854 E ndroid.systemu: Invalid ID 0x00000000.
07-29 11:52:10.022  1854  1854 E HwNotchUtils: setIconForView iconId is not found
07-29 11:52:10.923  1997  2173 I chatty  : uid=1000(system) HwWifiStatStore expire 10 lines
07-29 11:52:11.446  1521 26686 I chatty  : uid=1000 system_server expire 1 line
07-29 11:52:11.447  1521  1778 I chatty  : uid=1000(system) HwHiNetworkMana expire 1 line
07-29 11:52:11.467  1521  1781 I chatty  : uid=1000(system) HuaweiWifiWatch expire 11 lines
07-29 11:52:11.468  1521 26699 I chatty  : uid=1000 system_server expire 2 lines
07-29 11:52:11.474  1521  4192 I chatty  : uid=1000(system) MobileQosDetect expire 15 lines
07-29 11:52:11.751   574   574 E WifiHAL : enter wifi_get_link_stats
07-29 11:52:12.693 26700 26700 E JankService: child Thread receive to stop
07-29 11:52:12.834   736   926 E JankService: all data read ok
07-29 11:52:13.027  1854  1854 D StatusBarIconController: setIconVisibility icon is null or visibility not change visibility=false
07-29 11:52:13.031  1854  1854 D StatusBarIconController: setIconVisibility icon is null or visibility not change visibility=false
07-29 11:52:14.028  1854  1854 D StatusBarIconController: setIconVisibility icon is null or visibility not change visibility=false
07-29 11:52:14.029  1854  1854 E ndroid.systemu: Invalid ID 0x00000000.
07-29 11:52:14.029  1854  1854 E HwNotchUtils: setIconForView iconId is not found
07-29 11:52:14.029  1854  1854 D StatusBarIconController: setIconVisibility icon is null or visibility not change visibility=false
07-29 11:52:14.030  1854  1854 E ndroid.systemu: Invalid ID 0x00000000.
07-29 11:52:14.030  1854  1854 E HwNotchUtils: setIconForView iconId is not found
07-29 11:52:14.030  1854  1854 D StatusBarIconController: setIconVisibility icon is null or visibility not change visibility=false
07-29 11:52:14.031  1854  1854 E ndroid.systemu: Invalid ID 0x00000000.
07-29 11:52:14.031  1854  1854 E HwNotchUtils: setIconForView iconId is not found
07-29 11:52:14.762   574   574 E WifiHAL : enter wifi_get_link_stats
07-29 11:52:14.908  1940  2076 I DeepNoDisturbP: handleStateChanged reason=8
07-29 11:52:14.909  1940  2076 I HidataAppQoeP: handleStateChanged reason=8
07-29 11:52:14.915  1940  2076 I BrowserChrP: handleStateChanged
07-29 11:52:15.309   721   721 E Thermal-daemon: [shell_frame] temp_new :33  temp_old :32
07-29 11:52:15.310  2037  2331 I ThermalService: Receive temperature change, type: 22, temp: 33 from thermald
07-29 11:52:15.311  2037  2331 I ThermalTrace_ThermalRaise: Shell:33,32,33,currentBatteryTemp:32
07-29 11:52:15.311   721   721 E Thermal-daemon: Report temperature: [shell_frame] temp :33  report_threshold:1
07-29 11:52:15.316   721   721 E Thermal-daemon: [ap] temp_new :35  temp_old :36
07-29 11:52:15.316  2037  2331 I ThermalService: Receive temperature change, type: 0, temp: 35 from thermald
07-29 11:52:15.317   721   721 E Thermal-daemon: Report temperature: [ap] temp :35  report_threshold:1
07-29 11:52:16.032  1854  1854 D StatusBarIconController: setIconVisibility icon is null or visibility not change visibility=false
07-29 11:52:16.033  1854  1854 D StatusBarIconController: setIconVisibility icon is null or visibility not change visibility=false
07-29 11:52:17.036  1854  1854 D StatusBarIconController: setIconVisibility icon is null or visibility not change visibility=false
07-29 11:52:17.036  1854  1854 E ndroid.systemu: Invalid ID 0x00000000.
07-29 11:52:17.037  1854  1854 E HwNotchUtils: setIconForView iconId is not found
07-29 11:52:17.037  1854  1854 D StatusBarIconController: setIconVisibility icon is null or visibility not change visibility=false
07-29 11:52:17.037  1854  1854 E ndroid.systemu: Invalid ID 0x00000000.
07-29 11:52:17.037  1854  1854 E HwNotchUtils: setIconForView iconId is not found
07-29 11:52:17.038  1854  1854 D StatusBarIconController: setIconVisibility icon is null or visibility not change visibility=false
07-29 11:52:17.038  1854  1854 E ndroid.systemu: Invalid ID 0x00000000.
07-29 11:52:17.038  1854  1854 E HwNotchUtils: setIconForView iconId is not found
07-29 11:52:17.789   574   574 E WifiHAL : enter wifi_get_link_stats
07-29 11:52:19.472  1521 26701 I chatty  : uid=1000 system_server expire 1 line
07-29 11:52:20.810   574   574 E WifiHAL : enter wifi_get_link_stats
07-29 11:52:21.631   661   661 I irqbalance: Decided to move irq 116 from cpu 0 to cpu 1
07-29 11:52:21.625   661   661 W irqbalance: type=1400 audit(0.0:118462): avc: denied { dac_override } for capability=1 scontext=u:r:irqbalance:s0 tcontext=u:r:irqbalance:s0 tclass=capability permissive=0
07-29 11:52:21.780  1521  1711 I chatty  : uid=1000(system) WifiService expire 27 lines
07-29 11:52:22.105  1521  1901 W Watchdog: hungtask: writing kick
07-29 11:52:22.374 25054 25292 I SmartThreadExecutor: handleMessage: start check 0
07-29 11:52:22.374 25054 25292 I SmartThreadExecutor: handleMessage: check end 0 -668 false
07-29 11:52:23.834   574   574 E WifiHAL : enter wifi_get_link_stats
07-29 11:52:25.913  1521  2530 V BroadcastQueue: Finished with ordered broadcast BroadcastRecord{6929e2f u0 null}
07-29 11:52:25.930  1521  2527 V BroadcastQueue: Finished with ordered broadcast BroadcastRecord{5cb831a u0 null}
07-29 11:52:26.050  1854  1854 D StatusBarIconController: setIconVisibility icon is null or visibility not change visibility=false
07-29 11:52:26.051  1854  1854 D StatusBarIconController: setIconVisibility icon is null or visibility not change visibility=false
07-29 11:52:26.857   574   574 E WifiHAL : enter wifi_get_link_stats
07-29 11:52:26.864  1521  1712 I chatty  : uid=1000(system) WifiStateMachin expire 10 lines
07-29 11:52:27.052  1854  1854 D StatusBarIconController: setIconVisibility icon is null or visibility not change visibility=false
07-29 11:52:27.054  1854  1854 D StatusBarIconController: setIconVisibility icon is null or visibility not change visibility=false
07-29 11:52:27.090   730   730 D SensorHub: Get acc data -0.122277, 0.000038, 9.812943
07-29 11:52:27.473  1521 26705 I chatty  : uid=1000 system_server expire 2 lines
07-29 11:52:28.053  1854  1854 D StatusBarIconController: setIconVisibility icon is null or visibility not change visibility=false
07-29 11:52:28.056  1854  1854 D StatusBarIconController: setIconVisibility icon is null or visibility not change visibility=false
07-29 11:52:29.870   574   574 E WifiHAL : enter wifi_get_link_stats
07-29 11:52:30.057  1854  1854 D StatusBarIconController: setIconVisibility icon is null or visibility not change visibility=false
07-29 11:52:30.062  1854  1854 D StatusBarIconController: setIconVisibility icon is null or visibility not change visibility=false
07-29 11:52:30.299  1940  2076 I DeepNoDisturbP: handleStateChanged reason=8
07-29 11:52:30.299  1940  2076 I HidataAppQoeP: handleStateChanged reason=8
07-29 11:52:30.307  1940  2076 I BrowserChrP: handleStateChanged
07-29 11:52:30.320  1278  1337 I OAM     : [check_file_size:511]/data/vendor/log/wifi/wifi_log_1 log file beyond size=10240Byte, creat new file
07-29 11:52:30.320  1278  1337 I OAM     : [rename_old_file:216]rename_old_file
07-29 11:52:30.320  1278  1337 I OAM     : 
07-29 11:52:30.331   721   721 E Thermal-daemon: [ap] temp_new :36  temp_old :35
07-29 11:52:30.332  2037  2331 I ThermalService: Receive temperature change, type: 0, temp: 36 from thermald
07-29 11:52:30.333   721   721 E Thermal-daemon: Report temperature: [ap] temp :36  report_threshold:1
07-29 11:52:30.354   658   658 I aptouch_daemon: check_afe_status, afe[96 1 X1] [ctrl:X40020 ftr:X100] dif[14 -17] raw[35349 8361] [exp:X0 aN:0 lo:0]
07-29 11:52:30.472 13057 13127 D WorkerThreadMonitor: Kill MSF check result[ senderSize:0,sendInterval:31854,receiveInterval=1784,addCmdCount=991
07-29 11:52:30.948  1521  1658 D HwBatteryService: onUEvent fcpStatus = 0,scpStatus =0,ovpStatus=0
07-29 11:52:30.949  1521  1658 I HwBatteryService: quick charge status : 0
07-29 11:52:30.950  1521  1658 I HwBatteryService: handleWirelessTxStatus
07-29 11:52:30.950  1521  1658 I HwBatteryService: switch not open, return, mWirelessTxFlag : 0
07-29 11:52:30.951  1521  1658 I UsbDeviceManager: water_intrused state= 0
07-29 11:52:31.060  1854  1854 D StatusBarIconController: setIconVisibility icon is null or visibility not change visibility=false
07-29 11:52:31.062  1854  1854 D StatusBarIconController: setIconVisibility icon is null or visibility not change visibility=false
07-29 11:52:31.607  1521  1544 I ActivityManager: App 10153/com.datecountdown.kyleyang.datecountdown targets O+, restricted
07-29 11:52:31.616  1521  2530 V BroadcastQueue: Finished with ordered broadcast BroadcastRecord{9b4ee4b u0 com.kyle.yang.event.widget.UPDATE_ALL}
07-29 11:52:32.062  1854  1854 D StatusBarIconController: setIconVisibility icon is null or visibility not change visibility=false
07-29 11:52:32.062  1854  1854 E ndroid.systemu: Invalid ID 0x00000000.
07-29 11:52:32.063  1854  1854 E HwNotchUtils: setIconForView iconId is not found
07-29 11:52:32.063  1854  1854 D StatusBarIconController: setIconVisibility icon is null or visibility not change visibility=false
07-29 11:52:32.063  1854  1854 E ndroid.systemu: Invalid ID 0x00000000.
07-29 11:52:32.063  1854  1854 E HwNotchUtils: setIconForView iconId is not found
07-29 11:52:32.064  1854  1854 D StatusBarIconController: setIconVisibility icon is null or visibility not change visibility=false
07-29 11:52:32.064  1854  1854 E ndroid.systemu: Invalid ID 0x00000000.
07-29 11:52:32.064  1854  1854 E HwNotchUtils: setIconForView iconId is not found
07-29 11:52:32.792  1521  1711 I chatty  : uid=1000(system) WifiService expire 28 lines
07-29 11:52:32.887   574   574 E WifiHAL : enter wifi_get_link_stats
07-29 11:52:33.064  1854  1854 D StatusBarIconController: setIconVisibility icon is null or visibility not change visibility=false
07-29 11:52:33.068  1854  1854 D StatusBarIconController: setIconVisibility icon is null or visibility not change visibility=false
07-29 11:52:33.216  1854  1854 D ImageWallpaper: trimMemory
07-29 11:52:33.216  1854  1854 I ImageWallpaper: trimMemory release wallpaper bitmap
07-29 11:52:33.229  1854  1854 D ImageWallpaper: unloadWallpaper forgetSize: true
07-29 11:52:34.067  1854  1854 D StatusBarIconController: setIconVisibility icon is null or visibility not change visibility=false
07-29 11:52:34.067  1854  1854 E ndroid.systemu: Invalid ID 0x00000000.
07-29 11:52:34.068  1854  1854 E HwNotchUtils: setIconForView iconId is not found
07-29 11:52:34.068  1854  1854 D StatusBarIconController: setIconVisibility icon is null or visibility not change visibility=false
07-29 11:52:34.068  1854  1854 E ndroid.systemu: Invalid ID 0x00000000.
07-29 11:52:34.068  1854  1854 E HwNotchUtils: setIconForView iconId is not found
07-29 11:52:34.069  1854  1854 D StatusBarIconController: setIconVisibility icon is null or visibility not change visibility=false
07-29 11:52:34.069  1854  1854 E ndroid.systemu: Invalid ID 0x00000000.
07-29 11:52:34.069  1854  1854 E HwNotchUtils: setIconForView iconId is not found
07-29 11:52:34.664   720   750 I storaged: storaged_t::event: storage_info refreshed.
07-29 11:52:35.338   721   721 E Thermal-daemon: [ap] temp_new :35  temp_old :36
07-29 11:52:35.339  2037  2331 I ThermalService: Receive temperature change, type: 0, temp: 35 from thermald
07-29 11:52:35.341   721   721 E Thermal-daemon: Report temperature: [ap] temp :35  report_threshold:1
07-29 11:52:35.490  1521 26709 I chatty  : uid=1000 system_server expire 2 lines
07-29 11:52:35.490  1521  1781 I chatty  : uid=1000(system) HuaweiWifiWatch expire 11 lines
07-29 11:52:35.906   574   574 E WifiHAL : enter wifi_get_link_stats
07-29 11:52:36.302  1940  2076 I DeepNoDisturbP: handleStateChanged reason=8
07-29 11:52:36.302  1940  1940 I chatty  : uid=1000(system) com.huawei.systemserver expire 10 lines
07-29 11:52:36.302  1940  2076 I HidataAppQoeP: handleStateChanged reason=8
07-29 11:52:36.310  1940  2076 I BrowserChrP: handleStateChanged
07-29 11:52:37.968 26710 26710 E JankService: child Thread receive to stop
07-29 11:52:38.081   736   926 E JankService: all data read ok
07-29 11:52:38.915   574   574 E WifiHAL : enter wifi_get_link_stats
07-29 11:52:38.920  1521  1712 I chatty  : uid=1000(system) WifiStateMachin expire 12 lines
07-29 11:52:39.078  1854  1854 D StatusBarIconController: setIconVisibility icon is null or visibility not change visibility=false
07-29 11:52:39.078  1854  1854 D StatusBarIconController: setIconVisibility icon is null or visibility not change visibility=false
07-29 11:52:39.351  1997 22755 I chatty  : uid=1000(system) Binder:1997_9 expire 1 line
07-29 11:52:39.352  1997  2145 I chatty  : uid=1000(system) HwWifiCHRStateM expire 2 lines
07-29 11:52:39.545  1997  1997 I chatty  : uid=1000(system) com.huawei.hiview expire 1 line
07-29 11:52:39.547  1997  2182 I chatty  : uid=1000(system) Thread-3 expire 3 lines
07-29 11:52:40.080  1854  1854 D StatusBarIconController: setIconVisibility icon is null or visibility not change visibility=false
07-29 11:52:40.083  1854  1854 D StatusBarIconController: setIconVisibility icon is null or visibility not change visibility=false
07-29 11:52:40.405   518   593 D         : Received kernel message payload: chr_event 9
07-29 11:52:40.406   518   593 I         : netd received web stat infomation,trigger chr report!
07-29 11:52:40.406   518   593 I         : netd received web stat infomation,trigger chr report!
07-29 11:52:40.406   518   593 I         : ReportType 0 0 0 0 0 0 0 0 0 0 0 0 0 0 0 0 0 0 0 0 0 0 0 0 0 0 0 0 0 0 0 0 0 0 0 0 0 0 0 0 0 0 0 0 0 0 0 0 0 0 0 0 0 0 0 0 0 0 0 0 0 0 0 0 0 0 0 0 0 0 0 0 0 0 0 0 0 0 0 0 0 0 0 0 0 0 0 0 0 0 0 0 0 0 0 0 0 0 0 0 0 0 0 0 0 0 0 0 0 0 0 0 0 0 0 0 0 0 0 0 0 0 0 0 0 0 0 0 0 0 0 0 0 0 0 0 0 0 0 0 0 0 0 0 0 0 0 0 0 0 0 0 0 0 0 0 0 0 0 0 0 0 0 0 0 0 0 0 0 0 0 0 0 0 0 0 0 0 0 0 0 0 0 0 0 0 0 0 0 0 0 0 0 0 0 0 0 0 0 0 0 0 0 0 0 0 0 0 0 0 0 0 0 0 0 0 0 0 0 0 0 0 0 0 0 0 0 0 0 ReportType 0 24 20 1 0 0 1 3 1 0 0 0 0 0 3 0 0 0 0 1 0 0 0 0 0 0 0 0 0 0 0 0 0 0 0 0 0 0 0 0 0 0 0 0 0 0 0 0 0 0 0 0 0 0 0 0 0 0 0 0 0 0 0 0 0 0 0 0 0 0 0 0 0 0 0 0 0 0 0 0 0 0 0 0 0 0 0 0 0 0 0 0 0 0 0 0 0 0 0 0 0 0 0 0 0 0 0 0 0 0 0 0 0 0 0 0 0 0 0 0 0 0 0 0 0 0 0 0 0 0 0 0 0 0 0 0 0 0 0 0 0 0 0 0 0 0 0 0 0 0 0 0 0 0 0 0 0 0 0 0 0 0 0 0 0 0 0 0 0 0 0 0 0 0 0 0 0 0 0 0 0 0 0 0 0 0 0 0 0 0 0 0 0 0 0 0 0 0 0 0 0 0 0 0 0 0 0 0 0 0 0 0 9 7 9 20 20 20 0 0 0 0 0 0 0 0 8 0 1
07-29 11:52:40.406   518   593 W SocketListener: sending broadcast to Pid = 1521, Uid = 1000 
07-29 11:52:40.411  1521  1705 D NetdConnector: RCV <- {661 ReportType 0 0 0 0 0 0 0 0 0 0 0 0 0 0 0 0 0 0 0 0 0 0 0 0 0 0 0 0 0 0 0 0 0 0 0 0 0 0 0 0 0 0 0 0 0 0 0 0 0 0 0 0 0 0 0 0 0 0 0 0 0 0 0 0 0 0 0 0 0 0 0 0 0 0 0 0 0 0 0 0 0 0 0 0 0 0 0 0 0 0 0 0 0 0 0 0 0 0 0 0 0 0 0 0 0 0 0 0 0 0 0 0 0 0 0 0 0 0 0 0 0 0 0 0 0 0 0 0 0 0 0 0 0 0 0 0 0 0 0 0 0 0 0 0 0 0 0 0 0 0 0 0 0 0 0 0 0 0 0 0 0 0 0 0 0 0 0 0 0 0 0 0 0 0 0 0 0 0 0 0 0 0 0 0 0 0 0 0 0 0 0 0 0 0 0 0 0 0 0 0 0 0 0 0 0 0 0 0 0 0 0 0 0 0 0 0 0 0 0 0 0 0 0 0 0 0 0 0 0 ReportType 0 24 20 1 0 0 1 3 1 0 0 0 0 0 3 0 0 0 0 1 0 0 0 0 0 0 0 0 0 0 0 0 0 0 0 0 0 0 0 0 0 0 0 0 0 0 0 0 0 0 0 0 0 0 0 0 0 0 0 0 0 0 0 0 0 0 0 0 0 0 0 0 0 0 0 0 0 0 0 0 0 0 0 0 0 0 0 0 0 0 0 0 0 0 0 0 0 0 0 0 0 0 0 0 0 0 0 0 0 0 0 0 0 0 0 0 0 0 0 0 0 0 0 0 0 0 0 0 0 0 0 0 0 0 0 0 0 0 0 0 0 0 0 0 0 0 0 0 0 0 0 0 0 0 0 0 0 0 0 0 0 0 0 0 0 0 0 0 0 0 0 0 0 0 0 0 0 0 0 0 0 0 0 0 0 0 0 0 0 0 0 0 0 0 0 0 0 0 0 0 0 0 0 0 0 0 0 0 0 0 0 0 9 7 9 20 20 20 0 0 0 0 0 0 0 0 8 0 1}
