07-29 11:54:03.125  1521  1658 I HwBatteryService: handleWirelessTxStatus
07-29 11:54:03.125  1521  1658 I HwBatteryService: switch not open, return, mWirelessTxFlag : 0
07-29 11:54:03.126  1521  1658 I UsbDeviceManager: water_intrused state= 0
07-29 11:54:03.423   574   574 E WifiHAL : enter wifi_get_link_stats
07-29 11:54:03.557  1521 26742 I chatty  : uid=1000 system_server expire 1 line
07-29 11:54:05.224  1997  2173 D HwWifiStatStore: handleMessage : 200
07-29 11:54:06.446   574   574 E WifiHAL : enter wifi_get_link_stats
07-29 11:54:06.457  1521  1712 I chatty  : uid=1000(system) WifiStateMachin expire 12 lines
07-29 11:54:08.232  1997  2173 D HwWifiStatStore: handleMessage : 200
07-29 11:54:08.417  1521  1544 I ActivityManager: App 10153/com.datecountdown.kyleyang.datecountdown targets O+, restricted
07-29 11:54:08.430  1521  2243 V BroadcastQueue: Finished with ordered broadcast BroadcastRecord{2a2967a u0 com.kyle.yang.event.widget.UPDATE_ALL}
07-29 11:54:08.431  1521  2243 I ActivityManager: App 10153/com.datecountdown.kyleyang.datecountdown targets O+, restricted
07-29 11:54:08.436  1521  2243 V BroadcastQueue: Finished with ordered broadcast BroadcastRecord{56f6e2b u0 com.kyle.yang.event.widget.UPDATE_ALL}
07-29 11:54:09.466   574   574 E WifiHAL : enter wifi_get_link_stats
07-29 11:54:09.545  1997  1997 W Thread-3: type=1400 audit(0.0:118466): avc: denied { getattr } for path="/dev/chrKmsgPlat" dev="tmpfs" ino=21831 scontext=u:r:system_app:s0 tcontext=u:object_r:hi110x_dev:s0 tclass=chr_file permissive=0
07-29 11:54:09.552  1997  2182 E HwChrExceptionListener: read chrKmsgPlat Exception
07-29 11:54:09.552  1997  2182 D CommInfo: not support chipchr  chiptype:hisi sub_chiptype:hi1102
07-29 11:54:09.553  1997  2182 E HwCHRWifiFile: getDevFileResult throw FileNotFoundException
07-29 11:54:11.031   518   587 W SocketListener: sending broadcast to Pid = 1521, Uid = 1000 
07-29 11:54:11.034  1521  1705 D NetdConnector: RCV <- {613 IfaceClass idle 1 926453405094838}
07-29 11:54:11.036  1521  1705 D NetdConnector: RCV <- {613 IfaceClass idle 1 926453405094838}
07-29 11:54:11.038  1521  1548 D NetdConnector: RCV unsolicited event from native daemon, event = 613
07-29 11:54:11.240  1997  2173 D HwWifiStatStore: handleMessage : 200
07-29 11:54:11.574  1521 26743 I chatty  : uid=1000 system_server expire 1 line
07-29 11:54:12.487   574   574 E WifiHAL : enter wifi_get_link_stats
07-29 11:54:14.248  1997  2173 D HwWifiStatStore: handleMessage : 200
07-29 11:54:14.949  1521  1711 I chatty  : uid=1000(system) WifiService expire 20 lines
07-29 11:54:15.498   574   574 E WifiHAL : enter wifi_get_link_stats
07-29 11:54:17.257  1997  2173 D HwWifiStatStore: handleMessage : 200
07-29 11:54:18.520   574   574 E WifiHAL : enter wifi_get_link_stats
07-29 11:54:18.969 26744 26744 E JankService: child Thread receive to stop
07-29 11:54:19.070   736   926 E JankService: all data read ok
07-29 11:54:19.583  1521 26745 I chatty  : uid=1000 system_server expire 1 line
07-29 11:54:20.265  1997  2173 D HwWifiStatStore: handleMessage : 200
07-29 11:54:21.538   574   574 E WifiHAL : enter wifi_get_link_stats
07-29 11:54:21.552  1521  1712 I chatty  : uid=1000(system) WifiStateMachin expire 12 lines
07-29 11:54:22.116  1521  1901 W Watchdog: hungtask: writing kick
07-29 11:54:22.692 25054 25292 I SmartThreadExecutor: handleMessage: start check 0
07-29 11:54:22.693 25054 25292 I SmartThreadExecutor: handleMessage: check end 0 -672 false
07-29 11:54:23.273  1997  2173 D HwWifiStatStore: handleMessage : 200
07-29 11:54:24.561   574   574 E WifiHAL : enter wifi_get_link_stats
07-29 11:54:24.968  3726  3726 I LocationCollectRequestBroadcast:   CAWARENESS:  action = location_collect_time_broadcast_tag
07-29 11:54:24.976  3726  3769 D Event   : notifyOneFenceEventSuccess mNeedRegisterFenceCount : 1
07-29 11:54:24.983  3726  3768 E LocationRecordDao:   CAWARENESS: get last rawLocationRecord getMCellID == null 
07-29 11:54:24.983  3726  3768 I FLTAG_AFM: feature exist and loaded: com.huawei.featurelayer.sharedfeature.map
07-29 11:54:24.986  3726  3769 I FLTAG_FM: loadFeature class:com.huawei.featurelayer.sharedfeature.map.ILocationClient
07-29 11:54:24.989  3726  3769 I HwMapLocationAdapter:   CAWARENESS: startLocation
07-29 11:54:24.989  3726  3769 I FLTAG_FM: loadFeature class:com.huawei.featurelayer.sharedfeature.map.ILocationClientOption
07-29 11:54:24.994  3726 26747 D FLTAG_SC: bindService from Intent: Intent { cmp=com.huawei.hiai/com.amap.api.location.APSService (has extras) }
07-29 11:54:24.994  3726 26747 I FLTAG_FM: getRequireFeature it maybe not in a feature:com.amap.api.location.APSService
07-29 11:54:24.994  3726 26747 D FLTAG_SC: Feature package Name com.huawei.featurelayer.sharedfeature.map
07-29 11:54:24.994  3726 26747 D FLTAG_SC: Feature has been obtained: com.huawei.featurelayer.sharedfeature.map
07-29 11:54:24.995  3726 26747 I FLTAG_UF: resolveService cn=ComponentInfo{com.huawei.hiai/com.amap.api.location.APSService}
07-29 11:54:24.995  3726 26747 D FLTAG_SC: Feature package Name com.huawei.featurelayer.sharedfeature.map
07-29 11:54:24.995  3726 26747 D FLTAG_SC: obtainSubService host stubservice for : Intent { cmp=com.huawei.hiai/com.amap.api.location.APSService (has extras) }
07-29 11:54:24.995  3726 26747 D FLTAG_SC: startService from Intent: Intent { cmp=com.huawei.hiai/com.huawei.featurelayer.featureframework.StubService (has extras) }
07-29 11:54:24.995  3726 26747 I FLTAG_FM: getRequireFeature it maybe not in a feature:com.huawei.featurelayer.featureframework.StubService
07-29 11:54:24.995  3726 26747 D FLTAG_SC: Feature package Name null
07-29 11:54:24.995  3726 26747 D FLTAG_SC: Feature cannot been obtained
07-29 11:54:24.995  3726 26747 D FLTAG_SC: Cannot resolve service information : Intent { cmp=com.huawei.hiai/com.huawei.featurelayer.featureframework.StubService (has extras) }
07-29 11:54:25.002  3726 26747 D TelephonyManager: getCellLocation calling app is com.huawei.hiai
07-29 11:54:25.004  2056  8792 W PhoneInterfaceManager: shouldBlockLocation running ...
07-29 11:54:25.004  2056  8792 I PhoneInterfaceManager: shouldBlockLocation  ret:false
07-29 11:54:25.015  1521  2527 D WifiService: startScan, pid:3726, uid:10083, appName:com.huawei.hiai
07-29 11:54:25.016  3726 26747 W System.err: java.lang.SecurityException: WifiService: Neither user 10083 nor current process has android.permission.CHANGE_WIFI_STATE.
07-29 11:54:25.016  3726 26747 W System.err: 	at android.os.Parcel.createException(Parcel.java:1953)
07-29 11:54:25.016  3726 26747 W System.err: 	at android.os.Parcel.readException(Parcel.java:1921)
07-29 11:54:25.016  3726 26747 W System.err: 	at android.os.Parcel.readException(Parcel.java:1871)
07-29 11:54:25.016  3726 26747 W System.err: 	at android.net.wifi.IWifiManager$Stub$Proxy.startScan(IWifiManager.java:1251)
07-29 11:54:25.016  3726 26747 W System.err: 	at android.net.wifi.WifiManager.startScan(WifiManager.java:1665)
07-29 11:54:25.016  3726 26747 W System.err: 	at android.net.wifi.WifiManager.startScan(WifiManager.java:1656)
07-29 11:54:25.016  3726 26747 W System.err: 	at com.loc.cg.p(Unknown Source:68)
07-29 11:54:25.016  3726 26747 W System.err: 	at com.loc.cg.b(Unknown Source:161)
07-29 11:54:25.016  3726 26747 W System.err: 	at com.loc.bu.i(Unknown Source:40)
07-29 11:54:25.016  3726 26747 W System.err: 	at com.loc.d.b(Unknown Source:53)
07-29 11:54:25.016  3726 26747 W System.err: 	at com.loc.d.g(Unknown Source:12)
07-29 11:54:25.016  3726 26747 W System.err: 	at com.loc.d$a.handleMessage(Unknown Source:157)
07-29 11:54:25.016  3726 26747 W System.err: 	at android.os.Handler.dispatchMessage(Handler.java:109)
07-29 11:54:25.016  3726 26747 W System.err: 	at android.os.Looper.loop(Looper.java:207)
07-29 11:54:25.016  3726 26747 W System.err: 	at android.os.HandlerThread.run(HandlerThread.java:65)
07-29 11:54:25.016  3726 26747 W System.err: Caused by: android.os.RemoteException: Remote stack trace:
07-29 11:54:25.017  3726 26747 W System.err: 	at android.app.ContextImpl.enforce(ContextImpl.java:2042)
07-29 11:54:25.017  3726 26747 W System.err: 	at android.app.ContextImpl.enforceCallingOrSelfPermission(ContextImpl.java:2070)
07-29 11:54:25.017  3726 26747 W System.err: 	at com.android.server.wifi.WifiServiceImpl.enforceChangePermission(WifiServiceImpl.java:1133)
07-29 11:54:25.017  3726 26747 W System.err: 	at com.android.server.wifi.WifiServiceImpl.startScan(WifiServiceImpl.java:886)
07-29 11:54:25.017  3726 26747 W System.err: 	at android.net.wifi.IWifiManager$Stub.onTransact(IWifiManager.java:294)
07-29 11:54:25.025  3726 26747 D TelephonyManager: getCellLocation calling app is com.huawei.hiai
07-29 11:54:25.028  2056  8792 W PhoneInterfaceManager: shouldBlockLocation running ...
07-29 11:54:25.028  2056  8792 I PhoneInterfaceManager: shouldBlockLocation  ret:false
07-29 11:54:25.036  3726 26747 D TelephonyManager: getAllCellInfo calling app is com.huawei.hiai
07-29 11:54:25.038  2056  8792 W PhoneInterfaceManager: shouldBlockLocation running ...
07-29 11:54:25.039  2056  8792 I PhoneInterfaceManager: shouldBlockLocation  ret:false
07-29 11:54:25.068   518   587 W SocketListener: sending broadcast to Pid = 1521, Uid = 1000 
07-29 11:54:25.071  1521  1705 D NetdConnector: RCV <- {613 IfaceClass active 1 926467442028169 1051}
07-29 11:54:25.071  1521  1705 D NetdConnector: RCV <- {613 IfaceClass active 1 926467442028169 1051}
07-29 11:54:25.072  1521  1548 D NetdConnector: RCV unsolicited event from native daemon, event = 613
07-29 11:54:25.175  3726  3769 I HwMapLocationAdapter:   CAWARENESS: onLocationChanged SuccessCode is 0 LocationType is 5
07-29 11:54:25.177  1926  1951 I HwLBSService.HwGeoCodeCache: find cached result
07-29 11:54:25.183  3726  3769 D TelephonyManager: getAllCellInfo calling app is com.huawei.hiai
07-29 11:54:25.185  2056  2373 W PhoneInterfaceManager: shouldBlockLocation running ...
07-29 11:54:25.185  2056  2373 I PhoneInterfaceManager: shouldBlockLocation  ret:false
07-29 11:54:25.187  3726  3769 E NetworkUtils:   CAWARENESS: list is null
07-29 11:54:25.187  3726  3769 W LocationCollector:   CAWARENESS: CellInfo not get
07-29 11:54:25.188  3726  3769 I LocationCollector:   CAWARENESS: setRawLocationRecord() currentTime:2019-07-29 11:54:25
07-29 11:54:25.188  3726  3769 I LocationCollector:   CAWARENESS: notifyInsertRawLocationRecord() is sent
07-29 11:54:25.189  3726  3769 W PlaceRecognition:   CAWARENESS: setRawPositionState() location is null
07-29 11:54:25.202  3726  3768 I FLTAG_AFM: feature exist and loaded: com.huawei.featurelayer.sharedfeature.map
07-29 11:54:25.202  3726  3768 E LocationReport:   CAWARENESS: getDistance() gps == null get failed
07-29 11:54:25.202  3726  3768 E LocationReport:   CAWARENESS: getDistance() gps == null get failed
07-29 11:54:25.202  3726  3768 E LocationReport:   CAWARENESS: locationChanged() lastStatus = other  need't report 
07-29 11:54:25.304  1521  1864 I chatty  : uid=1000(system) Binder:1521_5 expire 1 line
07-29 11:54:25.305  1854  1854 D StatusBarIconController: setIconVisibility icon is null or visibility not change visibility=false
07-29 11:54:25.307  1854  1854 D StatusBarIconController: setIconVisibility icon is null or visibility not change visibility=false
07-29 11:54:25.951  1521  1864 V BroadcastQueue: Finished with ordered broadcast BroadcastRecord{974c207 u0 null}
07-29 11:54:25.958  1521  1864 V BroadcastQueue: Finished with ordered broadcast BroadcastRecord{2797ad2 u0 null}
07-29 11:54:26.282  1997  2173 D HwWifiStatStore: handleMessage : 200
07-29 11:54:26.309  1854  1854 D StatusBarIconController: setIconVisibility icon is null or visibility not change visibility=false
07-29 11:54:26.310  1854  1854 E ndroid.systemu: Invalid ID 0x00000000.
07-29 11:54:26.310  1854  1854 E HwNotchUtils: setIconForView iconId is not found
07-29 11:54:26.310  1854  1854 D StatusBarIconController: setIconVisibility icon is null or visibility not change visibility=false
07-29 11:54:26.311  1854  1854 E ndroid.systemu: Invalid ID 0x00000000.
07-29 11:54:26.311  1854  1854 E HwNotchUtils: setIconForView iconId is not found
07-29 11:54:26.311  1854  1854 D StatusBarIconController: setIconVisibility icon is null or visibility not change visibility=false
07-29 11:54:26.311  1854  1854 E ndroid.systemu: Invalid ID 0x00000000.
07-29 11:54:26.311  1854  1854 E HwNotchUtils: setIconForView iconId is not found
07-29 11:54:26.643   730   863 D SensorHub: Get acc data -0.148603, -0.002356, 9.793797
07-29 11:54:27.593  1521 26753 I chatty  : uid=1000 system_server expire 2 lines
07-29 11:54:27.593  1521  1711 I chatty  : uid=1000(system) WifiService expire 41 lines
07-29 11:54:27.593   574   574 E WifiHAL : enter wifi_get_link_stats
07-29 11:54:27.594  1521  1781 I chatty  : uid=1000(system) HuaweiWifiWatch expire 11 lines
07-29 11:54:29.291  1997  2173 D HwWifiStatStore: handleMessage : 200
07-29 11:54:29.316  1854  1854 D StatusBarIconController: setIconVisibility icon is null or visibility not change visibility=false
07-29 11:54:29.319  1854  1854 D StatusBarIconController: setIconVisibility icon is null or visibility not change visibility=false
07-29 11:54:30.203  1521  1864 I AlarmManager: remove alarm:Alarm{875caa0 type 0 when 1564372475097 PendingIntent{db53df5: PendingIntentRecord{9d6535d com.android.nineton.elfinapp broadcastIntent}}com.android.nineton.elfinapp} according to operation:19177a3
07-29 11:54:30.318  1854  1854 D StatusBarIconController: setIconVisibility icon is null or visibility not change visibility=false
07-29 11:54:30.320  1854  1854 D StatusBarIconController: setIconVisibility icon is null or visibility not change visibility=false
07-29 11:54:30.321  3726  3726 W amapLocManagerT: type=1400 audit(0.0:118467): avc: granted { create } for name="alsn20170807.db-wal" scontext=u:r:platform_app:s0:c512,c768 tcontext=u:object_r:sdcardfs:s0:c512,c768 tclass=file
07-29 11:54:30.325  3726  3726 W amapLocManagerT: type=1400 audit(0.0:118468): avc: granted { create } for name="alsn20170807.db-shm" scontext=u:r:platform_app:s0:c512,c768 tcontext=u:object_r:sdcardfs:s0:c512,c768 tclass=file
07-29 11:54:30.341  3726  3726 W amapLocManagerT: type=1400 audit(0.0:118469): avc: granted { create } for name="alsn20170807.db-wal" scontext=u:r:platform_app:s0:c512,c768 tcontext=u:object_r:sdcardfs:s0:c512,c768 tclass=file
07-29 11:54:30.341  3726  3726 W amapLocManagerT: type=1400 audit(0.0:118470): avc: granted { create } for name="alsn20170807.db-shm" scontext=u:r:platform_app:s0:c512,c768 tcontext=u:object_r:sdcardfs:s0:c512,c768 tclass=file
07-29 11:54:30.367  3726 26747 D FLTAG_SC: unbindService from Intent: Intent { cmp=com.huawei.hiai/com.amap.api.location.APSService (has extras) }
07-29 11:54:30.367  3726 26747 I FLTAG_FM: getRequireFeature it maybe not in a feature:com.amap.api.location.APSService
07-29 11:54:30.368  3726 26747 D FLTAG_SC: Feature package Name com.huawei.featurelayer.sharedfeature.map
07-29 11:54:30.368  3726 26747 D FLTAG_SC: Feature has been obtained: com.huawei.featurelayer.sharedfeature.map
07-29 11:54:30.368  3726 26747 I FLTAG_UF: resolveService cn=ComponentInfo{com.huawei.hiai/com.amap.api.location.APSService}
07-29 11:54:30.368  3726 26747 D FLTAG_SC: obtainSubService host stubservice for : Intent { cmp=com.huawei.hiai/com.amap.api.location.APSService (has extras) }
07-29 11:54:30.368  3726 26747 D FLTAG_SC: startService from Intent: Intent { cmp=com.huawei.hiai/com.huawei.featurelayer.featureframework.StubService (has extras) }
07-29 11:54:30.368  3726 26747 I FLTAG_FM: getRequireFeature it maybe not in a feature:com.huawei.featurelayer.featureframework.StubService
07-29 11:54:30.368  3726 26747 D FLTAG_SC: Feature package Name null
07-29 11:54:30.368  3726 26747 D FLTAG_SC: Feature cannot been obtained
07-29 11:54:30.368  3726 26747 D FLTAG_SC: Cannot resolve service information : Intent { cmp=com.huawei.hiai/com.huawei.featurelayer.featureframework.StubService (has extras) }
07-29 11:54:30.401   658   658 I aptouch_daemon: check_afe_status, afe[96 1 X1] [ctrl:X40020 ftr:X100] dif[21 -35] raw[35345 8361] [exp:X0 aN:0 lo:0]
07-29 11:54:30.475 13057 13127 D WorkerThreadMonitor: Kill MSF check result[ senderSize:0,sendInterval:151857,receiveInterval=1663,addCmdCount=991
07-29 11:54:30.603   574   574 E WifiHAL : enter wifi_get_link_stats
07-29 11:54:31.320  1854  1854 D StatusBarIconController: setIconVisibility icon is null or visibility not change visibility=false
07-29 11:54:31.323  1854  1854 D StatusBarIconController: setIconVisibility icon is null or visibility not change visibility=false
07-29 11:54:31.660  1521  1544 I ActivityManager: App 10153/com.datecountdown.kyleyang.datecountdown targets O+, restricted
07-29 11:54:31.670  1521  2527 V BroadcastQueue: Finished with ordered broadcast BroadcastRecord{5a43659 u0 com.kyle.yang.event.widget.UPDATE_ALL}
07-29 11:54:32.297  1997  2173 D HwWifiStatStore: handleMessage : 200
07-29 11:54:32.323  1854  1854 D StatusBarIconController: setIconVisibility icon is null or visibility not change visibility=false
07-29 11:54:32.325  1854  1854 D StatusBarIconController: setIconVisibility icon is null or visibility not change visibility=false
07-29 11:54:33.324  1854  1854 D StatusBarIconController: setIconVisibility icon is null or visibility not change visibility=false
07-29 11:54:33.325  1854  1854 E ndroid.systemu: Invalid ID 0x00000000.
07-29 11:54:33.325  1854  1854 E HwNotchUtils: setIconForView iconId is not found
07-29 11:54:33.325  1854  1854 D StatusBarIconController: setIconVisibility icon is null or visibility not change visibility=false
07-29 11:54:33.326  1854  1854 E ndroid.systemu: Invalid ID 0x00000000.
07-29 11:54:33.326  1854  1854 E HwNotchUtils: setIconForView iconId is not found
07-29 11:54:33.326  1854  1854 D StatusBarIconController: setIconVisibility icon is null or visibility not change visibility=false
07-29 11:54:33.326  1854  1854 E ndroid.systemu: Invalid ID 0x00000000.
07-29 11:54:33.327  1854  1854 E HwNotchUtils: setIconForView iconId is not found
07-29 11:54:33.622   574   574 E WifiHAL : enter wifi_get_link_stats
07-29 11:54:33.831  1521  1658 D HwBatteryService: onUEvent fcpStatus = 0,scpStatus =0,ovpStatus=0
07-29 11:54:33.833  1521  1658 I HwBatteryService: quick charge status : 0
07-29 11:54:33.833  1521  1658 I HwBatteryService: handleWirelessTxStatus
07-29 11:54:33.833  1521  1658 I HwBatteryService: switch not open, return, mWirelessTxFlag : 0
07-29 11:54:33.835  1521  1658 I UsbDeviceManager: water_intrused state= 0
07-29 11:54:34.666   720   750 I storaged: storaged_t::event: storage_info refreshed.
07-29 11:54:35.304  1997  2173 D HwWifiStatStore: handleMessage : 200
07-29 11:54:35.603  1521 26758 I chatty  : uid=1000 system_server expire 3 lines
07-29 11:54:35.706  1940  2076 I DeepNoDisturbP: handleStateChanged reason=8
07-29 11:54:35.706  1940  2076 I HidataAppQoeP: handleStateChanged reason=8
07-29 11:54:35.713  1940  2076 I BrowserChrP: handleStateChanged
07-29 11:54:36.643   574   574 E WifiHAL : enter wifi_get_link_stats
07-29 11:54:36.658  1521  1712 I chatty  : uid=1000(system) WifiStateMachin expire 11 lines
07-29 11:54:38.312  1997  2173 D HwWifiStatStore: handleMessage : 200
07-29 11:54:38.522  2037  2153 I DeviceStateService: no user activity duration:180009 timeout:-2147481649
07-29 11:54:38.528  2037  2153 W APwTrigger: block the screen timeout, no user activity duraion:180009
07-29 11:54:39.497  1521  1764 I chatty  : uid=1000(system) HwSelfCureEngin expire 3 lines
07-29 11:54:39.549  1997  1997 W Thread-3: type=1400 audit(0.0:118471): avc: denied { getattr } for path="/dev/chrKmsgPlat" dev="tmpfs" ino=21831 scontext=u:r:system_app:s0 tcontext=u:object_r:hi110x_dev:s0 tclass=chr_file permissive=0
07-29 11:54:39.554  1997  2182 E HwChrExceptionListener: read chrKmsgPlat Exception
07-29 11:54:39.554  1997  2182 D CommInfo: not support chipchr  chiptype:hisi sub_chiptype:hi1102
07-29 11:54:39.555  1997  2182 E HwCHRWifiFile: getDevFileResult throw FileNotFoundException
07-29 11:54:39.575  1997  9721 D NcDft_ServiceImpl: notifyNcDftEvent domain is : 1 ;eventID is: 1121 ;bundle is Bundle[mParcelledData.dataSize=84]
07-29 11:54:39.576  1997  2145 D HwWifiCHRStateManager: handleMessage : 1121
07-29 11:54:39.576  1997  2145 E HwCHRWifiRSSIGroupSummery: updatArpSummery mRSSI:-1  HwCHRWifiRSSIGroup [rssi_index=4, rtt_tcp_packets=0, rtt_tcp_duration=0, rtt_lan_duration=52155, rtt_lan_failures=28, rtt_lan_succ=4298, rtt_lan_max=947, rtt_lan_min=2,same_area_frequency=0,adjacent_area_frequency=0]
07-29 11:54:39.667   574   574 E WifiHAL : enter wifi_get_link_stats
07-29 11:54:39.668  1278  1337 I OAM     : [check_file_size:511]/data/vendor/log/wifi/wifi_log_1 log file beyond size=10240Byte, creat new file
07-29 11:54:39.669  1278  1337 I OAM     : [rename_old_file:216]rename_old_file
07-29 11:54:39.669  1278  1337 I OAM     : 
07-29 11:54:39.983  1521  1711 I chatty  : uid=1000(system) WifiService expire 26 lines
07-29 11:54:40.214   518   593 D         : Received kernel message payload: chr_event 9
07-29 11:54:40.214   518   593 I         : netd received web stat infomation,trigger chr report!
07-29 11:54:40.214   518   593 I         : netd received web stat infomation,trigger chr report!
07-29 11:54:40.214   518   593 I         : ReportType 0 0 0 0 0 0 0 0 0 0 0 0 0 0 0 0 0 0 0 0 0 0 0 0 0 0 0 0 0 0 0 0 0 0 0 0 0 0 0 0 0 0 0 0 0 0 0 0 0 0 0 0 0 0 0 0 0 0 0 0 0 0 0 0 0 0 0 0 0 0 0 0 0 0 0 0 0 0 0 0 0 0 0 0 0 0 0 0 0 0 0 0 0 0 0 0 0 0 0 0 0 0 0 0 0 0 0 0 0 0 0 0 0 0 0 0 0 0 0 0 0 0 0 0 0 0 0 0 0 0 0 0 0 0 0 0 0 0 0 0 0 0 0 0 0 0 0 0 0 0 0 0 0 0 0 0 0 0 0 0 0 0 0 0 0 0 0 0 0 0 0 0 0 0 0 0 0 0 0 0 0 0 0 0 0 0 0 0 0 0 0 0 0 0 0 0 0 0 0 0 0 0 0 0 0 0 0 0 0 0 0 0 0 0 0 0 0 0 0 0 0 0 0 0 0 0 0 0 0 ReportType 0 32 0 0 0 0 0 4 0 0 0 0 0 0 4 0 0 0 0 0 0 0 0 0 0 0 0 0 0 0 0 0 0 0 0 0 0 0 0 0 0 0 0 0 0 0 0 0 0 0 0 0 0 0 0 0 0 0 0 0 0 0 0 0 0 0 0 0 0 0 0 0 0 0 0 0 0 0 0 0 0 0 0 0 0 0 0 0 0 0 0 0 0 0 0 0 0 0 0 0 0 0 0 0 0 0 0 0 0 0 0 0 0 0 0 0 0 0 0 0 0 0 0 0 0 0 0 0 0 0 0 0 0 0 0 0 0 0 0 0 0 0 0 0 0 0 0 0 0 0 0 0 0 0 0 0 0 0 0 0 0 0 0 0 0 0 0 0 0 0 0 0 0 0 0 0 0 0 0 0 0 0 0 0 0 0 0 0 0 0 0 0 0 0 0 0 0 0 0 0 0 0 0 0 0 0 0 0 0 0 0 0 11 6 11 0 0 0 0 0 0 0 0 0 0 0 0 0 0
07-29 11:54:40.214   518   593 W SocketListener: sending broadcast to Pid = 1521, Uid = 1000 
07-29 11:54:40.219  1521  1705 D NetdConnector: RCV <- {661 ReportType 0 0 0 0 0 0 0 0 0 0 0 0 0 0 0 0 0 0 0 0 0 0 0 0 0 0 0 0 0 0 0 0 0 0 0 0 0 0 0 0 0 0 0 0 0 0 0 0 0 0 0 0 0 0 0 0 0 0 0 0 0 0 0 0 0 0 0 0 0 0 0 0 0 0 0 0 0 0 0 0 0 0 0 0 0 0 0 0 0 0 0 0 0 0 0 0 0 0 0 0 0 0 0 0 0 0 0 0 0 0 0 0 0 0 0 0 0 0 0 0 0 0 0 0 0 0 0 0 0 0 0 0 0 0 0 0 0 0 0 0 0 0 0 0 0 0 0 0 0 0 0 0 0 0 0 0 0 0 0 0 0 0 0 0 0 0 0 0 0 0 0 0 0 0 0 0 0 0 0 0 0 0 0 0 0 0 0 0 0 0 0 0 0 0 0 0 0 0 0 0 0 0 0 0 0 0 0 0 0 0 0 0 0 0 0 0 0 0 0 0 0 0 0 0 0 0 0 0 0 ReportType 0 32 0 0 0 0 0 4 0 0 0 0 0 0 4 0 0 0 0 0 0 0 0 0 0 0 0 0 0 0 0 0 0 0 0 0 0 0 0 0 0 0 0 0 0 0 0 0 0 0 0 0 0 0 0 0 0 0 0 0 0 0 0 0 0 0 0 0 0 0 0 0 0 0 0 0 0 0 0 0 0 0 0 0 0 0 0 0 0 0 0 0 0 0 0 0 0 0 0 0 0 0 0 0 0 0 0 0 0 0 0 0 0 0 0 0 0 0 0 0 0 0 0 0 0 0 0 0 0 0 0 0 0 0 0 0 0 0 0 0 0 0 0 0 0 0 0 0 0 0 0 0 0 0 0 0 0 0 0 0 0 0 0 0 0 0 0 0 0 0 0 0 0 0 0 0 0 0 0 0 0 0 0 0 0 0 0 0 0 0 0 0 0 0 0 0 0 0 0 0 0 0 0 0 0 0 0 0 0 0 0 0 11 6 11 0 0 0 0 0 0 0 0 0 0 0 0 0 0}
07-29 11:54:40.223  1521  1705 D NetdConnector: RCV <- {661 ReportType 0 0 0 0 0 0 0 0 0 0 0 0 0 0 0 0 0 0 0 0 0 0 0 0 0 0 0 0 0 0 0 0 0 0 0 0 0 0 0 0 0 0 0 0 0 0 0 0 0 0 0 0 0 0 0 0 0 0 0 0 0 0 0 0 0 0 0 0 0 0 0 0 0 0 0 0 0 0 0 0 0 0 0 0 0 0 0 0 0 0 0 0 0 0 0 0 0 0 0 0 0 0 0 0 0 0 0 0 0 0 0 0 0 0 0 0 0 0 0 0 0 0 0 0 0 0 0 0 0 0 0 0 0 0 0 0 0 0 0 0 0 0 0 0 0 0 0 0 0 0 0 0 0 0 0 0 0 0 0 0 0 0 0 0 0 0 0 0 0 0 0 0 0 0 0 0 0 0 0 0 0 0 0 0 0 0 0 0 0 0 0 0 0 0 0 0 0 0 0 0 0 0 0 0 0 0 0 0 0 0 0 0 0 0 0 0 0 0 0 0 0 0 0 0 0 0 0 0 0 ReportType 0 32 0 0 0 0 0 4 0 0 0 0 0 0 4 0 0 0 0 0 0 0 0 0 0 0 0 0 0 0 0 0 0 0 0 0 0 0 0 0 0 0 0 0 0 0 0 0 0 0 0 0 0 0 0 0 0 0 0 0 0 0 0 0 0 0 0 0 0 0 0 0 0 0 0 0 0 0 0 0 0 0 0 0 0 0 0 0 0 0 0 0 0 0 0 0 0 0 0 0 0 0 0 0 0 0 0 0 0 0 0 0 0 0 0 0 0 0 0 0 0 0 0 0 0 0 0 0 0 0 0 0 0 0 0 0 0 0 0 0 0 0 0 0 0 0 0 0 0 0 0 0 0 0 0 0 0 0 0 0 0 0 0 0 0 0 0 0 0 0 0 0 0 0 0 0 0 0 0 0 0 0 0 0 0 0 0 0 0 0 0 0 0 0 0 0 0 0 0 0 0 0 0 0 0 0 0 0 0 0 0 0 11 6 11 0 0 0 0 0 0 0 0 0 0 0 0 0 0}
07-29 11:54:40.226  1521  1548 D NetdConnector: RCV unsolicited event from native daemon, event = 661
07-29 11:54:40.241  1521  1548 D HwNetworkManagementService: onEvent receive Web Stat Report:661 ReportType 0 0 0 0 0 0 0 0 0 0 0 0 0 0 0 0 0 0 0 0 0 0 0 0 0 0 0 0 0 0 0 0 0 0 0 0 0 0 0 0 0 0 0 0 0 0 0 0 0 0 0 0 0 0 0 0 0 0 0 0 0 0 0 0 0 0 0 0 0 0 0 0 0 0 0 0 0 0 0 0 0 0 0 0 0 0 0 0 0 0 0 0 0 0 0 0 0 0 0 0 0 0 0 0 0 0 0 0 0 0 0 0 0 0 0 0 0 0 0 0 0 0 0 0 0 0 0 0 0 0 0 0 0 0 0 0 0 0 0 0 0 0 0 0 0 0 0 0 0 0 0 0 0 0 0 0 0 0 0 0 0 0 0 0 0 0 0 0 0 0 0 0 0 0 0 0 0 0 0 0 0 0 0 0 0 0 0 0 0 0 0 0 0 0 0 0 0 0 0 0 0 0 0 0 0 0 0 0 0 0 0 0 0 0 0 0 0 0 0 0 0 0 0 0 0 0 0 0 0 ReportType 0 32 0 0 0 0 0 4 0 0 0 0 0 0 4 0 0 0 0 0 0 0 0 0 0 0 0 0 0 0 0 0 0 0 0 0 0 0 0 0 0 0 0 0 0 0 0 0 0 0 0 0 0 0 0 0 0 0 0 0 0 0 0 0 0 0 0 0 0 0 0 0 0 0 0 0 0 0 0 0 0 0 0 0 0 0 0 0 0 0 0 0 0 0 0 0 0 0 0 0 0 0 0 0 0 0 0 0 0 0 0 0 0 0 0 0 0 0 0 0 0 0 0 0 0 0 0 0 0 0 0 0 0 0 0 0 0 0 0 0 0 0 0 0 0 0 0 0 0 0 0 0 0 0 0 0 0 0 0 0 0 0 0 0 0 0 0 0 0 0 0 0 0 0 0 0 0 0 0 0 0 0 0 0 0 0 0 0 0 0 0 0 0 0 0 0 0 0 0 0 0 0 0 0 0 0 0 0 0 0 0 0 11 6 11 0 0 0 0 0 0 0 0 0 0 0 0 0 0
07-29 11:54:41.320  1997  2173 D HwWifiStatStore: handleMessage : 200
07-29 11:54:41.716  1940  2076 I DeepNoDisturbP: handleStateChanged reason=8
07-29 11:54:41.716  1940  2076 I HidataAppQoeP: handleStateChanged reason=8
07-29 11:54:41.723  1940  2076 I BrowserChrP: handleStateChanged
07-29 11:54:41.724  1521  2243 D HwNetworkManagementService: setNetBoosterRsrpRsrq,rsrp=-200,rsrq=-77
07-29 11:54:41.726  1521  2243 D NetdConnector: SND -> {15396 hwnb appQoe rsrp -200 -77}
07-29 11:54:41.729  1521  1705 D NetdConnector: RCV <- {200 15396 appQoe rsrp cmd succeeded}
07-29 11:54:41.919  1521  1908 I chatty  : uid=1000(system) LocationThread expire 3 lines
07-29 11:54:42.438  2056  8792 E PhoneInterfaceManager: [PhoneIntfMgr] getIccId: ICC ID is null or empty.
07-29 11:54:42.681   574   574 E WifiHAL : enter wifi_get_link_stats
07-29 11:54:43.343  1854  1854 D StatusBarIconController: setIconVisibility icon is null or visibility not change visibility=false
07-29 11:54:43.345  1854  1854 D StatusBarIconController: setIconVisibility icon is null or visibility not change visibility=false
07-29 11:54:43.467   658   658 I aptouch_daemon: check_afe_status, idle out.
07-29 11:54:43.476   658   658 I aptouch_daemon: print_log, touch:1, down:1 (+0)		filter: 0
07-29 11:54:43.498   730   730 D SensorHub: -------------------------->SENSOR_TYPE_PROXIMITY data[0] = 0.000000
07-29 11:54:43.561   658   658 I aptouch_daemon: print_log, touch:0, down:0 	amend:(0, 17 116)
07-29 11:54:43.577   730   730 D SensorHub: -------------------------->SENSOR_TYPE_PROXIMITY data[0] = 0.000000
07-29 11:54:43.601  1521 26760 I chatty  : uid=1000 system_server expire 1 line
07-29 11:54:43.736   730   863 D SensorHub: -------------------------->SENSOR_TYPE_PROXIMITY data[0] = 5.000000
07-29 11:54:43.816   730   730 D SensorHub: -------------------------->SENSOR_TYPE_PROXIMITY data[0] = 5.000000
07-29 11:54:43.895   730   863 D SensorHub: -------------------------->SENSOR_TYPE_PROXIMITY data[0] = 5.000000
07-29 11:54:43.974   730   730 D SensorHub: -------------------------->SENSOR_TYPE_PROXIMITY data[0] = 5.000000
07-29 11:54:44.056   730   730 D SensorHub: -------------------------->SENSOR_TYPE_PROXIMITY data[0] = 5.000000
07-29 11:54:44.134   730   730 D SensorHub: -------------------------->SENSOR_TYPE_PROXIMITY data[0] = 5.000000
07-29 11:54:44.160   658   658 I aptouch_daemon: check_afe_status, idle in. 300
07-29 11:54:44.194 26762 26762 E JankService: child Thread receive to stop
07-29 11:54:44.213   730   730 D SensorHub: -------------------------->SENSOR_TYPE_PROXIMITY data[0] = 5.000000
07-29 11:54:44.217   658   658 I aptouch_daemon: check_afe_status, idle out.
07-29 11:54:44.293   730   730 D SensorHub: -------------------------->SENSOR_TYPE_PROXIMITY data[0] = 5.000000
07-29 11:54:44.309 25759 25759 W Thread-5: type=1400 audit(0.0:118472): avc: denied { search } for name="net" dev="sysfs" ino=37820 scontext=u:r:untrusted_app:s0:c136,c256,c512,c768 tcontext=u:object_r:sysfs_net:s0 tclass=dir permissive=0
07-29 11:54:44.309 25759 25759 W Thread-5: type=1400 audit(0.0:118473): avc: denied { search } for name="net" dev="sysfs" ino=37820 scontext=u:r:untrusted_app:s0:c136,c256,c512,c768 tcontext=u:object_r:sysfs_net:s0 tclass=dir permissive=0
07-29 11:54:44.325  1997  2173 D HwWifiStatStore: handleMessage : 200
07-29 11:54:44.333 25759 25789 W Settings: Setting adb_enabled has moved from android.provider.Settings.Secure to android.provider.Settings.Global.
07-29 11:54:44.333   736   926 E JankService: all data read ok
07-29 11:54:44.337 25759 25759 W Thread-5: type=1400 audit(0.0:118474): avc: denied { read } for name="version" dev="proc" ino=4026532104 scontext=u:r:untrusted_app:s0:c136,c256,c512,c768 tcontext=u:object_r:proc_version:s0 tclass=file permissive=0
07-29 11:54:44.344  1854  1854 D StatusBarIconController: setIconVisibility icon is null or visibility not change visibility=false
07-29 11:54:44.347  1854  1854 D StatusBarIconController: setIconVisibility icon is null or visibility not change visibility=false
07-29 11:54:44.392   658   658 I aptouch_daemon: check_afe_status, idle in. 300
07-29 11:54:44.585   658   658 I aptouch_daemon: check_afe_status, idle out.
07-29 11:54:44.689   730   730 D SensorHub: -------------------------->SENSOR_TYPE_PROXIMITY data[0] = 0.000000
07-29 11:54:44.848   730   730 D SensorHub: -------------------------->SENSOR_TYPE_PROXIMITY data[0] = 0.000000
07-29 11:54:44.928   730   730 D SensorHub: -------------------------->SENSOR_TYPE_PROXIMITY data[0] = 5.000000
07-29 11:54:45.007   730   863 D SensorHub: -------------------------->SENSOR_TYPE_PROXIMITY data[0] = 5.000000
07-29 11:54:45.324   730   863 D SensorHub: -------------------------->SENSOR_TYPE_PROXIMITY data[0] = 5.000000
07-29 11:54:45.327   658   658 I aptouch_daemon: check_afe_status, idle in. 300
07-29 11:54:45.345  1854  1854 D StatusBarIconController: setIconVisibility icon is null or visibility not change visibility=false
07-29 11:54:45.347  1854  1854 D StatusBarIconController: setIconVisibility icon is null or visibility not change visibility=false
07-29 11:54:45.404   730   863 D SensorHub: -------------------------->SENSOR_TYPE_PROXIMITY data[0] = 5.000000
07-29 11:54:45.483   730   863 D SensorHub: -------------------------->SENSOR_TYPE_PROXIMITY data[0] = 5.000000
07-29 11:54:45.698   574   574 E WifiHAL : enter wifi_get_link_stats
07-29 11:54:46.347  1854  1854 D StatusBarIconController: setIconVisibility icon is null or visibility not change visibility=false
07-29 11:54:46.349  1854  1854 D StatusBarIconController: setIconVisibility icon is null or visibility not change visibility=false
07-29 11:54:47.332  1997  2173 D HwWifiStatStore: handleMessage : 200
07-29 11:54:41.732  1521  1705 D NetdConnector: RCV <- {200 15396 appQoe rsrp cmd succeeded}
07-29 11:54:47.722  1940  2076 I DeepNoDisturbP: handleStateChanged reason=8
07-29 11:54:47.723  1940  2076 I HidataAppQoeP: handleStateChanged reason=8
07-29 11:54:47.731  1940  2076 I BrowserChrP: handleStateChanged
07-29 11:54:48.157  1521  1553 I HwNormalizedSpline: NewCurveMode eye mode=EyeProtectionMode
07-29 11:54:48.352  1854  1854 D StatusBarIconController: setIconVisibility icon is null or visibility not change visibility=false
07-29 11:54:48.353  1854  1854 E ndroid.systemu: Invalid ID 0x00000000.
07-29 11:54:48.353  1854  1854 E HwNotchUtils: setIconForView iconId is not found
07-29 11:54:48.354  1854  1854 D StatusBarIconController: setIconVisibility icon is null or visibility not change visibility=false
07-29 11:54:48.354  1854  1854 E ndroid.systemu: Invalid ID 0x00000000.
07-29 11:54:48.354  1854  1854 E HwNotchUtils: setIconForView iconId is not found
07-29 11:54:48.354  1854  1854 D StatusBarIconController: setIconVisibility icon is null or visibility not change visibility=false
07-29 11:54:48.354  1854  1854 E ndroid.systemu: Invalid ID 0x00000000.
07-29 11:54:48.355  1854  1854 E HwNotchUtils: setIconForView iconId is not found
07-29 11:54:48.714   574   574 E WifiHAL : enter wifi_get_link_stats
07-29 11:54:50.340  1997  2173 D HwWifiStatStore: handleMessage : 200
07-29 11:54:50.357  1854  1854 D StatusBarIconController: setIconVisibility icon is null or visibility not change visibility=false
07-29 11:54:50.359  1854  1854 I chatty  : uid=10025(com.huawei.HwMultiScreenShot) com.android.systemui identical 14 lines
07-29 11:54:50.360  1854  1854 D StatusBarIconController: setIconVisibility icon is null or visibility not change visibility=false
07-29 11:54:50.915  3316  3316 I PushLog3510: [main-1]action is com.huawei.push.alarm.HEARTBEAT(android/:313)
07-29 11:54:50.919  3316  3316 I PushLog3510: [main-1]dispatchIntent over(android/:216)
07-29 11:54:50.920  3316  3334 I PushLog3510: [ReceiverDispatcher-133]com.huawei.push.alarm.HEARTBEAT alarm trigger, expectTriggerTime:0, current trigger time:1564372490920(android/:82)
07-29 11:54:50.920  1521  9382 V BroadcastQueue: Finished with ordered broadcast BroadcastRecord{339eaff u0 com.huawei.push.alarm.HEARTBEAT}
07-29 11:54:50.920  3316  3334 I PushLog3510: [ReceiverDispatcher-133]heartbeatArrive(android/:140)
07-29 11:54:50.922  3316  3334 I PushLog3510: [ReceiverDispatcher-133]heartbeatArrive, send heart beat(android/:147)
07-29 11:54:50.926  3316  3334 I PushLog3510: [ReceiverDispatcher-133]not support bastet in wifi(android/:95)
07-29 11:54:50.931  3316  3334 I PushLog3510: [ReceiverDispatcher-133] get charing true(android/:860)
07-29 11:54:50.932  3316  3334 I PushLog3510: [ReceiverDispatcher-133]set HEARTBEAT_RSP_TIMEOUT Alarm(android/:360)
07-29 11:54:50.932  3316  3334 I PushLog3510: [ReceiverDispatcher-133]enter AlarmTools:setExactAlarm(intent:Intent { act=com.huawei.android.push.intent.HEARTBEAT_RSP_TIMEOUT pkg=android } interval:10000ms(android/:24)
07-29 11:54:50.933  3316  3334 I PushLog3510: [ReceiverDispatcher-133]setExactAlarm expectTriggerTime:1564372500933(android/:27)
07-29 11:54:50.936  3316  3334 I PushLog3510: [ReceiverDispatcher-133]next Heartbeat timeout for push server is:5.0(android/:370)
07-29 11:54:50.937  3316  3334 I PushLog3510: [ReceiverDispatcher-133]process cmdid to send to pushSrv:46, subCmdId:FF(android/:117)
07-29 11:54:50.938  3316  3334 I PushLog3510: [ReceiverDispatcher-133]send msg to remote srv success(android/:121)
07-29 11:54:50.990  1521  1711 I chatty  : uid=1000(system) WifiService expire 30 lines
07-29 11:54:51.216  3316 13438 I PushLog3510: [SocketRead_08:48:10-1911]enter cancelAlarm(Action=com.huawei.android.push.intent.RESPONSE_FAIL(android/:127)
07-29 11:54:51.220  3316 13438 I PushLog3510: [SocketRead_08:48:10-1911]process cmdid to receive from pushSrv:47, subCmdId:FF(android/:285)
07-29 11:54:51.220  3316 13438 I PushLog3510: [SocketRead_08:48:10-1911]enter cancelAlarm(Action=com.huawei.android.push.intent.HEARTBEAT_RSP_TIMEOUT(android/:127)
07-29 11:54:51.223  1521  9382 I AlarmManager: remove alarm:Alarm{158df15 type 0 when 1564372500933 PendingIntent{57cf0cc: PendingIntentRecord{10abeff android broadcastIntent}}android} according to operation:60d922a
07-29 11:54:51.234  3316 13438 I PushLog3510: [SocketRead_08:48:10-1911]enter adjustHeartBeat:(findHeartBeat:true,isHearBeatTimeReq:true,RspTimeOut:false,beatInterval:300000,bestHBSuccessCount:0,range:[180000,300000])(android/:116)
07-29 11:54:51.234  3316 13438 I PushLog3510: [SocketRead_08:48:10-1911]judgeFindBestHB and isBestHBTimeOut: falseisOffset: false(android/:166)
07-29 11:54:51.237  3316 13438 I PushLog3510: [SocketRead_08:48:10-1911]after delayHeartBeatReq, nextHeartBeatTime, will be [300000,300000] ms later(android/:505)
07-29 11:54:51.237  3316 13438 I PushLog3510: [SocketRead_08:48:10-1911]enter AlarmTools:setExactWindowAlarm(intent:Intent { act=com.huawei.push.alarm.HEARTBEAT pkg=android (has extras) },interval:300000ms,window:0(android/:46)
07-29 11:54:51.243  3316 13438 I PushLog3510: [SocketRead_08:48:10-1911]dispatchIntent over(android/:216)
07-29 11:54:51.244  3316  3334 I PushLog3510: [ReceiverDispatcher-133]com.huawei.android.push.intent.MSG_RECEIVED alarm trigger, expectTriggerTime:0, current trigger time:1564372491244(android/:82)
07-29 11:54:51.244  3316  3334 I PushLog3510: [ReceiverDispatcher-133]process push message cmdid from pushSrv:47, subCmdId:FF(android/:352)
07-29 11:54:51.251  3316  3334 I PushLog3510: [ReceiverDispatcher-133]enter AlarmTools:setInexactAlarm(intent:Intent { act=com.huawei.action.push.intent.CHECK_CHANNEL_CYCLE pkg=android } interval:1200000ms(android/:90)
07-29 11:54:51.253  1521  1991 I AlarmManager: remove alarm:Alarm{bee4db8 type 1 when 1564373390902 PendingIntent{8d1fd4f: PendingIntentRecord{c424826 android broadcastIntent}}android} according to operation:4755791
07-29 11:54:51.263  3316  3324 W System  : A resource failed to call end. 
07-29 11:54:51.359  1854  1854 D StatusBarIconController: setIconVisibility icon is null or visibility not change visibility=false
07-29 11:54:51.362  1854  1854 D StatusBarIconController: setIconVisibility icon is null or visibility not change visibility=false
07-29 11:54:51.601  1521  1712 I chatty  : uid=1000(system) WifiStateMachin expire 8 lines
07-29 11:54:51.608  1521 26765 I chatty  : uid=1000 system_server expire 3 lines
07-29 11:54:51.608  1521  1781 I chatty  : uid=1000(system) HuaweiWifiWatch expire 9 lines
07-29 11:54:51.733   574   574 E WifiHAL : enter wifi_get_link_stats
07-29 11:54:52.118  1521  1901 W Watchdog: hungtask: writing kick
07-29 11:54:52.793 25054 25292 I SmartThreadExecutor: handleMessage: start check 0
07-29 11:54:52.794 25054 25292 I SmartThreadExecutor: handleMessage: check end 0 -673 false
07-29 11:54:53.349  1997  2173 D HwWifiStatStore: handleMessage : 200
07-29 11:54:53.364  1854  1854 D StatusBarIconController: setIconVisibility icon is null or visibility not change visibility=false
07-29 11:54:53.367  1854  1854 D StatusBarIconController: setIconVisibility icon is null or visibility not change visibility=false
07-29 11:54:54.742   574   574 E WifiHAL : enter wifi_get_link_stats
07-29 11:54:54.891  1521  1991 D WifiService: startScan, pid:11122, uid:10153, appName:com.datecountdown.kyleyang.datecountdown
07-29 11:54:54.894 11122 26771 D TelephonyManager: getAllCellInfo calling app is com.datecountdown.kyleyang.datecountdown
07-29 11:54:54.898  2056  2373 W System.err: java.lang.SecurityException: canAccessCellLocation: uid 10153 does not have android.permission.ACCESS_COARSE_LOCATION.
07-29 11:54:54.898  2056  2373 W System.err: 	at android.app.ContextImpl.enforce(ContextImpl.java:2042)
07-29 11:54:54.898  2056  2373 W System.err: 	at android.app.ContextImpl.enforcePermission(ContextImpl.java:2051)
07-29 11:54:54.898  2056  2373 W System.err: 	at android.content.ContextWrapper.enforcePermission(ContextWrapper.java:765)
07-29 11:54:54.898  2056  2373 W System.err: 	at android.content.ContextWrapper.enforcePermission(ContextWrapper.java:765)
07-29 11:54:54.898  2056  2373 W System.err: 	at android.telephony.LocationAccessPolicy.canAccessCellLocation(LocationAccessPolicy.java:71)
07-29 11:54:54.898  2056  2373 W System.err: 	at com.android.phone.PhoneInterfaceManager.getAllCellInfoUsingSubId(PhoneInterfaceManager.java:2331)
07-29 11:54:54.899  2056  2373 W System.err: 	at com.android.phone.PhoneInterfaceManager.getAllCellInfo(PhoneInterfaceManager.java:2325)
07-29 11:54:54.899  2056  2373 W System.err: 	at com.android.internal.telephony.ITelephony$Stub.onTransact(ITelephony.java:936)
07-29 11:54:54.899  2056  2373 W System.err: 	at android.os.Binder.execTransact(Binder.java:739)
07-29 11:54:54.901 11122 26771 D TelephonyManager: getCellLocation calling app is com.datecountdown.kyleyang.datecountdown
07-29 11:54:54.904  2056  2373 W System.err: java.lang.SecurityException: canAccessCellLocation: uid 10153 does not have android.permission.ACCESS_COARSE_LOCATION.
07-29 11:54:54.904  2056  2373 W System.err: 	at android.app.ContextImpl.enforce(ContextImpl.java:2042)
07-29 11:54:54.904  2056  2373 W System.err: 	at android.app.ContextImpl.enforcePermission(ContextImpl.java:2051)
07-29 11:54:54.904  2056  2373 W System.err: 	at android.content.ContextWrapper.enforcePermission(ContextWrapper.java:765)
07-29 11:54:54.905  2056  2373 W System.err: 	at android.content.ContextWrapper.enforcePermission(ContextWrapper.java:765)
07-29 11:54:54.905  2056  2373 W System.err: 	at android.telephony.LocationAccessPolicy.canAccessCellLocation(LocationAccessPolicy.java:71)
07-29 11:54:54.905  2056  2373 W System.err: 	at com.android.phone.PhoneInterfaceManager.getCellLocationForSubscriber(PhoneInterfaceManager.java:2163)
07-29 11:54:54.905  2056  2373 W System.err: 	at com.android.phone.PhoneInterfaceManager.getCellLocation(PhoneInterfaceManager.java:2157)
07-29 11:54:54.905  2056  2373 W System.err: 	at com.android.internal.telephony.ITelephony$Stub.onTransact(ITelephony.java:465)
07-29 11:54:54.905  2056  2373 W System.err: 	at android.os.Binder.execTransact(Binder.java:739)
07-29 11:54:54.920 11122 26771 D TelephonyManager: getAllCellInfo calling app is com.datecountdown.kyleyang.datecountdown
07-29 11:54:54.922  2056  2373 W System.err: java.lang.SecurityException: canAccessCellLocation: uid 10153 does not have android.permission.ACCESS_COARSE_LOCATION.
07-29 11:54:54.922  2056  2373 W System.err: 	at android.app.ContextImpl.enforce(ContextImpl.java:2042)
07-29 11:54:54.922  2056  2373 W System.err: 	at android.app.ContextImpl.enforcePermission(ContextImpl.java:2051)
07-29 11:54:54.922  2056  2373 W System.err: 	at android.content.ContextWrapper.enforcePermission(ContextWrapper.java:765)
07-29 11:54:54.922  2056  2373 W System.err: 	at android.content.ContextWrapper.enforcePermission(ContextWrapper.java:765)
07-29 11:54:54.922  2056  2373 W System.err: 	at android.telephony.LocationAccessPolicy.canAccessCellLocation(LocationAccessPolicy.java:71)
07-29 11:54:54.922  2056  2373 W System.err: 	at com.android.phone.PhoneInterfaceManager.getAllCellInfoUsingSubId(PhoneInterfaceManager.java:2331)
07-29 11:54:54.922  2056  2373 W System.err: 	at com.android.phone.PhoneInterfaceManager.getAllCellInfo(PhoneInterfaceManager.java:2325)
07-29 11:54:54.922  2056  2373 W System.err: 	at com.android.internal.telephony.ITelephony$Stub.onTransact(ITelephony.java:936)
07-29 11:54:54.922  2056  2373 W System.err: 	at android.os.Binder.execTransact(Binder.java:739)
07-29 11:54:54.924  1521  1991 I chatty  : uid=1000(system) Binder:1521_7 identical 1 line
07-29 11:54:54.928  1521  1991 D WifiService: startScan, pid:11122, uid:10153, appName:com.datecountdown.kyleyang.datecountdown
07-29 11:54:55.370  1854  1854 D StatusBarIconController: setIconVisibility icon is null or visibility not change visibility=false
07-29 11:54:55.372  1854  1854 D StatusBarIconController: setIconVisibility icon is null or visibility not change visibility=false
07-29 11:54:55.485   721   721 E Thermal-daemon: [ap] temp_new :36  temp_old :35
07-29 11:54:55.486  2037  2331 I ThermalService: Receive temperature change, type: 0, temp: 36 from thermald
07-29 11:54:55.486   721   721 E Thermal-daemon: Report temperature: [ap] temp :36  report_threshold:1
07-29 11:54:56.243   730   730 D SensorHub: Get acc data -0.127065, 0.000038, 9.815336
07-29 11:54:56.357  1997  2173 D HwWifiStatStore: handleMessage : 200
07-29 11:54:57.760   574   574 E WifiHAL : enter wifi_get_link_stats
07-29 11:54:57.895  1521  1991 I chatty  : uid=1000(system) Binder:1521_7 expire 1 line
07-29 11:54:57.931  2017  2637 I HwNaturalBase: [ServiceGuarder]: 35092Kb ram is used.
07-29 11:54:58.737  1521  1521 I chatty  : uid=1000 system_server expire 2 lines
07-29 11:54:58.737  1940  2076 I DeepNoDisturbP: handleStateChanged reason=8
07-29 11:54:58.737  1940  1940 I chatty  : uid=1000(system) com.huawei.systemserver expire 10 lines
07-29 11:54:58.737  1940  2076 I HidataAppQoeP: handleStateChanged reason=8
07-29 11:54:58.746  1940  2076 I BrowserChrP: handleStateChanged
07-29 11:54:59.364  1997  2173 D HwWifiStatStore: handleMessage : 200
07-29 11:54:59.377  1854  1854 D StatusBarIconController: setIconVisibility icon is null or visibility not change visibility=false
07-29 11:54:59.380  1854  1854 D StatusBarIconController: setIconVisibility icon is null or visibility not change visibility=false
07-29 11:54:59.623  1521 26775 I chatty  : uid=1000 system_server expire 2 lines
07-29 11:54:59.631  1521  4192 I chatty  : uid=1000(system) MobileQosDetect expire 1 line
07-29 11:55:00.007  1521  1711 I chatty  : uid=1000(system) WifiService expire 3 lines
07-29 11:55:00.010  1521  1521 V AlarmManager: Received TIME_TICK alarm; rescheduling
07-29 11:55:00.010  1521  1521 I HwAlarmManagerService: hwSetAlarm listenerTag: time_tick
07-29 11:55:00.047  1854  1854 E DateView: DateView,mCurrentTime: 1564372500047
07-29 11:55:00.052  1854  1854 I EventCenter: EventCenter Get :android.intent.action.TIME_TICK
07-29 11:55:00.052  1854  1854 W ClockView1:  action android.intent.action.TIME_TICK
07-29 11:55:00.052  1854  1854 W ClockView1:  action android.intent.action.TIME_TICK
07-29 11:55:00.102  1854  1854 E ndroid.systemu: No package ID ff found for ID 0xffffffff.
07-29 11:55:00.103  1854  1854 I LocalCalendar: CalendarId: 0001LocalCalender On
07-29 11:55:00.106  1854  1854 E ndroid.systemu: No package ID ff found for ID 0xffffffff.
07-29 11:55:00.107  1854  1854 I LocalCalendar: CalendarId: 0001LocalCalender On
07-29 11:55:00.111  1854  1854 D KeyguardUpdateMonitor: received broadcast android.intent.action.TIME_TICK
07-29 11:55:00.114  1854  1854 D KeyguardUpdateMonitor: handleTimeUpdate
07-29 11:55:00.114  2074  2074 I HwLauncher: Model  onReceive intent=Intent { act=android.intent.action.TIME_TICK flg=0x50200014 hwFlg=0x900 (has extras) }
07-29 11:55:00.114  2074  2074 I HwLauncher: Model  onReceive user=UserHandle{0}
07-29 11:55:00.114  1854  2114 I KeyguardStatusView: Runnable for refresh
07-29 11:55:00.120  2074  2178 E HwLauncher: SettingsEx , no such field.
07-29 11:55:00.120  2074  2178 W HwLauncher: Clock getDataFormat the getSystemString failed.
07-29 11:55:00.153  1854  1854 D DateTimeView: Change to single clock mode!
07-29 11:55:00.154  1854  1854 I ColorPickUitls: type = 2
07-29 11:55:00.155  1854  1854 D DateTimeView: Change to single clock mode!
07-29 11:55:00.156  1854  1854 I ColorPickUitls: type = 2
07-29 11:55:00.258  1521  1991 V BroadcastQueue: Finished with ordered broadcast BroadcastRecord{f6c94e8 u-1 android.intent.action.TIME_TICK}
07-29 11:55:00.378  1854  1854 D StatusBarIconController: setIconVisibility icon is null or visibility not change visibility=false
07-29 11:55:00.379  1854  1854 D StatusBarIconController: setIconVisibility icon is null or visibility not change visibility=false
07-29 11:55:00.777   574   574 E WifiHAL : enter wifi_get_link_stats
07-29 11:55:00.785  1521  1712 I chatty  : uid=1000(system) WifiStateMachin expire 2 lines
07-29 11:55:01.801  1521  1713 I chatty  : uid=1000(system) HwNcChrServiceI expire 1 line
07-29 11:55:02.011  1521  1711 I chatty  : uid=1000(system) WifiService expire 3 lines
07-29 11:55:02.372  1997  2173 D HwWifiStatStore: handleMessage : 200
07-29 11:55:02.382  1854  1854 D StatusBarIconController: setIconVisibility icon is null or visibility not change visibility=false
07-29 11:55:02.383  1854  1854 E ndroid.systemu: Invalid ID 0x00000000.
07-29 11:55:02.383  1854  1854 E HwNotchUtils: setIconForView iconId is not found
07-29 11:55:02.383  1854  1854 D StatusBarIconController: setIconVisibility icon is null or visibility not change visibility=false
07-29 11:55:02.383  1854  1854 E ndroid.systemu: Invalid ID 0x00000000.
07-29 11:55:02.383  1854  1854 E HwNotchUtils: setIconForView iconId is not found
07-29 11:55:02.384  1854  1854 D StatusBarIconController: setIconVisibility icon is null or visibility not change visibility=false
07-29 11:55:02.384  1854  1854 E ndroid.systemu: Invalid ID 0x00000000.
07-29 11:55:02.384  1854  1854 E HwNotchUtils: setIconForView iconId is not found
07-29 11:55:02.938  1521  1991 D WifiService: startScan, pid:11122, uid:10153, appName:com.datecountdown.kyleyang.datecountdown
07-29 11:55:02.938  1521  1991 I chatty  : uid=1000(system) Binder:1521_7 expire 8 lines
07-29 11:55:03.006  1521  1711 I chatty  : uid=1000(system) WifiService expire 6 lines
07-29 11:55:03.384  1854  1854 D StatusBarIconController: setIconVisibility icon is null or visibility not change visibility=false
07-29 11:55:03.384  1854  1854 D StatusBarIconController: setIconVisibility icon is null or visibility not change visibility=false
07-29 11:55:03.793   574   574 E WifiHAL : enter wifi_get_link_stats
07-29 11:55:03.806  1521  1712 I chatty  : uid=1000(system) WifiStateMachin expire 2 lines
07-29 11:55:04.387  1854  1854 D StatusBarIconController: setIconVisibility icon is null or visibility not change visibility=false
07-29 11:55:04.390  1854  1854 D StatusBarIconController: setIconVisibility icon is null or visibility not change visibility=false
07-29 11:55:04.550  1521  1658 D HwBatteryService: onUEvent fcpStatus = 0,scpStatus =0,ovpStatus=0
07-29 11:55:04.552  1521  1658 I HwBatteryService: quick charge status : 0
07-29 11:55:04.552  1521  1658 I HwBatteryService: handleWirelessTxStatus
07-29 11:55:04.552  1521  1658 I HwBatteryService: switch not open, return, mWirelessTxFlag : 0
07-29 11:55:04.555  1521  1658 I UsbDeviceManager: water_intrused state= 0
